Component: ARM Compiler 5.06 update 7 (build 960) Tool: armlink [4d3601]

==============================================================================

Section Cross References

    main.o(i.main) refers to misc.o(i.NVIC_PriorityGroupConfig) for NVIC_PriorityGroupConfig
    main.o(i.main) refers to judge.o(i.Judge_Init) for Judge_Init
    main.o(i.main) refers to mycan.o(i.MyCAN_Init) for MyCAN_Init
    main.o(i.main) refers to rm_client_ui.o(i.UI_Init) for UI_Init
    main.o(i.main) refers to task_control.o(i.Task_Init) for Task_Init
    system_stm32f4xx.o(i.SystemCoreClockUpdate) refers to system_stm32f4xx.o(.data) for SystemCoreClock
    system_stm32f4xx.o(i.SystemInit) refers to system_stm32f4xx.o(i.SetSysClock) for SetSysClock
    stm32f4xx_adc.o(i.ADC_DeInit) refers to stm32f4xx_rcc.o(i.RCC_APB2PeriphResetCmd) for RCC_APB2PeriphResetCmd
    stm32f4xx_can.o(i.CAN_DeInit) refers to stm32f4xx_rcc.o(i.RCC_APB1PeriphResetCmd) for RCC_APB1PeriphResetCmd
    stm32f4xx_can.o(i.CAN_GetITStatus) refers to stm32f4xx_can.o(i.CheckITStatus) for CheckITStatus
    stm32f4xx_dac.o(i.DAC_DeInit) refers to stm32f4xx_rcc.o(i.RCC_APB1PeriphResetCmd) for RCC_APB1PeriphResetCmd
    stm32f4xx_flash.o(i.FLASH_EraseAllBank1Sectors) refers to stm32f4xx_flash.o(i.FLASH_WaitForLastOperation) for FLASH_WaitForLastOperation
    stm32f4xx_flash.o(i.FLASH_EraseAllBank2Sectors) refers to stm32f4xx_flash.o(i.FLASH_WaitForLastOperation) for FLASH_WaitForLastOperation
    stm32f4xx_flash.o(i.FLASH_EraseAllSectors) refers to stm32f4xx_flash.o(i.FLASH_WaitForLastOperation) for FLASH_WaitForLastOperation
    stm32f4xx_flash.o(i.FLASH_EraseSector) refers to stm32f4xx_flash.o(i.FLASH_WaitForLastOperation) for FLASH_WaitForLastOperation
    stm32f4xx_flash.o(i.FLASH_OB_Launch) refers to stm32f4xx_flash.o(i.FLASH_WaitForLastOperation) for FLASH_WaitForLastOperation
    stm32f4xx_flash.o(i.FLASH_OB_PCROP1Config) refers to stm32f4xx_flash.o(i.FLASH_WaitForLastOperation) for FLASH_WaitForLastOperation
    stm32f4xx_flash.o(i.FLASH_OB_PCROPConfig) refers to stm32f4xx_flash.o(i.FLASH_WaitForLastOperation) for FLASH_WaitForLastOperation
    stm32f4xx_flash.o(i.FLASH_OB_RDPConfig) refers to stm32f4xx_flash.o(i.FLASH_WaitForLastOperation) for FLASH_WaitForLastOperation
    stm32f4xx_flash.o(i.FLASH_OB_UserConfig) refers to stm32f4xx_flash.o(i.FLASH_WaitForLastOperation) for FLASH_WaitForLastOperation
    stm32f4xx_flash.o(i.FLASH_OB_WRP1Config) refers to stm32f4xx_flash.o(i.FLASH_WaitForLastOperation) for FLASH_WaitForLastOperation
    stm32f4xx_flash.o(i.FLASH_OB_WRPConfig) refers to stm32f4xx_flash.o(i.FLASH_WaitForLastOperation) for FLASH_WaitForLastOperation
    stm32f4xx_flash.o(i.FLASH_ProgramByte) refers to stm32f4xx_flash.o(i.FLASH_WaitForLastOperation) for FLASH_WaitForLastOperation
    stm32f4xx_flash.o(i.FLASH_ProgramDoubleWord) refers to stm32f4xx_flash.o(i.FLASH_WaitForLastOperation) for FLASH_WaitForLastOperation
    stm32f4xx_flash.o(i.FLASH_ProgramHalfWord) refers to stm32f4xx_flash.o(i.FLASH_WaitForLastOperation) for FLASH_WaitForLastOperation
    stm32f4xx_flash.o(i.FLASH_ProgramWord) refers to stm32f4xx_flash.o(i.FLASH_WaitForLastOperation) for FLASH_WaitForLastOperation
    stm32f4xx_flash.o(i.FLASH_WaitForLastOperation) refers to stm32f4xx_flash.o(i.FLASH_GetStatus) for FLASH_GetStatus
    stm32f4xx_gpio.o(i.GPIO_DeInit) refers to stm32f4xx_rcc.o(i.RCC_AHB1PeriphResetCmd) for RCC_AHB1PeriphResetCmd
    stm32f4xx_i2c.o(i.I2C_DeInit) refers to stm32f4xx_rcc.o(i.RCC_APB1PeriphResetCmd) for RCC_APB1PeriphResetCmd
    stm32f4xx_i2c.o(i.I2C_Init) refers to stm32f4xx_rcc.o(i.RCC_GetClocksFreq) for RCC_GetClocksFreq
    stm32f4xx_pwr.o(i.PWR_DeInit) refers to stm32f4xx_rcc.o(i.RCC_APB1PeriphResetCmd) for RCC_APB1PeriphResetCmd
    stm32f4xx_rcc.o(i.RCC_GetClocksFreq) refers to stm32f4xx_rcc.o(.data) for APBAHBPrescTable
    stm32f4xx_rcc.o(i.RCC_WaitForHSEStartUp) refers to stm32f4xx_rcc.o(i.RCC_GetFlagStatus) for RCC_GetFlagStatus
    stm32f4xx_spi.o(i.SPI_I2S_DeInit) refers to stm32f4xx_rcc.o(i.RCC_APB2PeriphResetCmd) for RCC_APB2PeriphResetCmd
    stm32f4xx_spi.o(i.SPI_I2S_DeInit) refers to stm32f4xx_rcc.o(i.RCC_APB1PeriphResetCmd) for RCC_APB1PeriphResetCmd
    stm32f4xx_syscfg.o(i.SYSCFG_DeInit) refers to stm32f4xx_rcc.o(i.RCC_APB2PeriphResetCmd) for RCC_APB2PeriphResetCmd
    stm32f4xx_tim.o(i.TIM_DeInit) refers to stm32f4xx_rcc.o(i.RCC_APB2PeriphResetCmd) for RCC_APB2PeriphResetCmd
    stm32f4xx_tim.o(i.TIM_DeInit) refers to stm32f4xx_rcc.o(i.RCC_APB1PeriphResetCmd) for RCC_APB1PeriphResetCmd
    stm32f4xx_tim.o(i.TIM_ETRClockMode1Config) refers to stm32f4xx_tim.o(i.TIM_ETRConfig) for TIM_ETRConfig
    stm32f4xx_tim.o(i.TIM_ETRClockMode2Config) refers to stm32f4xx_tim.o(i.TIM_ETRConfig) for TIM_ETRConfig
    stm32f4xx_tim.o(i.TIM_ICInit) refers to stm32f4xx_tim.o(i.TI1_Config) for TI1_Config
    stm32f4xx_tim.o(i.TIM_ICInit) refers to stm32f4xx_tim.o(i.TIM_SetIC1Prescaler) for TIM_SetIC1Prescaler
[...]
    ../clib/microlib/init/entry.s            0x00000000   Number         0  entry11b.o ABSOLUTE
    ../clib/microlib/init/entry.s            0x00000000   Number         0  entry.o ABSOLUTE
    ../clib/microlib/init/entry.s            0x00000000   Number         0  entry11a.o ABSOLUTE
    ../clib/microlib/init/entry.s            0x00000000   Number         0  entry10b.o ABSOLUTE
    ../clib/microlib/init/entry.s            0x00000000   Number         0  entry10a.o ABSOLUTE
    ../clib/microlib/init/entry.s            0x00000000   Number         0  entry9b.o ABSOLUTE
    ../clib/microlib/init/entry.s            0x00000000   Number         0  entry9a.o ABSOLUTE
    ../clib/microlib/init/entry.s            0x00000000   Number         0  entry8b.o ABSOLUTE
    ../clib/microlib/init/entry.s            0x00000000   Number         0  entry8a.o ABSOLUTE
    ../clib/microlib/init/entry.s            0x00000000   Number         0  entry7b.o ABSOLUTE
    ../clib/microlib/init/entry.s            0x00000000   Number         0  entry5.o ABSOLUTE
    ../clib/microlib/init/entry.s            0x00000000   Number         0  entry2.o ABSOLUTE
    ../clib/microlib/string/memcpy.c         0x00000000   Number         0  memcpya.o ABSOLUTE
    ../clib/microlib/string/memcpy.c         0x00000000   Number         0  memcpyb.o ABSOLUTE
    ../clib/microlib/string/memset.c         0x00000000   Number         0  memseta.o ABSOLUTE
    ../clib/microlib/stubs.s                 0x00000000   Number         0  iusefp.o ABSOLUTE
    ../mathlib/fabs.c                        0x00000000   Number         0  fabs.o ABSOLUTE
    ..\Driver\MyCAN.c                        0x00000000   Number         0  mycan.o ABSOLUTE
    ..\Judge\Judge.c                         0x00000000   Number         0  judge.o ABSOLUTE
    ..\Judge\Judge_crc.c                     0x00000000   Number         0  judge_crc.o ABSOLUTE
    ..\Judge\RM_Client_UI.c                  0x00000000   Number         0  rm_client_ui.o ABSOLUTE
    ..\Library\CMSIS\Startup\startup_stm32f446xx.s 0x00000000   Number         0  startup_stm32f446xx.o ABSOLUTE
    ..\Library\STM32F4xx_StdPeriph_Driver\src\misc.c 0x00000000   Number         0  misc.o ABSOLUTE
    ..\Library\STM32F4xx_StdPeriph_Driver\src\stm32f4xx_adc.c 0x00000000   Number         0  stm32f4xx_adc.o ABSOLUTE
    ..\Library\STM32F4xx_StdPeriph_Driver\src\stm32f4xx_can.c 0x00000000   Number         0  stm32f4xx_can.o ABSOLUTE
    ..\Library\STM32F4xx_StdPeriph_Driver\src\stm32f4xx_crc.c 0x00000000   Number         0  stm32f4xx_crc.o ABSOLUTE
    ..\Library\STM32F4xx_StdPeriph_Driver\src\stm32f4xx_dac.c 0x00000000   Number         0  stm32f4xx_dac.o ABSOLUTE
    ..\Library\STM32F4xx_StdPeriph_Driver\src\stm32f4xx_dma.c 0x00000000   Number         0  stm32f4xx_dma.o ABSOLUTE
    ..\Library\STM32F4xx_StdPeriph_Driver\src\stm32f4xx_exti.c 0x00000000   Number         0  stm32f4xx_exti.o ABSOLUTE
    ..\Library\STM32F4xx_StdPeriph_Driver\src\stm32f4xx_flash.c 0x00000000   Number         0  stm32f4xx_flash.o ABSOLUTE
    ..\Library\STM32F4xx_StdPeriph_Driver\src\stm32f4xx_gpio.c 0x00000000   Number         0  stm32f4xx_gpio.o ABSOLUTE
    ..\Library\STM32F4xx_StdPeriph_Driver\src\stm32f4xx_i2c.c 0x00000000   Number         0  stm32f4xx_i2c.o ABSOLUTE
    ..\Library\STM32F4xx_StdPeriph_Driver\src\stm32f4xx_iwdg.c 0x00000000   Number         0  stm32f4xx_iwdg.o ABSOLUTE
    ..\Library\STM32F4xx_StdPeriph_Driver\src\stm32f4xx_pwr.c 0x00000000   Number         0  stm32f4xx_pwr.o ABSOLUTE
    ..\Library\STM32F4xx_StdPeriph_Driver\src\stm32f4xx_rcc.c 0x00000000   Number         0  stm32f4xx_rcc.o ABSOLUTE
    ..\Library\STM32F4xx_StdPeriph_Driver\src\stm32f4xx_rng.c 0x00000000   Number         0  stm32f4xx_rng.o ABSOLUTE
    ..\Library\STM32F4xx_StdPeriph_Driver\src\stm32f4xx_spi.c 0x00000000   Number         0  stm32f4xx_spi.o ABSOLUTE
    ..\Library\STM32F4xx_StdPeriph_Driver\src\stm32f4xx_syscfg.c 0x00000000   Number         0  stm32f4xx_syscfg.o ABSOLUTE
    ..\Library\STM32F4xx_StdPeriph_Driver\src\stm32f4xx_tim.c 0x00000000   Number         0  stm32f4xx_tim.o ABSOLUTE
    ..\Library\STM32F4xx_StdPeriph_Driver\src\stm32f4xx_usart.c 0x00000000   Number         0  stm32f4xx_usart.o ABSOLUTE
    ..\Library\STM32F4xx_StdPeriph_Driver\src\stm32f4xx_wwdg.c 0x00000000   Number         0  stm32f4xx_wwdg.o ABSOLUTE
    ..\Tasks\Judge_Task.c                    0x00000000   Number         0  judge_task.o ABSOLUTE
    ..\Tasks\Task_Control.c                  0x00000000   Number         0  task_control.o ABSOLUTE
    ..\Tasks\UI_Task.c                       0x00000000   Number         0  ui_task.o ABSOLUTE
    ..\User\main.c                           0x00000000   Number         0  main.o ABSOLUTE
    ..\User\stm32f4xx_it.c                   0x00000000   Number         0  stm32f4xx_it.o ABSOLUTE
    ..\User\system_stm32f4xx.c               0x00000000   Number         0  system_stm32f4xx.o ABSOLUTE
    ..\\Driver\\MyCAN.c                      0x00000000   Number         0  mycan.o ABSOLUTE
    ..\\Judge\\Judge.c                       0x00000000   Number         0  judge.o ABSOLUTE
    ..\\Judge\\Judge_crc.c                   0x00000000   Number         0  judge_crc.o ABSOLUTE
    ..\\Judge\\RM_Client_UI.c                0x00000000   Number         0  rm_client_ui.o ABSOLUTE
    ..\\Library\\STM32F4xx_StdPeriph_Driver\\src\\misc.c 0x00000000   Number         0  misc.o ABSOLUTE
    ..\\Library\\STM32F4xx_StdPeriph_Driver\\src\\stm32f4xx_adc.c 0x00000000   Number         0  stm32f4xx_adc.o ABSOLUTE
    ..\\Library\\STM32F4xx_StdPeriph_Driver\\src\\stm32f4xx_can.c 0x00000000   Number         0  stm32f4xx_can.o ABSOLUTE
    ..\\Library\\STM32F4xx_StdPeriph_Driver\\src\\stm32f4xx_crc.c 0x00000000   Number         0  stm32f4xx_crc.o ABSOLUTE
    ..\\Library\\STM32F4xx_StdPeriph_Driver\\src\\stm32f4xx_dac.c 0x00000000   Number         0  stm32f4xx_dac.o ABSOLUTE
    ..\\Library\\STM32F4xx_StdPeriph_Driver\\src\\stm32f4xx_dma.c 0x00000000   Number         0  stm32f4xx_dma.o ABSOLUTE
    ..\\Library\\STM32F4xx_StdPeriph_Driver\\src\\stm32f4xx_exti.c 0x00000000   Number         0  stm32f4xx_exti.o ABSOLUTE
    ..\\Library\\STM32F4xx_StdPeriph_Driver\\src\\stm32f4xx_flash.c 0x00000000   Number         0  stm32f4xx_flash.o ABSOLUTE
    ..\\Library\\STM32F4xx_StdPeriph_Driver\\src\\stm32f4xx_gpio.c 0x00000000   Number         0  stm32f4xx_gpio.o ABSOLUTE
    ..\\Library\\STM32F4xx_StdPeriph_Driver\\src\\stm32f4xx_i2c.c 0x00000000   Number         0  stm32f4xx_i2c.o ABSOLUTE
    ..\\Library\\STM32F4xx_StdPeriph_Driver\\src\\stm32f4xx_iwdg.c 0x00000000   Number         0  stm32f4xx_iwdg.o ABSOLUTE
    ..\\Library\\STM32F4xx_StdPeriph_Driver\\src\\stm32f4xx_pwr.c 0x00000000   Number         0  stm32f4xx_pwr.o ABSOLUTE
    ..\\Library\\STM32F4xx_StdPeriph_Driver\\src\\stm32f4xx_rcc.c 0x00000000   Number         0  stm32f4xx_rcc.o ABSOLUTE
    ..\\Library\\STM32F4xx_StdPeriph_Driver\\src\\stm32f4xx_rng.c 0x00000000   Number         0  stm32f4xx_rng.o ABSOLUTE
    ..\\Library\\STM32F4xx_StdPeriph_Driver\\src\\stm32f4xx_spi.c 0x00000000   Number         0  stm32f4xx_spi.o ABSOLUTE
    ..\\Library\\STM32F4xx_StdPeriph_Driver\\src\\stm32f4xx_syscfg.c 0x00000000   Number         0  stm32f4xx_syscfg.o ABSOLUTE
    ..\\Library\\STM32F4xx_StdPeriph_Driver\\src\\stm32f4xx_tim.c 0x00000000   Number         0  stm32f4xx_tim.o ABSOLUTE
    ..\\Library\\STM32F4xx_StdPeriph_Driver\\src\\stm32f4xx_usart.c 0x00000000   Number         0  stm32f4xx_usart.o ABSOLUTE
    ..\\Library\\STM32F4xx_StdPeriph_Driver\\src\\stm32f4xx_wwdg.c 0x00000000   Number         0  stm32f4xx_wwdg.o ABSOLUTE
    ..\\Tasks\\Judge_Task.c                  0x00000000   Number         0  judge_task.o ABSOLUTE
    ..\\Tasks\\Task_Control.c                0x00000000   Number         0  task_control.o ABSOLUTE
    ..\\Tasks\\UI_Task.c                     0x00000000   Number         0  ui_task.o ABSOLUTE
    ..\\User\\main.c                         0x00000000   Number         0  main.o ABSOLUTE
    ..\\User\\stm32f4xx_it.c                 0x00000000   Number         0  stm32f4xx_it.o ABSOLUTE
    ..\\User\\system_stm32f4xx.c             0x00000000   Number         0  system_stm32f4xx.o ABSOLUTE
    D:\Keil5\Pack\RealThread\RT-Thread\3.1.5\libcpu\arm\cortex-m4\context_rvds.S 0x00000000   Number         0  context_rvds.o ABSOLUTE
    D:\Keil5\Pack\RealThread\RT-Thread\3.1.5\libcpu\arm\cortex-m4\cpuport.c 0x00000000   Number         0  cpuport.o ABSOLUTE
    D:\Keil5\Pack\RealThread\RT-Thread\3.1.5\src\clock.c 0x00000000   Number         0  clock.o ABSOLUTE
    D:\Keil5\Pack\RealThread\RT-Thread\3.1.5\src\components.c 0x00000000   Number         0  components.o ABSOLUTE
    D:\Keil5\Pack\RealThread\RT-Thread\3.1.5\src\idle.c 0x00000000   Number         0  idle.o ABSOLUTE
    D:\Keil5\Pack\RealThread\RT-Thread\3.1.5\src\ipc.c 0x00000000   Number         0  ipc.o ABSOLUTE
    D:\Keil5\Pack\RealThread\RT-Thread\3.1.5\src\irq.c 0x00000000   Number         0  irq.o ABSOLUTE
    D:\Keil5\Pack\RealThread\RT-Thread\3.1.5\src\kservice.c 0x00000000   Number         0  kservice.o ABSOLUTE
    D:\Keil5\Pack\RealThread\RT-Thread\3.1.5\src\mem.c 0x00000000   Number         0  mem.o ABSOLUTE
    D:\Keil5\Pack\RealThread\RT-Thread\3.1.5\src\mempool.c 0x00000000   Number         0  mempool.o ABSOLUTE
    D:\Keil5\Pack\RealThread\RT-Thread\3.1.5\src\object.c 0x00000000   Number         0  object.o ABSOLUTE
    D:\Keil5\Pack\RealThread\RT-Thread\3.1.5\src\scheduler.c 0x00000000   Number         0  scheduler.o ABSOLUTE
    D:\Keil5\Pack\RealThread\RT-Thread\3.1.5\src\thread.c 0x00000000   Number         0  thread.o ABSOLUTE
    D:\Keil5\Pack\RealThread\RT-Thread\3.1.5\src\timer.c 0x00000000   Number         0  timer.o ABSOLUTE
    RTE\RTOS\board.c                         0x00000000   Number         0  board.o ABSOLUTE
    RTE\\RTOS\\board.c                       0x00000000   Number         0  board.o ABSOLUTE
    dc.s                                     0x00000000   Number         0  dc.o ABSOLUTE
    handlers.s                               0x00000000   Number         0  handlers.o ABSOLUTE
    init.s                                   0x00000000   Number         0  init.o ABSOLUTE
    RESET                                    0x08000000   Section      452  startup_stm32f446xx.o(RESET)
    .ARM.Collect$$$$00000000                 0x080001c4   Section        0  entry.o(.ARM.Collect$$$$00000000)
    .ARM.Collect$$$$00000001                 0x080001c4   Section        4  entry2.o(.ARM.Collect$$$$00000001)
    .ARM.Collect$$$$00000004                 0x080001c8   Section        4  entry5.o(.ARM.Collect$$$$00000004)
    .ARM.Collect$$$$00000008                 0x080001cc   Section        0  entry7b.o(.ARM.Collect$$$$00000008)
    .ARM.Collect$$$$0000000A                 0x080001cc   Section        0  entry8b.o(.ARM.Collect$$$$0000000A)
    .ARM.Collect$$$$0000000B                 0x080001cc   Section        8  entry9a.o(.ARM.Collect$$$$0000000B)
    .ARM.Collect$$$$0000000E                 0x080001d4   Section        4  entry12b.o(.ARM.Collect$$$$0000000E)
    .ARM.Collect$$$$0000000F                 0x080001d8   Section        0  entry10a.o(.ARM.Collect$$$$0000000F)
    .ARM.Collect$$$$00000011                 0x080001d8   Section        0  entry11a.o(.ARM.Collect$$$$00000011)
    .ARM.Collect$$$$00002712                 0x080001d8   Section        4  entry2.o(.ARM.Collect$$$$00002712)
    __lit__00000000                          0x080001d8   Data           4  entry2.o(.ARM.Collect$$$$00002712)
    .text                                    0x080001dc   Section       36  startup_stm32f446xx.o(.text)
    $v0                                      0x080001dc   Number         0  startup_stm32f446xx.o(.text)
    .text                                    0x08000200   Section      308  context_rvds.o(.text)
    $v0                                      0x08000200   Number         0  context_rvds.o(.text)
    .text                                    0x08000334   Section        0  memcpya.o(.text)
    .text                                    0x08000358   Section        0  memseta.o(.text)
    .text                                    0x0800037c   Section       36  init.o(.text)
    .text                                    0x0800037c   Section        0  iusefp.o(.text)
    i.$Sub$$main                             0x080003a0   Section        0  components.o(i.$Sub$$main)
    i.BusFault_Handler                       0x080003aa   Section        0  stm32f4xx_it.o(i.BusFault_Handler)
    i.CAN1_RX0_IRQHandler                    0x080003b0   Section        0  mycan.o(i.CAN1_RX0_IRQHandler)
    i.CAN2_RX1_IRQHandler                    0x080003c8   Section        0  mycan.o(i.CAN2_RX1_IRQHandler)
    i.CAN_FilterInit                         0x080003e4   Section        0  stm32f4xx_can.o(i.CAN_FilterInit)
    i.CAN_ITConfig                           0x080004ec   Section        0  stm32f4xx_can.o(i.CAN_ITConfig)
    i.CAN_Init                               0x080004fe   Section        0  stm32f4xx_can.o(i.CAN_Init)
    i.CAN_Receive                            0x08000612   Section        0  stm32f4xx_can.o(i.CAN_Receive)
    i.CAN_Transmit                           0x080006fa   Section        0  stm32f4xx_can.o(i.CAN_Transmit)
    i.CAN_TransmitStatus                     0x08000820   Section        0  stm32f4xx_can.o(i.CAN_TransmitStatus)
    i.DMA1_Stream6_IRQHandler                0x080008c0   Section        0  rm_client_ui.o(i.DMA1_Stream6_IRQHandler)
    i.DMA_ClearFlag                          0x080008e0   Section        0  stm32f4xx_dma.o(i.DMA_ClearFlag)
    i.DMA_Cmd                                0x08000914   Section        0  stm32f4xx_dma.o(i.DMA_Cmd)
    i.DMA_DeInit                             0x0800092c   Section        0  stm32f4xx_dma.o(i.DMA_DeInit)
    i.DMA_DoubleBufferModeCmd                0x08000a84   Section        0  stm32f4xx_dma.o(i.DMA_DoubleBufferModeCmd)
    i.DMA_DoubleBufferModeConfig             0x08000a9a   Section        0  stm32f4xx_dma.o(i.DMA_DoubleBufferModeConfig)
    i.DMA_GetCurrentMemoryTarget             0x08000ab2   Section        0  stm32f4xx_dma.o(i.DMA_GetCurrentMemoryTarget)
    i.DMA_GetFlagStatus                      0x08000ac8   Section        0  stm32f4xx_dma.o(i.DMA_GetFlagStatus)
    i.DMA_GetITStatus                        0x08000b0c   Section        0  stm32f4xx_dma.o(i.DMA_GetITStatus)
    i.DMA_ITConfig                           0x08000b70   Section        0  stm32f4xx_dma.o(i.DMA_ITConfig)
    i.DMA_Init                               0x08000bac   Section        0  stm32f4xx_dma.o(i.DMA_Init)
    i.DMA_MemoryTargetConfig                 0x08000c04   Section        0  stm32f4xx_dma.o(i.DMA_MemoryTargetConfig)
    i.DebugMon_Handler                       0x08000c0e   Section        0  stm32f4xx_it.o(i.DebugMon_Handler)
    i.GPIO_Init                              0x08000c10   Section        0  stm32f4xx_gpio.o(i.GPIO_Init)
    i.GPIO_PinAFConfig                       0x08000ca0   Section        0  stm32f4xx_gpio.o(i.GPIO_PinAFConfig)
    i.Get_JUDGE_Data                         0x08000ce8   Section        0  judge.o(i.Get_JUDGE_Data)
    i.Get_Master_Encode_Data                 0x08000cf0   Section        0  mycan.o(i.Get_Master_Encode_Data)
    i.Judge_Data_Check                       0x08000d28   Section        0  judge.o(i.Judge_Data_Check)
    i.Judge_Data_Update                      0x08000d68   Section        0  judge.o(i.Judge_Data_Update)
    i.Judge_Init                             0x08000f20   Section        0  judge.o(i.Judge_Init)
    i.Judge_Routing_thread_entry             0x08001078   Section        0  ui_task.o(i.Judge_Routing_thread_entry)
    i.MemManage_Handler                      0x08001082   Section        0  stm32f4xx_it.o(i.MemManage_Handler)
    i.MyCAN_Filter_Config                    0x08001086   Section        0  mycan.o(i.MyCAN_Filter_Config)
    i.MyCAN_Init                             0x080010d0   Section        0  mycan.o(i.MyCAN_Init)
    i.MyCAN_Mode_Config                      0x08001164   Section        0  mycan.o(i.MyCAN_Mode_Config)
    i.MyCAN_NVIC_Config                      0x080011bc   Section        0  mycan.o(i.MyCAN_NVIC_Config)
    i.NMI_Handler                            0x08001214   Section        0  stm32f4xx_it.o(i.NMI_Handler)
    i.NVIC_Init                              0x08001218   Section        0  misc.o(i.NVIC_Init)
    i.NVIC_PriorityGroupConfig               0x08001290   Section        0  misc.o(i.NVIC_PriorityGroupConfig)
    i.RCC_AHB1PeriphClockCmd                 0x080012a4   Section        0  stm32f4xx_rcc.o(i.RCC_AHB1PeriphClockCmd)
    i.RCC_APB1PeriphClockCmd                 0x080012c4   Section        0  stm32f4xx_rcc.o(i.RCC_APB1PeriphClockCmd)
    i.RCC_GetClocksFreq                      0x080012e4   Section        0  stm32f4xx_rcc.o(i.RCC_GetClocksFreq)
    i.SVC_Handler                            0x080014ac   Section        0  stm32f4xx_it.o(i.SVC_Handler)
    i.Send_Game_Progress                     0x080014b0   Section        0  judge_task.o(i.Send_Game_Progress)
    i.Send_Robot_State                       0x08001518   Section        0  judge_task.o(i.Send_Robot_State)
    i.Send_Rule_Information                  0x080015d0   Section        0  judge_task.o(i.Send_Rule_Information)
    i.SetSysClock                            0x08001660   Section        0  system_stm32f4xx.o(i.SetSysClock)
    SetSysClock                              0x08001661   Thumb Code   272  system_stm32f4xx.o(i.SetSysClock)
    i.SysTick_Handler                        0x08001780   Section        0  board.o(i.SysTick_Handler)
    i.SystemInit                             0x08001788   Section        0  system_stm32f4xx.o(i.SystemInit)
    i.Task_Init                              0x080017f0   Section        0  task_control.o(i.Task_Init)
    i.UI_Init                                0x08001870   Section        0  rm_client_ui.o(i.UI_Init)
    i.UI_Protract_thread_entry               0x08001920   Section        0  judge_task.o(i.UI_Protract_thread_entry)
    i.USART2_IRQHandler                      0x08001948   Section        0  judge.o(i.USART2_IRQHandler)
    i.USART_ClearFlag                        0x080019d4   Section        0  stm32f4xx_usart.o(i.USART_ClearFlag)
    i.USART_Cmd                              0x080019e6   Section        0  stm32f4xx_usart.o(i.USART_Cmd)
    i.USART_DMACmd                           0x080019fe   Section        0  stm32f4xx_usart.o(i.USART_DMACmd)
    i.USART_GetITStatus                      0x08001a10   Section        0  stm32f4xx_usart.o(i.USART_GetITStatus)
    i.USART_ITConfig                         0x08001a64   Section        0  stm32f4xx_usart.o(i.USART_ITConfig)
    i.USART_Init                             0x08001ab0   Section        0  stm32f4xx_usart.o(i.USART_Init)
    i.USART_ReceiveData                      0x08001b84   Section        0  stm32f4xx_usart.o(i.USART_ReceiveData)
    i.UsageFault_Handler                     0x08001b8e   Section        0  stm32f4xx_it.o(i.UsageFault_Handler)
    i.__rt_ffs                               0x08001b94   Section        0  kservice.o(i.__rt_ffs)
    i.__scatterload_copy                     0x08001be0   Section       14  handlers.o(i.__scatterload_copy)
    i.__scatterload_null                     0x08001bee   Section        2  handlers.o(i.__scatterload_null)
    i.__scatterload_zeroinit                 0x08001bf0   Section       14  handlers.o(i.__scatterload_zeroinit)
    i._rt_thread_init                        0x08001c00   Section        0  thread.o(i._rt_thread_init)
    _rt_thread_init                          0x08001c01   Thumb Code   124  thread.o(i._rt_thread_init)
    i._rt_timer_init                         0x08001c84   Section        0  timer.o(i._rt_timer_init)
    _rt_timer_init                           0x08001c85   Thumb Code    66  timer.o(i._rt_timer_init)
    i._rt_timer_remove                       0x08001cc6   Section        0  timer.o(i._rt_timer_remove)
    _rt_timer_remove                         0x08001cc7   Thumb Code    28  timer.o(i._rt_timer_remove)
    i._thread_cleanup_execute                0x08001ce2   Section        0  thread.o(i._thread_cleanup_execute)
    _thread_cleanup_execute                  0x08001ce3   Thumb Code    28  thread.o(i._thread_cleanup_execute)
    i.fabs                                   0x08001cfe   Section        0  fabs.o(i.fabs)
    i.get_crc16_check_sum                    0x08001d18   Section        0  judge_crc.o(i.get_crc16_check_sum)
    i.get_crc8_check_sum                     0x08001d4c   Section        0  judge_crc.o(i.get_crc8_check_sum)
    i.main                                   0x08001d70   Section        0  main.o(i.main)
    i.main_thread_entry                      0x08001d8c   Section        0  components.o(i.main_thread_entry)
    i.plug_holes                             0x08001d9c   Section        0  mem.o(i.plug_holes)
    plug_holes                               0x08001d9d   Thumb Code   108  mem.o(i.plug_holes)
    i.rt_application_init                    0x08001e14   Section        0  components.o(i.rt_application_init)
    i.rt_components_board_init               0x08001e44   Section        0  components.o(i.rt_components_board_init)
    i.rt_components_init                     0x08001e60   Section        0  components.o(i.rt_components_init)
    i.rt_enter_critical                      0x08001e7c   Section        0  scheduler.o(i.rt_enter_critical)
    i.rt_exit_critical                       0x08001e9c   Section        0  scheduler.o(i.rt_exit_critical)
    i.rt_free                                0x08001ee0   Section        0  mem.o(i.rt_free)
    i.rt_heap_begin_get                      0x08001f58   Section        0  board.o(i.rt_heap_begin_get)
    i.rt_heap_end_get                        0x08001f60   Section        0  board.o(i.rt_heap_end_get)
    i.rt_hw_board_init                       0x08001f68   Section        0  board.o(i.rt_hw_board_init)
    i.rt_hw_hard_fault_exception             0x08001fdc   Section        0  cpuport.o(i.rt_hw_hard_fault_exception)
    i.rt_hw_stack_init                       0x08002008   Section        0  cpuport.o(i.rt_hw_stack_init)
    i.rt_interrupt_enter                     0x08002058   Section        0  irq.o(i.rt_interrupt_enter)
    i.rt_interrupt_leave                     0x08002078   Section        0  irq.o(i.rt_interrupt_leave)
    i.rt_ipc_list_resume                     0x08002098   Section        0  ipc.o(i.rt_ipc_list_resume)
    rt_ipc_list_resume                       0x08002099   Thumb Code    20  ipc.o(i.rt_ipc_list_resume)
    i.rt_ipc_list_suspend                    0x080020ac   Section        0  ipc.o(i.rt_ipc_list_suspend)
    rt_ipc_list_suspend                      0x080020ad   Thumb Code   110  ipc.o(i.rt_ipc_list_suspend)
    i.rt_ipc_object_init                     0x0800211a   Section        0  ipc.o(i.rt_ipc_object_init)
    rt_ipc_object_init                       0x0800211b   Thumb Code    16  ipc.o(i.rt_ipc_object_init)
    i.rt_list_init                           0x0800212a   Section        0  ipc.o(i.rt_list_init)
    rt_list_init                             0x0800212b   Thumb Code     6  ipc.o(i.rt_list_init)
    i.rt_list_init                           0x08002130   Section        0  scheduler.o(i.rt_list_init)
    rt_list_init                             0x08002131   Thumb Code     6  scheduler.o(i.rt_list_init)
    i.rt_list_init                           0x08002136   Section        0  timer.o(i.rt_list_init)
    rt_list_init                             0x08002137   Thumb Code     6  timer.o(i.rt_list_init)
    i.rt_list_insert_after                   0x0800213c   Section        0  object.o(i.rt_list_insert_after)
    rt_list_insert_after                     0x0800213d   Thumb Code    14  object.o(i.rt_list_insert_after)
    i.rt_list_insert_after                   0x0800214a   Section        0  thread.o(i.rt_list_insert_after)
    rt_list_insert_after                     0x0800214b   Thumb Code    14  thread.o(i.rt_list_insert_after)
    i.rt_list_insert_after                   0x08002158   Section        0  timer.o(i.rt_list_insert_after)
    rt_list_insert_after                     0x08002159   Thumb Code    14  timer.o(i.rt_list_insert_after)
    i.rt_list_insert_before                  0x08002166   Section        0  ipc.o(i.rt_list_insert_before)
    rt_list_insert_before                    0x08002167   Thumb Code    14  ipc.o(i.rt_list_insert_before)
    i.rt_list_isempty                        0x08002174   Section        0  ipc.o(i.rt_list_isempty)
    rt_list_isempty                          0x08002175   Thumb Code    16  ipc.o(i.rt_list_isempty)
    i.rt_list_isempty                        0x08002184   Section        0  timer.o(i.rt_list_isempty)
    rt_list_isempty                          0x08002185   Thumb Code    16  timer.o(i.rt_list_isempty)
    i.rt_list_remove                         0x08002194   Section        0  object.o(i.rt_list_remove)
    rt_list_remove                           0x08002195   Thumb Code    18  object.o(i.rt_list_remove)
    i.rt_list_remove                         0x080021a6   Section        0  thread.o(i.rt_list_remove)
    rt_list_remove                           0x080021a7   Thumb Code    18  thread.o(i.rt_list_remove)
    i.rt_list_remove                         0x080021b8   Section        0  timer.o(i.rt_list_remove)
    rt_list_remove                           0x080021b9   Thumb Code    18  timer.o(i.rt_list_remove)
    i.rt_malloc                              0x080021cc   Section        0  mem.o(i.rt_malloc)
    i.rt_memset                              0x08002338   Section        0  kservice.o(i.rt_memset)
    i.rt_object_allocate                     0x08002380   Section        0  object.o(i.rt_object_allocate)
    i.rt_object_delete                       0x080023d4   Section        0  object.o(i.rt_object_delete)
    i.rt_object_detach                       0x080023f8   Section        0  object.o(i.rt_object_detach)
    i.rt_object_get_information              0x08002418   Section        0  object.o(i.rt_object_get_information)
    i.rt_object_init                         0x08002440   Section        0  object.o(i.rt_object_init)
    i.rt_object_is_systemobject              0x08002496   Section        0  object.o(i.rt_object_is_systemobject)
    i.rt_os_tick_callback                    0x080024a8   Section        0  board.o(i.rt_os_tick_callback)
    i.rt_schedule                            0x080024b8   Section        0  scheduler.o(i.rt_schedule)
    i.rt_schedule_insert_thread              0x0800253c   Section        0  scheduler.o(i.rt_schedule_insert_thread)
    i.rt_schedule_remove_thread              0x0800258c   Section        0  scheduler.o(i.rt_schedule_remove_thread)
    i.rt_sem_init                            0x080025e0   Section        0  ipc.o(i.rt_sem_init)
    i.rt_sem_release                         0x08002606   Section        0  ipc.o(i.rt_sem_release)
    i.rt_sem_take                            0x08002658   Section        0  ipc.o(i.rt_sem_take)
    i.rt_show_version                        0x080026cc   Section        0  kservice.o(i.rt_show_version)
    i.rt_strncpy                             0x080026ce   Section        0  kservice.o(i.rt_strncpy)
    i.rt_system_heap_init                    0x08002704   Section        0  mem.o(i.rt_system_heap_init)
    i.rt_system_scheduler_init               0x080027b4   Section        0  scheduler.o(i.rt_system_scheduler_init)
    i.rt_system_scheduler_start              0x08002800   Section        0  scheduler.o(i.rt_system_scheduler_start)
    i.rt_system_timer_init                   0x08002830   Section        0  timer.o(i.rt_system_timer_init)
    i.rt_system_timer_thread_init            0x0800284c   Section        0  timer.o(i.rt_system_timer_thread_init)
    i.rt_thread_create                       0x0800284e   Section        0  thread.o(i.rt_thread_create)
    i.rt_thread_exit                         0x080028a0   Section        0  thread.o(i.rt_thread_exit)
    i.rt_thread_idle_entry                   0x080028f8   Section        0  idle.o(i.rt_thread_idle_entry)
    rt_thread_idle_entry                     0x080028f9   Thumb Code     8  idle.o(i.rt_thread_idle_entry)
    i.rt_thread_idle_excute                  0x08002900   Section        0  idle.o(i.rt_thread_idle_excute)
    i.rt_thread_idle_init                    0x08002960   Section        0  idle.o(i.rt_thread_idle_init)
    i.rt_thread_init                         0x0800299c   Section        0  thread.o(i.rt_thread_init)
    i.rt_thread_mdelay                       0x080029d0   Section        0  thread.o(i.rt_thread_mdelay)
    i.rt_thread_resume                       0x080029e4   Section        0  thread.o(i.rt_thread_resume)
    i.rt_thread_self                         0x08002a20   Section        0  thread.o(i.rt_thread_self)
    i.rt_thread_sleep                        0x08002a2c   Section        0  thread.o(i.rt_thread_sleep)
    i.rt_thread_startup                      0x08002a70   Section        0  thread.o(i.rt_thread_startup)
    i.rt_thread_suspend                      0x08002a9c   Section        0  thread.o(i.rt_thread_suspend)
    i.rt_thread_timeout                      0x08002ae0   Section        0  thread.o(i.rt_thread_timeout)
    i.rt_thread_yield                        0x08002b00   Section        0  thread.o(i.rt_thread_yield)
    i.rt_tick_from_millisecond               0x08002b64   Section        0  clock.o(i.rt_tick_from_millisecond)
    i.rt_tick_get                            0x08002b9c   Section        0  clock.o(i.rt_tick_get)
    i.rt_tick_increase                       0x08002ba8   Section        0  clock.o(i.rt_tick_increase)
    i.rt_timer_check                         0x08002bd8   Section        0  timer.o(i.rt_timer_check)
    i.rt_timer_control                       0x08002c7c   Section        0  timer.o(i.rt_timer_control)
    i.rt_timer_detach                        0x08002cde   Section        0  timer.o(i.rt_timer_detach)
    i.rt_timer_init                          0x08002d06   Section        0  timer.o(i.rt_timer_init)
    i.rt_timer_start                         0x08002d34   Section        0  timer.o(i.rt_timer_start)
    i.rt_timer_stop                          0x08002e20   Section        0  timer.o(i.rt_timer_stop)
    i.rti_board_end                          0x08002e50   Section        0  components.o(i.rti_board_end)
    rti_board_end                            0x08002e51   Thumb Code     4  components.o(i.rti_board_end)
    i.rti_board_start                        0x08002e54   Section        0  components.o(i.rti_board_start)
    rti_board_start                          0x08002e55   Thumb Code     4  components.o(i.rti_board_start)
    i.rti_end                                0x08002e58   Section        0  components.o(i.rti_end)
    rti_end                                  0x08002e59   Thumb Code     4  components.o(i.rti_end)
    i.rti_start                              0x08002e5c   Section        0  components.o(i.rti_start)
    rti_start                                0x08002e5d   Thumb Code     4  components.o(i.rti_start)
    i.rtthread_startup                       0x08002e60   Section        0  components.o(i.rtthread_startup)
    i.verify_crc16_check_sum                 0x08002e8c   Section        0  judge_crc.o(i.verify_crc16_check_sum)
    i.verify_crc8_check_sum                  0x08002ecc   Section        0  judge_crc.o(i.verify_crc8_check_sum)
    .constdata                               0x08002efa   Section      770  judge_crc.o(.constdata)
    .constdata                               0x080031fc   Section      290  kservice.o(.constdata)
    small_digits                             0x080032fc   Data          17  kservice.o(.constdata)
    large_digits                             0x0800330d   Data          17  kservice.o(.constdata)
    .rti_fn.0                                0x08003320   Section        4  components.o(.rti_fn.0)
    __tagsym$$used                           0x08003320   Number         0  components.o(.rti_fn.0)
    .rti_fn.0.end                            0x08003324   Section        4  components.o(.rti_fn.0.end)
    __tagsym$$used                           0x08003324   Number         0  components.o(.rti_fn.0.end)
    .rti_fn.1.end                            0x08003328   Section        4  components.o(.rti_fn.1.end)
    __tagsym$$used                           0x08003328   Number         0  components.o(.rti_fn.1.end)
    .rti_fn.6.end                            0x0800332c   Section        4  components.o(.rti_fn.6.end)
    __tagsym$$used                           0x0800332c   Number         0  components.o(.rti_fn.6.end)
    .data                                    0x20000000   Section       20  system_stm32f4xx.o(.data)
    .data                                    0x20000014   Section       16  stm32f4xx_rcc.o(.data)
    APBAHBPrescTable                         0x20000014   Data          16  stm32f4xx_rcc.o(.data)
    .data                                    0x20000024   Section        2  judge.o(.data)
    judge_data_len                           0x20000024   Data           2  judge.o(.data)
    .data                                    0x20000026   Section        2  judge_crc.o(.data)
    .data                                    0x20000028   Section       12  rm_client_ui.o(.data)
    Robot_ID                                 0x20000028   Data           2  rm_client_ui.o(.data)
    Client_ID                                0x2000002a   Data           2  rm_client_ui.o(.data)
    judge                                    0x20000030   Data           4  rm_client_ui.o(.data)
    .data                                    0x20000034   Section        8  task_control.o(.data)
    Judge_Routing_thread                     0x20000034   Data           4  task_control.o(.data)
    UI_Protract_thread                       0x20000038   Data           4  task_control.o(.data)
    .data                                    0x2000003c   Section        8  judge_task.o(.data)
    .data                                    0x20000044   Section       16  cpuport.o(.data)
    rt_exception_hook                        0x20000050   Data           4  cpuport.o(.data)
    .data                                    0x20000054   Section        4  clock.o(.data)
    rt_tick                                  0x20000054   Data           4  clock.o(.data)
    .data                                    0x20000058   Section        1  irq.o(.data)
    .data                                    0x2000005c   Section       24  mem.o(.data)
    heap_ptr                                 0x2000005c   Data           4  mem.o(.data)
    heap_end                                 0x20000060   Data           4  mem.o(.data)
    lfree                                    0x20000064   Data           4  mem.o(.data)
    mem_size_aligned                         0x20000068   Data           4  mem.o(.data)
    used_mem                                 0x2000006c   Data           4  mem.o(.data)
    max_mem                                  0x20000070   Data           4  mem.o(.data)
    .data                                    0x20000074   Section       96  object.o(.data)
    rt_object_container                      0x20000074   Data          96  object.o(.data)
    .data                                    0x200000d4   Section       24  scheduler.o(.data)
    rt_scheduler_lock_nest                   0x200000d8   Data           2  scheduler.o(.data)
    .data                                    0x200000ec   Section       12  timer.o(.data)
    rt_timer_list                            0x200000ec   Data           8  timer.o(.data)
    random_nr                                0x200000f4   Data           4  timer.o(.data)
    .bss                                     0x200000f8   Section      632  judge.o(.bss)
    .bss                                     0x20000370   Section      200  rm_client_ui.o(.bss)
    .bss                                     0x20000438   Section       40  mycan.o(.bss)
    .bss                                     0x20000460   Section      384  idle.o(.bss)
    idle                                     0x20000460   Data         128  idle.o(.bss)
    rt_thread_stack                          0x200004e0   Data         256  idle.o(.bss)
    .bss                                     0x200005e0   Section       32  mem.o(.bss)
    heap_sem                                 0x200005e0   Data          32  mem.o(.bss)
    .bss                                     0x20000600   Section      256  scheduler.o(.bss)
    .bss                                     0x20000700   Section    65536  board.o(.bss)
    rt_heap                                  0x20000700   Data       65536  board.o(.bss)
    STACK                                    0x20010700   Section     1024  startup_stm32f446xx.o(STACK)

    Global Symbols

    Symbol Name                              Value     Ov Type        Size  Object(Section)

    BuildAttributes$$THM_ISAv4$E$P$D$K$B$S$7EM$VFPi3$EXTD16$VFPS$VFMA$PE$A:L22UL41UL21$X:L11$S22US41US21$IEEE1$IW$USESV6$~STKCKD$USESV7$~SHL$OTIME$ROPI$IEEEJ$EBA8$MICROLIB$REQ8$PRES8$EABIv2 0x00000000   Number         0  anon$$obj.o ABSOLUTE
    __ARM_use_no_argv                        0x00000000   Number         0  main.o ABSOLUTE
    __arm_fini_                               - Undefined Weak Reference
    __cpp_initialize__aeabi_                  - Undefined Weak Reference
    __cxa_finalize                            - Undefined Weak Reference
    __decompress                              - Undefined Weak Reference
    _clock_init                               - Undefined Weak Reference
    _microlib_exit                            - Undefined Weak Reference
    __Vectors_Size                           0x000001c4   Number         0  startup_stm32f446xx.o ABSOLUTE
    __Vectors                                0x08000000   Data           4  startup_stm32f446xx.o(RESET)
    __Vectors_End                            0x080001c4   Data           0  startup_stm32f446xx.o(RESET)
    __main                                   0x080001c5   Thumb Code     0  entry.o(.ARM.Collect$$$$00000000)
    _main_stk                                0x080001c5   Thumb Code     0  entry2.o(.ARM.Collect$$$$00000001)
    _main_scatterload                        0x080001c9   Thumb Code     0  entry5.o(.ARM.Collect$$$$00000004)
    __main_after_scatterload                 0x080001cd   Thumb Code     0  entry5.o(.ARM.Collect$$$$00000004)
    _main_clock                              0x080001cd   Thumb Code     0  entry7b.o(.ARM.Collect$$$$00000008)
    _main_cpp_init                           0x080001cd   Thumb Code     0  entry8b.o(.ARM.Collect$$$$0000000A)
    _main_init                               0x080001cd   Thumb Code     0  entry9a.o(.ARM.Collect$$$$0000000B)
    __rt_lib_shutdown_fini                   0x080001d5   Thumb Code     0  entry12b.o(.ARM.Collect$$$$0000000E)
    __rt_final_cpp                           0x080001d9   Thumb Code     0  entry10a.o(.ARM.Collect$$$$0000000F)
    __rt_final_exit                          0x080001d9   Thumb Code     0  entry11a.o(.ARM.Collect$$$$00000011)
    Reset_Handler                            0x080001dd   Thumb Code     8  startup_stm32f446xx.o(.text)
    ADC_IRQHandler                           0x080001f7   Thumb Code     0  startup_stm32f446xx.o(.text)
    CAN1_RX1_IRQHandler                      0x080001f7   Thumb Code     0  startup_stm32f446xx.o(.text)
    CAN1_SCE_IRQHandler                      0x080001f7   Thumb Code     0  startup_stm32f446xx.o(.text)
    CAN1_TX_IRQHandler                       0x080001f7   Thumb Code     0  startup_stm32f446xx.o(.text)
    CAN2_RX0_IRQHandler                      0x080001f7   Thumb Code     0  startup_stm32f446xx.o(.text)
    CAN2_SCE_IRQHandler                      0x080001f7   Thumb Code     0  startup_stm32f446xx.o(.text)
    CAN2_TX_IRQHandler                       0x080001f7   Thumb Code     0  startup_stm32f446xx.o(.text)
    CEC_IRQHandler                           0x080001f7   Thumb Code     0  startup_stm32f446xx.o(.text)
    DCMI_IRQHandler                          0x080001f7   Thumb Code     0  startup_stm32f446xx.o(.text)
    DMA1_Stream0_IRQHandler                  0x080001f7   Thumb Code     0  startup_stm32f446xx.o(.text)
    DMA1_Stream1_IRQHandler                  0x080001f7   Thumb Code     0  startup_stm32f446xx.o(.text)
    DMA1_Stream2_IRQHandler                  0x080001f7   Thumb Code     0  startup_stm32f446xx.o(.text)
    DMA1_Stream3_IRQHandler                  0x080001f7   Thumb Code     0  startup_stm32f446xx.o(.text)
    DMA1_Stream4_IRQHandler                  0x080001f7   Thumb Code     0  startup_stm32f446xx.o(.text)
    DMA1_Stream5_IRQHandler                  0x080001f7   Thumb Code     0  startup_stm32f446xx.o(.text)
    DMA1_Stream7_IRQHandler                  0x080001f7   Thumb Code     0  startup_stm32f446xx.o(.text)
    DMA2_Stream0_IRQHandler                  0x080001f7   Thumb Code     0  startup_stm32f446xx.o(.text)
    DMA2_Stream1_IRQHandler                  0x080001f7   Thumb Code     0  startup_stm32f446xx.o(.text)
    DMA2_Stream2_IRQHandler                  0x080001f7   Thumb Code     0  startup_stm32f446xx.o(.text)
    DMA2_Stream3_IRQHandler                  0x080001f7   Thumb Code     0  startup_stm32f446xx.o(.text)
    DMA2_Stream4_IRQHandler                  0x080001f7   Thumb Code     0  startup_stm32f446xx.o(.text)
    DMA2_Stream5_IRQHandler                  0x080001f7   Thumb Code     0  startup_stm32f446xx.o(.text)
    DMA2_Stream6_IRQHandler                  0x080001f7   Thumb Code     0  startup_stm32f446xx.o(.text)
    DMA2_Stream7_IRQHandler                  0x080001f7   Thumb Code     0  startup_stm32f446xx.o(.text)
    EXTI0_IRQHandler                         0x080001f7   Thumb Code     0  startup_stm32f446xx.o(.text)
    EXTI15_10_IRQHandler                     0x080001f7   Thumb Code     0  startup_stm32f446xx.o(.text)
    EXTI1_IRQHandler                         0x080001f7   Thumb Code     0  startup_stm32f446xx.o(.text)
    EXTI2_IRQHandler                         0x080001f7   Thumb Code     0  startup_stm32f446xx.o(.text)
    EXTI3_IRQHandler                         0x080001f7   Thumb Code     0  startup_stm32f446xx.o(.text)
    EXTI4_IRQHandler                         0x080001f7   Thumb Code     0  startup_stm32f446xx.o(.text)
    EXTI9_5_IRQHandler                       0x080001f7   Thumb Code     0  startup_stm32f446xx.o(.text)
    FLASH_IRQHandler                         0x080001f7   Thumb Code     0  startup_stm32f446xx.o(.text)
    FMC_IRQHandler                           0x080001f7   Thumb Code     0  startup_stm32f446xx.o(.text)
    FMPI2C1_Error_IRQHandler                 0x080001f7   Thumb Code     0  startup_stm32f446xx.o(.text)
    FMPI2C1_Event_IRQHandler                 0x080001f7   Thumb Code     0  startup_stm32f446xx.o(.text)
    FPU_IRQHandler                           0x080001f7   Thumb Code     0  startup_stm32f446xx.o(.text)
    I2C1_ER_IRQHandler                       0x080001f7   Thumb Code     0  startup_stm32f446xx.o(.text)
    I2C1_EV_IRQHandler                       0x080001f7   Thumb Code     0  startup_stm32f446xx.o(.text)
    I2C2_ER_IRQHandler                       0x080001f7   Thumb Code     0  startup_stm32f446xx.o(.text)
    I2C2_EV_IRQHandler                       0x080001f7   Thumb Code     0  startup_stm32f446xx.o(.text)
    I2C3_ER_IRQHandler                       0x080001f7   Thumb Code     0  startup_stm32f446xx.o(.text)
    I2C3_EV_IRQHandler                       0x080001f7   Thumb Code     0  startup_stm32f446xx.o(.text)
    OTG_FS_IRQHandler                        0x080001f7   Thumb Code     0  startup_stm32f446xx.o(.text)
    OTG_FS_WKUP_IRQHandler                   0x080001f7   Thumb Code     0  startup_stm32f446xx.o(.text)
    OTG_HS_EP1_IN_IRQHandler                 0x080001f7   Thumb Code     0  startup_stm32f446xx.o(.text)
    OTG_HS_EP1_OUT_IRQHandler                0x080001f7   Thumb Code     0  startup_stm32f446xx.o(.text)
    OTG_HS_IRQHandler                        0x080001f7   Thumb Code     0  startup_stm32f446xx.o(.text)
    OTG_HS_WKUP_IRQHandler                   0x080001f7   Thumb Code     0  startup_stm32f446xx.o(.text)
    PVD_IRQHandler                           0x080001f7   Thumb Code     0  startup_stm32f446xx.o(.text)
    QuadSPI_IRQHandler                       0x080001f7   Thumb Code     0  startup_stm32f446xx.o(.text)
    RCC_IRQHandler                           0x080001f7   Thumb Code     0  startup_stm32f446xx.o(.text)
    RTC_Alarm_IRQHandler                     0x080001f7   Thumb Code     0  startup_stm32f446xx.o(.text)
    RTC_WKUP_IRQHandler                      0x080001f7   Thumb Code     0  startup_stm32f446xx.o(.text)
    SAI1_IRQHandler                          0x080001f7   Thumb Code     0  startup_stm32f446xx.o(.text)
    SAI2_IRQHandler                          0x080001f7   Thumb Code     0  startup_stm32f446xx.o(.text)
    SDIO_IRQHandler                          0x080001f7   Thumb Code     0  startup_stm32f446xx.o(.text)
    SPDIF_RX_IRQHandler                      0x080001f7   Thumb Code     0  startup_stm32f446xx.o(.text)
    SPI1_IRQHandler                          0x080001f7   Thumb Code     0  startup_stm32f446xx.o(.text)
    SPI2_IRQHandler                          0x080001f7   Thumb Code     0  startup_stm32f446xx.o(.text)
    SPI3_IRQHandler                          0x080001f7   Thumb Code     0  startup_stm32f446xx.o(.text)
    SPI4_IRQHandler                          0x080001f7   Thumb Code     0  startup_stm32f446xx.o(.text)
    TAMP_STAMP_IRQHandler                    0x080001f7   Thumb Code     0  startup_stm32f446xx.o(.text)
    TIM1_BRK_TIM9_IRQHandler                 0x080001f7   Thumb Code     0  startup_stm32f446xx.o(.text)
    TIM1_CC_IRQHandler                       0x080001f7   Thumb Code     0  startup_stm32f446xx.o(.text)
    TIM1_TRG_COM_TIM11_IRQHandler            0x080001f7   Thumb Code     0  startup_stm32f446xx.o(.text)
    TIM1_UP_TIM10_IRQHandler                 0x080001f7   Thumb Code     0  startup_stm32f446xx.o(.text)
    TIM2_IRQHandler                          0x080001f7   Thumb Code     0  startup_stm32f446xx.o(.text)
    TIM3_IRQHandler                          0x080001f7   Thumb Code     0  startup_stm32f446xx.o(.text)
    TIM4_IRQHandler                          0x080001f7   Thumb Code     0  startup_stm32f446xx.o(.text)
    TIM5_IRQHandler                          0x080001f7   Thumb Code     0  startup_stm32f446xx.o(.text)
    TIM6_DAC_IRQHandler                      0x080001f7   Thumb Code     0  startup_stm32f446xx.o(.text)
    TIM7_IRQHandler                          0x080001f7   Thumb Code     0  startup_stm32f446xx.o(.text)
    TIM8_BRK_TIM12_IRQHandler                0x080001f7   Thumb Code     0  startup_stm32f446xx.o(.text)
    TIM8_CC_IRQHandler                       0x080001f7   Thumb Code     0  startup_stm32f446xx.o(.text)
    TIM8_TRG_COM_TIM14_IRQHandler            0x080001f7   Thumb Code     0  startup_stm32f446xx.o(.text)
    TIM8_UP_TIM13_IRQHandler                 0x080001f7   Thumb Code     0  startup_stm32f446xx.o(.text)
    UART4_IRQHandler                         0x080001f7   Thumb Code     0  startup_stm32f446xx.o(.text)
    UART5_IRQHandler                         0x080001f7   Thumb Code     0  startup_stm32f446xx.o(.text)
    USART1_IRQHandler                        0x080001f7   Thumb Code     0  startup_stm32f446xx.o(.text)
    USART3_IRQHandler                        0x080001f7   Thumb Code     0  startup_stm32f446xx.o(.text)
    USART6_IRQHandler                        0x080001f7   Thumb Code     0  startup_stm32f446xx.o(.text)
    WWDG_IRQHandler                          0x080001f7   Thumb Code     0  startup_stm32f446xx.o(.text)
    rt_hw_interrupt_disable                  0x08000201   Thumb Code     8  context_rvds.o(.text)
    rt_hw_interrupt_enable                   0x08000209   Thumb Code     6  context_rvds.o(.text)
    rt_hw_context_switch                     0x0800020f   Thumb Code    32  context_rvds.o(.text)
    rt_hw_context_switch_interrupt           0x0800020f   Thumb Code     0  context_rvds.o(.text)
    PendSV_Handler                           0x0800022f   Thumb Code   108  context_rvds.o(.text)
    rt_hw_context_switch_to                  0x0800029b   Thumb Code    68  context_rvds.o(.text)
    rt_hw_interrupt_thread_switch            0x080002df   Thumb Code     2  context_rvds.o(.text)
    HardFault_Handler                        0x080002e1   Thumb Code    56  context_rvds.o(.text)
    __aeabi_memcpy                           0x08000335   Thumb Code    36  memcpya.o(.text)
    __aeabi_memcpy4                          0x08000335   Thumb Code     0  memcpya.o(.text)
    __aeabi_memcpy8                          0x08000335   Thumb Code     0  memcpya.o(.text)
    __aeabi_memset                           0x08000359   Thumb Code    14  memseta.o(.text)
    __aeabi_memset4                          0x08000359   Thumb Code     0  memseta.o(.text)
    __aeabi_memset8                          0x08000359   Thumb Code     0  memseta.o(.text)
    __aeabi_memclr                           0x08000367   Thumb Code     4  memseta.o(.text)
    __aeabi_memclr4                          0x08000367   Thumb Code     0  memseta.o(.text)
    __aeabi_memclr8                          0x08000367   Thumb Code     0  memseta.o(.text)
    _memset$wrapper                          0x0800036b   Thumb Code    18  memseta.o(.text)
    __I$use$fp                               0x0800037d   Thumb Code     0  iusefp.o(.text)
    __scatterload                            0x0800037d   Thumb Code    28  init.o(.text)
    __scatterload_rt2                        0x0800037d   Thumb Code     0  init.o(.text)
    main                                     0x080003a1   Thumb Code    10  components.o(i.$Sub$$main)
    BusFault_Handler                         0x080003ab   Thumb Code     4  stm32f4xx_it.o(i.BusFault_Handler)
    CAN1_RX0_IRQHandler                      0x080003b1   Thumb Code    14  mycan.o(i.CAN1_RX0_IRQHandler)
    CAN2_RX1_IRQHandler                      0x080003c9   Thumb Code    18  mycan.o(i.CAN2_RX1_IRQHandler)
    CAN_FilterInit                           0x080003e5   Thumb Code   258  stm32f4xx_can.o(i.CAN_FilterInit)
    CAN_ITConfig                             0x080004ed   Thumb Code    18  stm32f4xx_can.o(i.CAN_ITConfig)
    CAN_Init                                 0x080004ff   Thumb Code   276  stm32f4xx_can.o(i.CAN_Init)
    CAN_Receive                              0x08000613   Thumb Code   232  stm32f4xx_can.o(i.CAN_Receive)
    CAN_Transmit                             0x080006fb   Thumb Code   294  stm32f4xx_can.o(i.CAN_Transmit)
    CAN_TransmitStatus                       0x08000821   Thumb Code   138  stm32f4xx_can.o(i.CAN_TransmitStatus)
    DMA1_Stream6_IRQHandler                  0x080008c1   Thumb Code    22  rm_client_ui.o(i.DMA1_Stream6_IRQHandler)
    DMA_ClearFlag                            0x080008e1   Thumb Code    38  stm32f4xx_dma.o(i.DMA_ClearFlag)
    DMA_Cmd                                  0x08000915   Thumb Code    22  stm32f4xx_dma.o(i.DMA_Cmd)
    DMA_DeInit                               0x0800092d   Thumb Code   324  stm32f4xx_dma.o(i.DMA_DeInit)
    DMA_DoubleBufferModeCmd                  0x08000a85   Thumb Code    22  stm32f4xx_dma.o(i.DMA_DoubleBufferModeCmd)
    DMA_DoubleBufferModeConfig               0x08000a9b   Thumb Code    24  stm32f4xx_dma.o(i.DMA_DoubleBufferModeConfig)
    DMA_GetCurrentMemoryTarget               0x08000ab3   Thumb Code    20  stm32f4xx_dma.o(i.DMA_GetCurrentMemoryTarget)
    DMA_GetFlagStatus                        0x08000ac9   Thumb Code    54  stm32f4xx_dma.o(i.DMA_GetFlagStatus)
    DMA_GetITStatus                          0x08000b0d   Thumb Code    82  stm32f4xx_dma.o(i.DMA_GetITStatus)
    DMA_ITConfig                             0x08000b71   Thumb Code    58  stm32f4xx_dma.o(i.DMA_ITConfig)
    DMA_Init                                 0x08000bad   Thumb Code    82  stm32f4xx_dma.o(i.DMA_Init)
    DMA_MemoryTargetConfig                   0x08000c05   Thumb Code    10  stm32f4xx_dma.o(i.DMA_MemoryTargetConfig)
    DebugMon_Handler                         0x08000c0f   Thumb Code     2  stm32f4xx_it.o(i.DebugMon_Handler)
    GPIO_Init                                0x08000c11   Thumb Code   144  stm32f4xx_gpio.o(i.GPIO_Init)
    GPIO_PinAFConfig                         0x08000ca1   Thumb Code    70  stm32f4xx_gpio.o(i.GPIO_PinAFConfig)
    Get_JUDGE_Data                           0x08000ce9   Thumb Code     4  judge.o(i.Get_JUDGE_Data)
    Get_Master_Encode_Data                   0x08000cf1   Thumb Code    48  mycan.o(i.Get_Master_Encode_Data)
    Judge_Data_Check                         0x08000d29   Thumb Code    56  judge.o(i.Judge_Data_Check)
    Judge_Data_Update                        0x08000d69   Thumb Code   440  judge.o(i.Judge_Data_Update)
    Judge_Init                               0x08000f21   Thumb Code   326  judge.o(i.Judge_Init)
    Judge_Routing_thread_entry               0x08001079   Thumb Code    10  ui_task.o(i.Judge_Routing_thread_entry)
    MemManage_Handler                        0x08001083   Thumb Code     4  stm32f4xx_it.o(i.MemManage_Handler)
    MyCAN_Filter_Config                      0x08001087   Thumb Code    74  mycan.o(i.MyCAN_Filter_Config)
    MyCAN_Init                               0x080010d1   Thumb Code   140  mycan.o(i.MyCAN_Init)
    MyCAN_Mode_Config                        0x08001165   Thumb Code    80  mycan.o(i.MyCAN_Mode_Config)
    MyCAN_NVIC_Config                        0x080011bd   Thumb Code    80  mycan.o(i.MyCAN_NVIC_Config)
    NMI_Handler                              0x08001215   Thumb Code     2  stm32f4xx_it.o(i.NMI_Handler)
    NVIC_Init                                0x08001219   Thumb Code   106  misc.o(i.NVIC_Init)
    NVIC_PriorityGroupConfig                 0x08001291   Thumb Code    10  misc.o(i.NVIC_PriorityGroupConfig)
    RCC_AHB1PeriphClockCmd                   0x080012a5   Thumb Code    26  stm32f4xx_rcc.o(i.RCC_AHB1PeriphClockCmd)
    RCC_APB1PeriphClockCmd                   0x080012c5   Thumb Code    26  stm32f4xx_rcc.o(i.RCC_APB1PeriphClockCmd)
    RCC_GetClocksFreq                        0x080012e5   Thumb Code   440  stm32f4xx_rcc.o(i.RCC_GetClocksFreq)
    SVC_Handler                              0x080014ad   Thumb Code     2  stm32f4xx_it.o(i.SVC_Handler)
    Send_Game_Progress                       0x080014b1   Thumb Code    94  judge_task.o(i.Send_Game_Progress)
    Send_Robot_State                         0x08001519   Thumb Code   172  judge_task.o(i.Send_Robot_State)
    Send_Rule_Information                    0x080015d1   Thumb Code   136  judge_task.o(i.Send_Rule_Information)
    SysTick_Handler                          0x08001781   Thumb Code     8  board.o(i.SysTick_Handler)
    SystemInit                               0x08001789   Thumb Code    88  system_stm32f4xx.o(i.SystemInit)
    Task_Init                                0x080017f1   Thumb Code    88  task_control.o(i.Task_Init)
    UI_Init                                  0x08001871   Thumb Code   158  rm_client_ui.o(i.UI_Init)
    UI_Protract_thread_entry                 0x08001921   Thumb Code    36  judge_task.o(i.UI_Protract_thread_entry)
    USART2_IRQHandler                        0x08001949   Thumb Code   118  judge.o(i.USART2_IRQHandler)
    USART_ClearFlag                          0x080019d5   Thumb Code    18  stm32f4xx_usart.o(i.USART_ClearFlag)
    USART_Cmd                                0x080019e7   Thumb Code    24  stm32f4xx_usart.o(i.USART_Cmd)
    USART_DMACmd                             0x080019ff   Thumb Code    18  stm32f4xx_usart.o(i.USART_DMACmd)
    USART_GetITStatus                        0x08001a11   Thumb Code    84  stm32f4xx_usart.o(i.USART_GetITStatus)
    USART_ITConfig                           0x08001a65   Thumb Code    74  stm32f4xx_usart.o(i.USART_ITConfig)
    USART_Init                               0x08001ab1   Thumb Code   204  stm32f4xx_usart.o(i.USART_Init)
    USART_ReceiveData                        0x08001b85   Thumb Code    10  stm32f4xx_usart.o(i.USART_ReceiveData)
    UsageFault_Handler                       0x08001b8f   Thumb Code     4  stm32f4xx_it.o(i.UsageFault_Handler)
    __rt_ffs                                 0x08001b95   Thumb Code    70  kservice.o(i.__rt_ffs)
    __scatterload_copy                       0x08001be1   Thumb Code    14  handlers.o(i.__scatterload_copy)
    __scatterload_null                       0x08001bef   Thumb Code     2  handlers.o(i.__scatterload_null)
    __scatterload_zeroinit                   0x08001bf1   Thumb Code    14  handlers.o(i.__scatterload_zeroinit)
    fabs                                     0x08001cff   Thumb Code    24  fabs.o(i.fabs)
    get_crc16_check_sum                      0x08001d19   Thumb Code    46  judge_crc.o(i.get_crc16_check_sum)
    get_crc8_check_sum                       0x08001d4d   Thumb Code    30  judge_crc.o(i.get_crc8_check_sum)
    $Super$$main                             0x08001d71   Thumb Code    28  main.o(i.main)
    main_thread_entry                        0x08001d8d   Thumb Code    14  components.o(i.main_thread_entry)
    rt_application_init                      0x08001e15   Thumb Code    34  components.o(i.rt_application_init)
    rt_components_board_init                 0x08001e45   Thumb Code    20  components.o(i.rt_components_board_init)
    rt_components_init                       0x08001e61   Thumb Code    20  components.o(i.rt_components_init)
    rt_enter_critical                        0x08001e7d   Thumb Code    28  scheduler.o(i.rt_enter_critical)
    rt_exit_critical                         0x08001e9d   Thumb Code    60  scheduler.o(i.rt_exit_critical)
    rt_free                                  0x08001ee1   Thumb Code    98  mem.o(i.rt_free)
    rt_heap_begin_get                        0x08001f59   Thumb Code     4  board.o(i.rt_heap_begin_get)
    rt_heap_end_get                          0x08001f61   Thumb Code     4  board.o(i.rt_heap_end_get)
    rt_hw_board_init                         0x08001f69   Thumb Code   104  board.o(i.rt_hw_board_init)
    rt_hw_hard_fault_exception               0x08001fdd   Thumb Code    40  cpuport.o(i.rt_hw_hard_fault_exception)
    rt_hw_stack_init                         0x08002009   Thumb Code    74  cpuport.o(i.rt_hw_stack_init)
    rt_interrupt_enter                       0x08002059   Thumb Code    26  irq.o(i.rt_interrupt_enter)
    rt_interrupt_leave                       0x08002079   Thumb Code    26  irq.o(i.rt_interrupt_leave)
    rt_malloc                                0x080021cd   Thumb Code   336  mem.o(i.rt_malloc)
    rt_memset                                0x08002339   Thumb Code    72  kservice.o(i.rt_memset)
    rt_object_allocate                       0x08002381   Thumb Code    84  object.o(i.rt_object_allocate)
    rt_object_delete                         0x080023d5   Thumb Code    36  object.o(i.rt_object_delete)
    rt_object_detach                         0x080023f9   Thumb Code    30  object.o(i.rt_object_detach)
    rt_object_get_information                0x08002419   Thumb Code    36  object.o(i.rt_object_get_information)
    rt_object_init                           0x08002441   Thumb Code    86  object.o(i.rt_object_init)
    rt_object_is_systemobject                0x08002497   Thumb Code    18  object.o(i.rt_object_is_systemobject)
    rt_os_tick_callback                      0x080024a9   Thumb Code    16  board.o(i.rt_os_tick_callback)
    rt_schedule                              0x080024b9   Thumb Code   106  scheduler.o(i.rt_schedule)
    rt_schedule_insert_thread                0x0800253d   Thumb Code    72  scheduler.o(i.rt_schedule_insert_thread)
    rt_schedule_remove_thread                0x0800258d   Thumb Code    76  scheduler.o(i.rt_schedule_remove_thread)
    rt_sem_init                              0x080025e1   Thumb Code    38  ipc.o(i.rt_sem_init)
    rt_sem_release                           0x08002607   Thumb Code    82  ipc.o(i.rt_sem_release)
    rt_sem_take                              0x08002659   Thumb Code   116  ipc.o(i.rt_sem_take)
    rt_show_version                          0x080026cd   Thumb Code     2  kservice.o(i.rt_show_version)
    rt_strncpy                               0x080026cf   Thumb Code    52  kservice.o(i.rt_strncpy)
    rt_system_heap_init                      0x08002705   Thumb Code   146  mem.o(i.rt_system_heap_init)
    rt_system_scheduler_init                 0x080027b5   Thumb Code    52  scheduler.o(i.rt_system_scheduler_init)
    rt_system_scheduler_start                0x08002801   Thumb Code    36  scheduler.o(i.rt_system_scheduler_start)
    rt_system_timer_init                     0x08002831   Thumb Code    24  timer.o(i.rt_system_timer_init)
    rt_system_timer_thread_init              0x0800284d   Thumb Code     2  timer.o(i.rt_system_timer_thread_init)
    rt_thread_create                         0x0800284f   Thumb Code    80  thread.o(i.rt_thread_create)
    rt_thread_exit                           0x080028a1   Thumb Code    78  thread.o(i.rt_thread_exit)
    rt_thread_idle_excute                    0x08002901   Thumb Code    92  idle.o(i.rt_thread_idle_excute)
    rt_thread_idle_init                      0x08002961   Thumb Code    38  idle.o(i.rt_thread_idle_init)
    rt_thread_init                           0x0800299d   Thumb Code    52  thread.o(i.rt_thread_init)
    rt_thread_mdelay                         0x080029d1   Thumb Code    20  thread.o(i.rt_thread_mdelay)
    rt_thread_resume                         0x080029e5   Thumb Code    60  thread.o(i.rt_thread_resume)
    rt_thread_self                           0x08002a21   Thumb Code     6  thread.o(i.rt_thread_self)
    rt_thread_sleep                          0x08002a2d   Thumb Code    62  thread.o(i.rt_thread_sleep)
    rt_thread_startup                        0x08002a71   Thumb Code    44  thread.o(i.rt_thread_startup)
    rt_thread_suspend                        0x08002a9d   Thumb Code    68  thread.o(i.rt_thread_suspend)
    rt_thread_timeout                        0x08002ae1   Thumb Code    32  thread.o(i.rt_thread_timeout)
    rt_thread_yield                          0x08002b01   Thumb Code    92  thread.o(i.rt_thread_yield)
    rt_tick_from_millisecond                 0x08002b65   Thumb Code    56  clock.o(i.rt_tick_from_millisecond)
    rt_tick_get                              0x08002b9d   Thumb Code     6  clock.o(i.rt_tick_get)
    rt_tick_increase                         0x08002ba9   Thumb Code    42  clock.o(i.rt_tick_increase)
    rt_timer_check                           0x08002bd9   Thumb Code   160  timer.o(i.rt_timer_check)
    rt_timer_control                         0x08002c7d   Thumb Code    98  timer.o(i.rt_timer_control)
    rt_timer_detach                          0x08002cdf   Thumb Code    40  timer.o(i.rt_timer_detach)
    rt_timer_init                            0x08002d07   Thumb Code    46  timer.o(i.rt_timer_init)
    rt_timer_start                           0x08002d35   Thumb Code   226  timer.o(i.rt_timer_start)
    rt_timer_stop                            0x08002e21   Thumb Code    48  timer.o(i.rt_timer_stop)
    rtthread_startup                         0x08002e61   Thumb Code    42  components.o(i.rtthread_startup)
    verify_crc16_check_sum                   0x08002e8d   Thumb Code    60  judge_crc.o(i.verify_crc16_check_sum)
    verify_crc8_check_sum                    0x08002ecd   Thumb Code    46  judge_crc.o(i.verify_crc8_check_sum)
    CRC8_INIT                                0x08002efa   Data           1  judge_crc.o(.constdata)
    CRC8_TAB                                 0x08002efb   Data         256  judge_crc.o(.constdata)
    wCRC_Table                               0x08002ffc   Data         512  judge_crc.o(.constdata)
    __lowest_bit_bitmap                      0x080031fc   Data         256  kservice.o(.constdata)
    __rt_init_rti_start                      0x08003320   Data           4  components.o(.rti_fn.0)
    __rt_init_rti_board_start                0x08003324   Data           4  components.o(.rti_fn.0.end)
    __rt_init_rti_board_end                  0x08003328   Data           4  components.o(.rti_fn.1.end)
    __rt_init_rti_end                        0x0800332c   Data           4  components.o(.rti_fn.6.end)
    Region$$Table$$Base                      0x08003330   Number         0  anon$$obj.o(Region$$Table)
    Region$$Table$$Limit                     0x08003350   Number         0  anon$$obj.o(Region$$Table)
    SystemCoreClock                          0x20000000   Data           4  system_stm32f4xx.o(.data)
    AHBPrescTable                            0x20000004   Data          16  system_stm32f4xx.o(.data)
    CRC_INIT                                 0x20000026   Data           2  judge_crc.o(.data)
    UI_Seq                                   0x2000002c   Data           2  rm_client_ui.o(.data)
    Judge_t                                  0x2000003c   Data           8  judge_task.o(.data)
    rt_interrupt_from_thread                 0x20000044   Data           4  cpuport.o(.data)
    rt_interrupt_to_thread                   0x20000048   Data           4  cpuport.o(.data)
    rt_thread_switch_interrupt_flag          0x2000004c   Data           4  cpuport.o(.data)
    rt_interrupt_nest                        0x20000058   Data           1  irq.o(.data)
    rt_thread_ready_priority_group           0x200000d4   Data           4  scheduler.o(.data)
    rt_current_thread                        0x200000dc   Data           4  scheduler.o(.data)
    rt_current_priority                      0x200000e0   Data           1  scheduler.o(.data)
    rt_thread_defunct                        0x200000e4   Data           8  scheduler.o(.data)
    judge_buf                                0x200000f8   Data         440  judge.o(.bss)
    Judge                                    0x200002b0   Data         192  judge.o(.bss)
    UI_Send_Buffer                           0x20000370   Data         200  rm_client_ui.o(.bss)
    MyCAN1_Rece_Data                         0x20000438   Data          20  mycan.o(.bss)
    MyCAN2_Rece_Data                         0x2000044c   Data          20  mycan.o(.bss)
    rt_thread_priority_table                 0x20000600   Data         256  scheduler.o(.bss)
    __initial_sp                             0x20010b00   Data           0  startup_stm32f446xx.o(STACK)



==============================================================================

Memory Map of the image

  Image Entry point : 0x080001c5

  Load Region LR_IROM1 (Base: 0x08000000, Size: 0x00003448, Max: 0x00080000, ABSOLUTE)

    Execution Region ER_IROM1 (Exec base: 0x08000000, Load base: 0x08000000, Size: 0x00003350, Max: 0x00080000, ABSOLUTE)

    Exec Addr    Load Addr    Size         Type   Attr      Idx    E Section Name        Object

    0x08000000   0x08000000   0x000001c4   Data   RO         3326    RESET               startup_stm32f446xx.o
    0x080001c4   0x080001c4   0x00000000   Code   RO         4837  * .ARM.Collect$$$$00000000  mc_w.l(entry.o)
    0x080001c4   0x080001c4   0x00000004   Code   RO         4846    .ARM.Collect$$$$00000001  mc_w.l(entry2.o)
    0x080001c8   0x080001c8   0x00000004   Code   RO         4849    .ARM.Collect$$$$00000004  mc_w.l(entry5.o)
    0x080001cc   0x080001cc   0x00000000   Code   RO         4851    .ARM.Collect$$$$00000008  mc_w.l(entry7b.o)
    0x080001cc   0x080001cc   0x00000000   Code   RO         4853    .ARM.Collect$$$$0000000A  mc_w.l(entry8b.o)
    0x080001cc   0x080001cc   0x00000008   Code   RO         4854    .ARM.Collect$$$$0000000B  mc_w.l(entry9a.o)
    0x080001d4   0x080001d4   0x00000004   Code   RO         4861    .ARM.Collect$$$$0000000E  mc_w.l(entry12b.o)
    0x080001d8   0x080001d8   0x00000000   Code   RO         4856    .ARM.Collect$$$$0000000F  mc_w.l(entry10a.o)
    0x080001d8   0x080001d8   0x00000000   Code   RO         4858    .ARM.Collect$$$$00000011  mc_w.l(entry11a.o)
    0x080001d8   0x080001d8   0x00000004   Code   RO         4847    .ARM.Collect$$$$00002712  mc_w.l(entry2.o)
    0x080001dc   0x080001dc   0x00000024   Code   RO         3327    .text               startup_stm32f446xx.o
    0x08000200   0x08000200   0x00000134   Code   RO         3727    .text               context_rvds.o
    0x08000334   0x08000334   0x00000024   Code   RO         4840    .text               mc_w.l(memcpya.o)
    0x08000358   0x08000358   0x00000024   Code   RO         4842    .text               mc_w.l(memseta.o)
    0x0800037c   0x0800037c   0x00000000   Code   RO         4862    .text               mc_w.l(iusefp.o)
    0x0800037c   0x0800037c   0x00000024   Code   RO         4863    .text               mc_w.l(init.o)
    0x080003a0   0x080003a0   0x0000000a   Code   RO         3811    i.$Sub$$main        components.o
    0x080003aa   0x080003aa   0x00000004   Code   RO          190    i.BusFault_Handler  stm32f4xx_it.o
    0x080003ae   0x080003ae   0x00000002   PAD
    0x080003b0   0x080003b0   0x00000018   Code   RO         3565    i.CAN1_RX0_IRQHandler  mycan.o
    0x080003c8   0x080003c8   0x0000001c   Code   RO         3566    i.CAN2_RX1_IRQHandler  mycan.o
    0x080003e4   0x080003e4   0x00000108   Code   RO          588    i.CAN_FilterInit    stm32f4xx_can.o
    0x080004ec   0x080004ec   0x00000012   Code   RO          594    i.CAN_ITConfig      stm32f4xx_can.o
    0x080004fe   0x080004fe   0x00000114   Code   RO          595    i.CAN_Init          stm32f4xx_can.o
    0x08000612   0x08000612   0x000000e8   Code   RO          598    i.CAN_Receive       stm32f4xx_can.o
    0x080006fa   0x080006fa   0x00000126   Code   RO          603    i.CAN_Transmit      stm32f4xx_can.o
    0x08000820   0x08000820   0x000000a0   Code   RO          604    i.CAN_TransmitStatus  stm32f4xx_can.o
    0x080008c0   0x080008c0   0x00000020   Code   RO         3479    i.DMA1_Stream6_IRQHandler  rm_client_ui.o
    0x080008e0   0x080008e0   0x00000034   Code   RO          923    i.DMA_ClearFlag     stm32f4xx_dma.o
    0x08000914   0x08000914   0x00000016   Code   RO          925    i.DMA_Cmd           stm32f4xx_dma.o
    0x0800092a   0x0800092a   0x00000002   PAD
    0x0800092c   0x0800092c   0x00000158   Code   RO          926    i.DMA_DeInit        stm32f4xx_dma.o
    0x08000a84   0x08000a84   0x00000016   Code   RO          927    i.DMA_DoubleBufferModeCmd  stm32f4xx_dma.o
    0x08000a9a   0x08000a9a   0x00000018   Code   RO          928    i.DMA_DoubleBufferModeConfig  stm32f4xx_dma.o
    0x08000ab2   0x08000ab2   0x00000014   Code   RO          932    i.DMA_GetCurrentMemoryTarget  stm32f4xx_dma.o
    0x08000ac6   0x08000ac6   0x00000002   PAD
    0x08000ac8   0x08000ac8   0x00000044   Code   RO          934    i.DMA_GetFlagStatus  stm32f4xx_dma.o
    0x08000b0c   0x08000b0c   0x00000064   Code   RO          935    i.DMA_GetITStatus   stm32f4xx_dma.o
    0x08000b70   0x08000b70   0x0000003a   Code   RO          936    i.DMA_ITConfig      stm32f4xx_dma.o
    0x08000baa   0x08000baa   0x00000002   PAD
    0x08000bac   0x08000bac   0x00000058   Code   RO          937    i.DMA_Init          stm32f4xx_dma.o
    0x08000c04   0x08000c04   0x0000000a   Code   RO          938    i.DMA_MemoryTargetConfig  stm32f4xx_dma.o
    0x08000c0e   0x08000c0e   0x00000002   Code   RO          191    i.DebugMon_Handler  stm32f4xx_it.o
    0x08000c10   0x08000c10   0x00000090   Code   RO         1380    i.GPIO_Init         stm32f4xx_gpio.o
    0x08000ca0   0x08000ca0   0x00000046   Code   RO         1381    i.GPIO_PinAFConfig  stm32f4xx_gpio.o
    0x08000ce6   0x08000ce6   0x00000002   PAD
    0x08000ce8   0x08000ce8   0x00000008   Code   RO         3334    i.Get_JUDGE_Data    judge.o
    0x08000cf0   0x08000cf0   0x00000038   Code   RO         3567    i.Get_Master_Encode_Data  mycan.o
    0x08000d28   0x08000d28   0x00000040   Code   RO         3335    i.Judge_Data_Check  judge.o
    0x08000d68   0x08000d68   0x000001b8   Code   RO         3336    i.Judge_Data_Update  judge.o
    0x08000f20   0x08000f20   0x00000158   Code   RO         3337    i.Judge_Init        judge.o
    0x08001078   0x08001078   0x0000000a   Code   RO         3658    i.Judge_Routing_thread_entry  ui_task.o
    0x08001082   0x08001082   0x00000004   Code   RO          192    i.MemManage_Handler  stm32f4xx_it.o
    0x08001086   0x08001086   0x0000004a   Code   RO         3568    i.MyCAN_Filter_Config  mycan.o
    0x080010d0   0x080010d0   0x00000094   Code   RO         3569    i.MyCAN_Init        mycan.o
    0x08001164   0x08001164   0x00000058   Code   RO         3570    i.MyCAN_Mode_Config  mycan.o
    0x080011bc   0x080011bc   0x00000058   Code   RO         3571    i.MyCAN_NVIC_Config  mycan.o
    0x08001214   0x08001214   0x00000002   Code   RO          193    i.NMI_Handler       stm32f4xx_it.o
    0x08001216   0x08001216   0x00000002   PAD
    0x08001218   0x08001218   0x00000078   Code   RO          288    i.NVIC_Init         misc.o
    0x08001290   0x08001290   0x00000014   Code   RO          289    i.NVIC_PriorityGroupConfig  misc.o
    0x080012a4   0x080012a4   0x00000020   Code   RO         1891    i.RCC_AHB1PeriphClockCmd  stm32f4xx_rcc.o
    0x080012c4   0x080012c4   0x00000020   Code   RO         1900    i.RCC_APB1PeriphClockCmd  stm32f4xx_rcc.o
    0x080012e4   0x080012e4   0x000001c8   Code   RO         1914    i.RCC_GetClocksFreq  stm32f4xx_rcc.o
    0x080014ac   0x080014ac   0x00000002   Code   RO          194    i.SVC_Handler       stm32f4xx_it.o
    0x080014ae   0x080014ae   0x00000002   PAD
    0x080014b0   0x080014b0   0x00000068   Code   RO         3682    i.Send_Game_Progress  judge_task.o
    0x08001518   0x08001518   0x000000b8   Code   RO         3683    i.Send_Robot_State  judge_task.o
    0x080015d0   0x080015d0   0x00000090   Code   RO         3684    i.Send_Rule_Information  judge_task.o
    0x08001660   0x08001660   0x00000120   Code   RO          247    i.SetSysClock       system_stm32f4xx.o
    0x08001780   0x08001780   0x00000008   Code   RO         4780    i.SysTick_Handler   board.o
    0x08001788   0x08001788   0x00000068   Code   RO          249    i.SystemInit        system_stm32f4xx.o
    0x080017f0   0x080017f0   0x00000080   Code   RO         3629    i.Task_Init         task_control.o
    0x08001870   0x08001870   0x000000b0   Code   RO         3482    i.UI_Init           rm_client_ui.o
    0x08001920   0x08001920   0x00000028   Code   RO         3685    i.UI_Protract_thread_entry  judge_task.o
    0x08001948   0x08001948   0x0000008c   Code   RO         3341    i.USART2_IRQHandler  judge.o
    0x080019d4   0x080019d4   0x00000012   Code   RO         3069    i.USART_ClearFlag   stm32f4xx_usart.o
    0x080019e6   0x080019e6   0x00000018   Code   RO         3073    i.USART_Cmd         stm32f4xx_usart.o
    0x080019fe   0x080019fe   0x00000012   Code   RO         3074    i.USART_DMACmd      stm32f4xx_usart.o
    0x08001a10   0x08001a10   0x00000054   Code   RO         3077    i.USART_GetITStatus  stm32f4xx_usart.o
    0x08001a64   0x08001a64   0x0000004a   Code   RO         3079    i.USART_ITConfig    stm32f4xx_usart.o
    0x08001aae   0x08001aae   0x00000002   PAD
    0x08001ab0   0x08001ab0   0x000000d4   Code   RO         3080    i.USART_Init        stm32f4xx_usart.o
    0x08001b84   0x08001b84   0x0000000a   Code   RO         3087    i.USART_ReceiveData  stm32f4xx_usart.o
    0x08001b8e   0x08001b8e   0x00000004   Code   RO          195    i.UsageFault_Handler  stm32f4xx_it.o
    0x08001b92   0x08001b92   0x00000002   PAD
    0x08001b94   0x08001b94   0x0000004c   Code   RO         4165    i.__rt_ffs          kservice.o
    0x08001be0   0x08001be0   0x0000000e   Code   RO         4867    i.__scatterload_copy  mc_w.l(handlers.o)
    0x08001bee   0x08001bee   0x00000002   Code   RO         4868    i.__scatterload_null  mc_w.l(handlers.o)
    0x08001bf0   0x08001bf0   0x0000000e   Code   RO         4869    i.__scatterload_zeroinit  mc_w.l(handlers.o)
    0x08001bfe   0x08001bfe   0x00000002   PAD
    0x08001c00   0x08001c00   0x00000084   Code   RO         4533    i._rt_thread_init   thread.o
    0x08001c84   0x08001c84   0x00000042   Code   RO         4665    i._rt_timer_init    timer.o
    0x08001cc6   0x08001cc6   0x0000001c   Code   RO         4666    i._rt_timer_remove  timer.o
    0x08001ce2   0x08001ce2   0x0000001c   Code   RO         4534    i._thread_cleanup_execute  thread.o
    0x08001cfe   0x08001cfe   0x00000018   Code   RO         4833    i.fabs              m_wm.l(fabs.o)
    0x08001d16   0x08001d16   0x00000002   PAD
    0x08001d18   0x08001d18   0x00000034   Code   RO         3416    i.get_crc16_check_sum  judge_crc.o
    0x08001d4c   0x08001d4c   0x00000024   Code   RO         3417    i.get_crc8_check_sum  judge_crc.o
    0x08001d70   0x08001d70   0x0000001c   Code   RO            4    i.main              main.o
    0x08001d8c   0x08001d8c   0x0000000e   Code   RO         3812    i.main_thread_entry  components.o
    0x08001d9a   0x08001d9a   0x00000002   PAD
    0x08001d9c   0x08001d9c   0x00000078   Code   RO         4323    i.plug_holes        mem.o
    0x08001e14   0x08001e14   0x00000030   Code   RO         3813    i.rt_application_init  components.o
    0x08001e44   0x08001e44   0x0000001c   Code   RO         3814    i.rt_components_board_init  components.o
    0x08001e60   0x08001e60   0x0000001c   Code   RO         3815    i.rt_components_init  components.o
    0x08001e7c   0x08001e7c   0x00000020   Code   RO         4467    i.rt_enter_critical  scheduler.o
    0x08001e9c   0x08001e9c   0x00000044   Code   RO         4468    i.rt_exit_critical  scheduler.o
    0x08001ee0   0x08001ee0   0x00000078   Code   RO         4325    i.rt_free           mem.o
    0x08001f58   0x08001f58   0x00000008   Code   RO         4781    i.rt_heap_begin_get  board.o
    0x08001f60   0x08001f60   0x00000008   Code   RO         4782    i.rt_heap_end_get   board.o
    0x08001f68   0x08001f68   0x00000074   Code   RO         4783    i.rt_hw_board_init  board.o
    0x08001fdc   0x08001fdc   0x0000002c   Code   RO         3734    i.rt_hw_hard_fault_exception  cpuport.o
    0x08002008   0x08002008   0x00000050   Code   RO         3735    i.rt_hw_stack_init  cpuport.o
    0x08002058   0x08002058   0x00000020   Code   RO         4138    i.rt_interrupt_enter  irq.o
    0x08002078   0x08002078   0x00000020   Code   RO         4140    i.rt_interrupt_leave  irq.o
    0x08002098   0x08002098   0x00000014   Code   RO         3921    i.rt_ipc_list_resume  ipc.o
    0x080020ac   0x080020ac   0x0000006e   Code   RO         3923    i.rt_ipc_list_suspend  ipc.o
    0x0800211a   0x0800211a   0x00000010   Code   RO         3924    i.rt_ipc_object_init  ipc.o
    0x0800212a   0x0800212a   0x00000006   Code   RO         3925    i.rt_list_init      ipc.o
    0x08002130   0x08002130   0x00000006   Code   RO         4469    i.rt_list_init      scheduler.o
    0x08002136   0x08002136   0x00000006   Code   RO         4667    i.rt_list_init      timer.o
    0x0800213c   0x0800213c   0x0000000e   Code   RO         4379    i.rt_list_insert_after  object.o
    0x0800214a   0x0800214a   0x0000000e   Code   RO         4535    i.rt_list_insert_after  thread.o
    0x08002158   0x08002158   0x0000000e   Code   RO         4668    i.rt_list_insert_after  timer.o
    0x08002166   0x08002166   0x0000000e   Code   RO         3926    i.rt_list_insert_before  ipc.o
    0x08002174   0x08002174   0x00000010   Code   RO         3927    i.rt_list_isempty   ipc.o
    0x08002184   0x08002184   0x00000010   Code   RO         4669    i.rt_list_isempty   timer.o
    0x08002194   0x08002194   0x00000012   Code   RO         4380    i.rt_list_remove    object.o
    0x080021a6   0x080021a6   0x00000012   Code   RO         4536    i.rt_list_remove    thread.o
    0x080021b8   0x080021b8   0x00000012   Code   RO         4670    i.rt_list_remove    timer.o
    0x080021ca   0x080021ca   0x00000002   PAD
    0x080021cc   0x080021cc   0x0000016c   Code   RO         4326    i.rt_malloc         mem.o
    0x08002338   0x08002338   0x00000048   Code   RO         4174    i.rt_memset         kservice.o
    0x08002380   0x08002380   0x00000054   Code   RO         4381    i.rt_object_allocate  object.o
    0x080023d4   0x080023d4   0x00000024   Code   RO         4382    i.rt_object_delete  object.o
    0x080023f8   0x080023f8   0x0000001e   Code   RO         4383    i.rt_object_detach  object.o
    0x08002416   0x08002416   0x00000002   PAD
    0x08002418   0x08002418   0x00000028   Code   RO         4385    i.rt_object_get_information  object.o
    0x08002440   0x08002440   0x00000056   Code   RO         4389    i.rt_object_init    object.o
    0x08002496   0x08002496   0x00000012   Code   RO         4390    i.rt_object_is_systemobject  object.o
    0x080024a8   0x080024a8   0x00000010   Code   RO         4784    i.rt_os_tick_callback  board.o
    0x080024b8   0x080024b8   0x00000084   Code   RO         4470    i.rt_schedule       scheduler.o
    0x0800253c   0x0800253c   0x00000050   Code   RO         4471    i.rt_schedule_insert_thread  scheduler.o
    0x0800258c   0x0800258c   0x00000054   Code   RO         4472    i.rt_schedule_remove_thread  scheduler.o
    0x080025e0   0x080025e0   0x00000026   Code   RO         3947    i.rt_sem_init       ipc.o
    0x08002606   0x08002606   0x00000052   Code   RO         3948    i.rt_sem_release    ipc.o
    0x08002658   0x08002658   0x00000074   Code   RO         3949    i.rt_sem_take       ipc.o
    0x080026cc   0x080026cc   0x00000002   Code   RO         4176    i.rt_show_version   kservice.o
    0x080026ce   0x080026ce   0x00000034   Code   RO         4184    i.rt_strncpy        kservice.o
    0x08002702   0x08002702   0x00000002   PAD
    0x08002704   0x08002704   0x000000b0   Code   RO         4329    i.rt_system_heap_init  mem.o
    0x080027b4   0x080027b4   0x0000004c   Code   RO         4473    i.rt_system_scheduler_init  scheduler.o
    0x08002800   0x08002800   0x00000030   Code   RO         4474    i.rt_system_scheduler_start  scheduler.o
    0x08002830   0x08002830   0x0000001c   Code   RO         4671    i.rt_system_timer_init  timer.o
    0x0800284c   0x0800284c   0x00000002   Code   RO         4672    i.rt_system_timer_thread_init  timer.o
    0x0800284e   0x0800284e   0x00000050   Code   RO         4538    i.rt_thread_create  thread.o
    0x0800289e   0x0800289e   0x00000002   PAD
    0x080028a0   0x080028a0   0x00000058   Code   RO         4543    i.rt_thread_exit    thread.o
    0x080028f8   0x080028f8   0x00000008   Code   RO         3879    i.rt_thread_idle_entry  idle.o
    0x08002900   0x08002900   0x00000060   Code   RO         3880    i.rt_thread_idle_excute  idle.o
    0x08002960   0x08002960   0x0000003c   Code   RO         3882    i.rt_thread_idle_init  idle.o
    0x0800299c   0x0800299c   0x00000034   Code   RO         4545    i.rt_thread_init    thread.o
    0x080029d0   0x080029d0   0x00000014   Code   RO         4546    i.rt_thread_mdelay  thread.o
    0x080029e4   0x080029e4   0x0000003c   Code   RO         4547    i.rt_thread_resume  thread.o
    0x08002a20   0x08002a20   0x0000000c   Code   RO         4548    i.rt_thread_self    thread.o
    0x08002a2c   0x08002a2c   0x00000044   Code   RO         4549    i.rt_thread_sleep   thread.o
    0x08002a70   0x08002a70   0x0000002c   Code   RO         4550    i.rt_thread_startup  thread.o
    0x08002a9c   0x08002a9c   0x00000044   Code   RO         4551    i.rt_thread_suspend  thread.o
    0x08002ae0   0x08002ae0   0x00000020   Code   RO         4552    i.rt_thread_timeout  thread.o
    0x08002b00   0x08002b00   0x00000064   Code   RO         4553    i.rt_thread_yield   thread.o
    0x08002b64   0x08002b64   0x00000038   Code   RO         3771    i.rt_tick_from_millisecond  clock.o
    0x08002b9c   0x08002b9c   0x0000000c   Code   RO         3772    i.rt_tick_get       clock.o
    0x08002ba8   0x08002ba8   0x00000030   Code   RO         3773    i.rt_tick_increase  clock.o
    0x08002bd8   0x08002bd8   0x000000a4   Code   RO         4673    i.rt_timer_check    timer.o
    0x08002c7c   0x08002c7c   0x00000062   Code   RO         4674    i.rt_timer_control  timer.o
    0x08002cde   0x08002cde   0x00000028   Code   RO         4677    i.rt_timer_detach   timer.o
    0x08002d06   0x08002d06   0x0000002e   Code   RO         4678    i.rt_timer_init     timer.o
    0x08002d34   0x08002d34   0x000000ec   Code   RO         4681    i.rt_timer_start    timer.o
    0x08002e20   0x08002e20   0x00000030   Code   RO         4682    i.rt_timer_stop     timer.o
    0x08002e50   0x08002e50   0x00000004   Code   RO         3816    i.rti_board_end     components.o
    0x08002e54   0x08002e54   0x00000004   Code   RO         3817    i.rti_board_start   components.o
    0x08002e58   0x08002e58   0x00000004   Code   RO         3818    i.rti_end           components.o
    0x08002e5c   0x08002e5c   0x00000004   Code   RO         3819    i.rti_start         components.o
    0x08002e60   0x08002e60   0x0000002a   Code   RO         3820    i.rtthread_startup  components.o
    0x08002e8a   0x08002e8a   0x00000002   PAD
    0x08002e8c   0x08002e8c   0x00000040   Code   RO         3418    i.verify_crc16_check_sum  judge_crc.o
    0x08002ecc   0x08002ecc   0x0000002e   Code   RO         3419    i.verify_crc8_check_sum  judge_crc.o
    0x08002efa   0x08002efa   0x00000302   Data   RO         3420    .constdata          judge_crc.o
    0x080031fc   0x080031fc   0x00000122   Data   RO         4190    .constdata          kservice.o
    0x0800331e   0x0800331e   0x00000002   PAD
    0x08003320   0x08003320   0x00000004   Data   RO         3821    .rti_fn.0           components.o
    0x08003324   0x08003324   0x00000004   Data   RO         3822    .rti_fn.0.end       components.o
    0x08003328   0x08003328   0x00000004   Data   RO         3823    .rti_fn.1.end       components.o
    0x0800332c   0x0800332c   0x00000004   Data   RO         3824    .rti_fn.6.end       components.o
    0x08003330   0x08003330   0x00000020   Data   RO         4865    Region$$Table       anon$$obj.o


    Execution Region RW_IRAM1 (Exec base: 0x20000000, Load base: 0x08003350, Size: 0x00010b00, Max: 0x00020000, ABSOLUTE)

    Exec Addr    Load Addr    Size         Type   Attr      Idx    E Section Name        Object

    0x20000000   0x08003350   0x00000014   Data   RW          250    .data               system_stm32f4xx.o
    0x20000014   0x08003364   0x00000010   Data   RW         1947    .data               stm32f4xx_rcc.o
    0x20000024   0x08003374   0x00000002   Data   RW         3343    .data               judge.o
    0x20000026   0x08003376   0x00000002   Data   RW         3421    .data               judge_crc.o
    0x20000028   0x08003378   0x0000000c   Data   RW         3490    .data               rm_client_ui.o
    0x20000034   0x08003384   0x00000008   Data   RW         3630    .data               task_control.o
    0x2000003c   0x0800338c   0x00000008   Data   RW         3686    .data               judge_task.o
    0x20000044   0x08003394   0x00000010   Data   RW         3736    .data               cpuport.o
    0x20000054   0x080033a4   0x00000004   Data   RW         3775    .data               clock.o
    0x20000058   0x080033a8   0x00000001   Data   RW         4141    .data               irq.o
    0x20000059   0x080033a9   0x00000003   PAD
    0x2000005c   0x080033ac   0x00000018   Data   RW         4331    .data               mem.o
    0x20000074   0x080033c4   0x00000060   Data   RW         4392    .data               object.o
    0x200000d4   0x08003424   0x00000018   Data   RW         4476    .data               scheduler.o
    0x200000ec   0x0800343c   0x0000000c   Data   RW         4683    .data               timer.o
    0x200000f8        -       0x00000278   Zero   RW         3342    .bss                judge.o
    0x20000370        -       0x000000c8   Zero   RW         3489    .bss                rm_client_ui.o
    0x20000438        -       0x00000028   Zero   RW         3572    .bss                mycan.o
    0x20000460        -       0x00000180   Zero   RW         3883    .bss                idle.o
    0x200005e0        -       0x00000020   Zero   RW         4330    .bss                mem.o
    0x20000600        -       0x00000100   Zero   RW         4475    .bss                scheduler.o
    0x20000700        -       0x00010000   Zero   RW         4785    .bss                board.o
    0x20010700        -       0x00000400   Zero   RW         3324    STACK               startup_stm32f446xx.o


==============================================================================

Image component sizes


      Code (inc. data)   RO Data    RW Data    ZI Data      Debug   Object Name

       156         20          0          0      65536      29824   board.o
       116         12          0          4          0       1788   clock.o
       186         30         16          0          0       6012   components.o
       308         28          0          0          0        932   context_rvds.o
       124         10          0         16          0       4066   cpuport.o
       164         26          0          0        384       5118   idle.o
       418          0          0          0          0       8505   ipc.o
        64         12          0          1          0       1586   irq.o
       996         62          0          2        632       8923   judge.o
       198         16        770          2          0       3997   judge_crc.o
       472         34          0          8          0       3397   judge_task.o
       202          6        290          0          0       5372   kservice.o
        28          0          0          0          0     323751   main.o
       780         92          0         24         32       3932   mem.o
       140         24          0          0          0       1899   misc.o
       506         52          0          0         40       4578   mycan.o
       326          4          0         96          0       8408   object.o
       208         28          0         12        200       6750   rm_client_ui.o
       526         90          0         24        256       8606   scheduler.o
        36          8        452          0       1024        904   startup_stm32f446xx.o
      1244         28          0          0          0       5973   stm32f4xx_can.o
       808         72          0          0          0       9748   stm32f4xx_dma.o
       214          0          0          0          0       2127   stm32f4xx_gpio.o
        18          0          0          0          0       3127   stm32f4xx_it.o
       520         28          0         16          0       4670   stm32f4xx_rcc.o
       440          8          0          0          0       6371   stm32f4xx_usart.o
       392         32          0         20          0       2065   system_stm32f4xx.o
       128         40          0          8          0        904   task_control.o
       816         38          0          0          0      12720   thread.o
       810         24          0         12          0      11848   timer.o
        10          0          0          0          0        597   ui_task.o

    ----------------------------------------------------------------------
     11384        824       1562        248      68104     498498   Object Totals
         0          0         32          0          0          0   (incl. Generated)
        30          0          2          3          0          0   (incl. Padding)

    ----------------------------------------------------------------------

      Code (inc. data)   RO Data    RW Data    ZI Data      Debug   Library Member Name

        24          0          0          0          0        124   fabs.o
         0          0          0          0          0          0   entry.o
         0          0          0          0          0          0   entry10a.o
         0          0          0          0          0          0   entry11a.o
         4          0          0          0          0          0   entry12b.o
         8          4          0          0          0          0   entry2.o
         4          0          0          0          0          0   entry5.o
         0          0          0          0          0          0   entry7b.o
         0          0          0          0          0          0   entry8b.o
         8          4          0          0          0          0   entry9a.o
        30          0          0          0          0          0   handlers.o
        36          8          0          0          0         68   init.o
         0          0          0          0          0          0   iusefp.o
        36          0          0          0          0         68   memcpya.o
        36          0          0          0          0        108   memseta.o

    ----------------------------------------------------------------------
       190         16          0          0          0        368   Library Totals
         4          0          0          0          0          0   (incl. Padding)

    ----------------------------------------------------------------------

      Code (inc. data)   RO Data    RW Data    ZI Data      Debug   Library Name

        24          0          0          0          0        124   m_wm.l
       162         16          0          0          0        244   mc_w.l

    ----------------------------------------------------------------------
       190         16          0          0          0        368   Library Totals

    ----------------------------------------------------------------------

==============================================================================


      Code (inc. data)   RO Data    RW Data    ZI Data      Debug   

     11574        840       1562        248      68104     484318   Grand Totals
     11574        840       1562        248      68104     484318   ELF Image Totals
     11574        840       1562        248          0          0   ROM Totals

==============================================================================

    Total RO  Size (Code + RO Data)                13136 (  12.83kB)
    Total RW  Size (RW Data + ZI Data)             68352 (  66.75kB)
    Total ROM Size (Code + RO Data + RW Data)      13384 (  13.07kB)

==============================================================================

