Component: ARM Compiler 5.06 update 7 (build 960) Tool: armlink [4d3601]

==============================================================================

Section Cross References

    main.o(i.main) refers to robot_init.o(i.Peripheral_Init) for Peripheral_Init
    main.o(i.main) refers to task_control.o(i.Task_Init) for Task_Init
    main.o(i.main) refers to task_control.o(i.Function_Init) for Function_Init
    system_stm32f4xx.o(i.SystemCoreClockUpdate) refers to system_stm32f4xx.o(.data) for SystemCoreClock
    system_stm32f4xx.o(i.SystemInit) refers to system_stm32f4xx.o(i.SetSysClock) for SetSysClock
    stm32f4xx_adc.o(i.ADC_DeInit) refers to stm32f4xx_rcc.o(i.RCC_APB2PeriphResetCmd) for RCC_APB2PeriphResetCmd
    stm32f4xx_can.o(i.CAN_DeInit) refers to stm32f4xx_rcc.o(i.RCC_APB1PeriphResetCmd) for RCC_APB1PeriphResetCmd
    stm32f4xx_can.o(i.CAN_GetITStatus) refers to stm32f4xx_can.o(i.CheckITStatus) for CheckITStatus
    stm32f4xx_cryp.o(i.CRYP_DeInit) refers to stm32f4xx_rcc.o(i.RCC_AHB2PeriphResetCmd) for RCC_AHB2PeriphResetCmd
    stm32f4xx_cryp_aes.o(i.CRYP_AES_CBC) refers to stm32f4xx_cryp.o(i.CRYP_KeyStructInit) for CRYP_KeyStructInit
    stm32f4xx_cryp_aes.o(i.CRYP_AES_CBC) refers to stm32f4xx_cryp.o(i.CRYP_FIFOFlush) for CRYP_FIFOFlush
    stm32f4xx_cryp_aes.o(i.CRYP_AES_CBC) refers to stm32f4xx_cryp.o(i.CRYP_Init) for CRYP_Init
    stm32f4xx_cryp_aes.o(i.CRYP_AES_CBC) refers to stm32f4xx_cryp.o(i.CRYP_KeyInit) for CRYP_KeyInit
    stm32f4xx_cryp_aes.o(i.CRYP_AES_CBC) refers to stm32f4xx_cryp.o(i.CRYP_Cmd) for CRYP_Cmd
    stm32f4xx_cryp_aes.o(i.CRYP_AES_CBC) refers to stm32f4xx_cryp.o(i.CRYP_GetFlagStatus) for CRYP_GetFlagStatus
    stm32f4xx_cryp_aes.o(i.CRYP_AES_CBC) refers to stm32f4xx_cryp.o(i.CRYP_IVInit) for CRYP_IVInit
    stm32f4xx_cryp_aes.o(i.CRYP_AES_CBC) refers to stm32f4xx_cryp.o(i.CRYP_GetCmdStatus) for CRYP_GetCmdStatus
    stm32f4xx_cryp_aes.o(i.CRYP_AES_CBC) refers to stm32f4xx_cryp.o(i.CRYP_DataIn) for CRYP_DataIn
    stm32f4xx_cryp_aes.o(i.CRYP_AES_CBC) refers to stm32f4xx_cryp.o(i.CRYP_DataOut) for CRYP_DataOut
    stm32f4xx_cryp_aes.o(i.CRYP_AES_CCM) refers to stm32f4xx_cryp.o(i.CRYP_KeyStructInit) for CRYP_KeyStructInit
    stm32f4xx_cryp_aes.o(i.CRYP_AES_CCM) refers to stm32f4xx_cryp.o(i.CRYP_FIFOFlush) for CRYP_FIFOFlush
    stm32f4xx_cryp_aes.o(i.CRYP_AES_CCM) refers to stm32f4xx_cryp.o(i.CRYP_KeyInit) for CRYP_KeyInit
    stm32f4xx_cryp_aes.o(i.CRYP_AES_CCM) refers to stm32f4xx_cryp.o(i.CRYP_IVInit) for CRYP_IVInit
    stm32f4xx_cryp_aes.o(i.CRYP_AES_CCM) refers to stm32f4xx_cryp.o(i.CRYP_Init) for CRYP_Init
    stm32f4xx_cryp_aes.o(i.CRYP_AES_CCM) refers to stm32f4xx_cryp.o(i.CRYP_PhaseConfig) for CRYP_PhaseConfig
    stm32f4xx_cryp_aes.o(i.CRYP_AES_CCM) refers to stm32f4xx_cryp.o(i.CRYP_DataIn) for CRYP_DataIn
    stm32f4xx_cryp_aes.o(i.CRYP_AES_CCM) refers to stm32f4xx_cryp.o(i.CRYP_Cmd) for CRYP_Cmd
    stm32f4xx_cryp_aes.o(i.CRYP_AES_CCM) refers to stm32f4xx_cryp.o(i.CRYP_GetCmdStatus) for CRYP_GetCmdStatus
    stm32f4xx_cryp_aes.o(i.CRYP_AES_CCM) refers to stm32f4xx_cryp.o(i.CRYP_GetFlagStatus) for CRYP_GetFlagStatus
    stm32f4xx_cryp_aes.o(i.CRYP_AES_CCM) refers to stm32f4xx_cryp.o(i.CRYP_DataOut) for CRYP_DataOut
    stm32f4xx_cryp_aes.o(i.CRYP_AES_CTR) refers to stm32f4xx_cryp.o(i.CRYP_KeyStructInit) for CRYP_KeyStructInit
    stm32f4xx_cryp_aes.o(i.CRYP_AES_CTR) refers to stm32f4xx_cryp.o(i.CRYP_KeyInit) for CRYP_KeyInit
    stm32f4xx_cryp_aes.o(i.CRYP_AES_CTR) refers to stm32f4xx_cryp.o(i.CRYP_Init) for CRYP_Init
    stm32f4xx_cryp_aes.o(i.CRYP_AES_CTR) refers to stm32f4xx_cryp.o(i.CRYP_IVInit) for CRYP_IVInit
    stm32f4xx_cryp_aes.o(i.CRYP_AES_CTR) refers to stm32f4xx_cryp.o(i.CRYP_FIFOFlush) for CRYP_FIFOFlush
    stm32f4xx_cryp_aes.o(i.CRYP_AES_CTR) refers to stm32f4xx_cryp.o(i.CRYP_Cmd) for CRYP_Cmd
    stm32f4xx_cryp_aes.o(i.CRYP_AES_CTR) refers to stm32f4xx_cryp.o(i.CRYP_GetCmdStatus) for CRYP_GetCmdStatus
    stm32f4xx_cryp_aes.o(i.CRYP_AES_CTR) refers to stm32f4xx_cryp.o(i.CRYP_DataIn) for CRYP_DataIn
    stm32f4xx_cryp_aes.o(i.CRYP_AES_CTR) refers to stm32f4xx_cryp.o(i.CRYP_GetFlagStatus) for CRYP_GetFlagStatus
    stm32f4xx_cryp_aes.o(i.CRYP_AES_CTR) refers to stm32f4xx_cryp.o(i.CRYP_DataOut) for CRYP_DataOut
    stm32f4xx_cryp_aes.o(i.CRYP_AES_ECB) refers to stm32f4xx_cryp.o(i.CRYP_KeyStructInit) for CRYP_KeyStructInit
    stm32f4xx_cryp_aes.o(i.CRYP_AES_ECB) refers to stm32f4xx_cryp.o(i.CRYP_FIFOFlush) for CRYP_FIFOFlush
    stm32f4xx_cryp_aes.o(i.CRYP_AES_ECB) refers to stm32f4xx_cryp.o(i.CRYP_Init) for CRYP_Init
    stm32f4xx_cryp_aes.o(i.CRYP_AES_ECB) refers to stm32f4xx_cryp.o(i.CRYP_KeyInit) for CRYP_KeyInit
    stm32f4xx_cryp_aes.o(i.CRYP_AES_ECB) refers to stm32f4xx_cryp.o(i.CRYP_Cmd) for CRYP_Cmd
    stm32f4xx_cryp_aes.o(i.CRYP_AES_ECB) refers to stm32f4xx_cryp.o(i.CRYP_GetFlagStatus) for CRYP_GetFlagStatus
    stm32f4xx_cryp_aes.o(i.CRYP_AES_ECB) refers to stm32f4xx_cryp.o(i.CRYP_GetCmdStatus) for CRYP_GetCmdStatus
[...]
    RTC_Alarm_IRQHandler                     0x080001bb   Thumb Code     0  startup_stm32f40xx.o(.text)
    RTC_WKUP_IRQHandler                      0x080001bb   Thumb Code     0  startup_stm32f40xx.o(.text)
    SDIO_IRQHandler                          0x080001bb   Thumb Code     0  startup_stm32f40xx.o(.text)
    SPI1_IRQHandler                          0x080001bb   Thumb Code     0  startup_stm32f40xx.o(.text)
    SPI2_IRQHandler                          0x080001bb   Thumb Code     0  startup_stm32f40xx.o(.text)
    SPI3_IRQHandler                          0x080001bb   Thumb Code     0  startup_stm32f40xx.o(.text)
    TAMP_STAMP_IRQHandler                    0x080001bb   Thumb Code     0  startup_stm32f40xx.o(.text)
    TIM1_BRK_TIM9_IRQHandler                 0x080001bb   Thumb Code     0  startup_stm32f40xx.o(.text)
    TIM1_CC_IRQHandler                       0x080001bb   Thumb Code     0  startup_stm32f40xx.o(.text)
    TIM1_TRG_COM_TIM11_IRQHandler            0x080001bb   Thumb Code     0  startup_stm32f40xx.o(.text)
    TIM1_UP_TIM10_IRQHandler                 0x080001bb   Thumb Code     0  startup_stm32f40xx.o(.text)
    TIM2_IRQHandler                          0x080001bb   Thumb Code     0  startup_stm32f40xx.o(.text)
    TIM3_IRQHandler                          0x080001bb   Thumb Code     0  startup_stm32f40xx.o(.text)
    TIM4_IRQHandler                          0x080001bb   Thumb Code     0  startup_stm32f40xx.o(.text)
    TIM5_IRQHandler                          0x080001bb   Thumb Code     0  startup_stm32f40xx.o(.text)
    TIM8_BRK_TIM12_IRQHandler                0x080001bb   Thumb Code     0  startup_stm32f40xx.o(.text)
    TIM8_CC_IRQHandler                       0x080001bb   Thumb Code     0  startup_stm32f40xx.o(.text)
    TIM8_TRG_COM_TIM14_IRQHandler            0x080001bb   Thumb Code     0  startup_stm32f40xx.o(.text)
    TIM8_UP_TIM13_IRQHandler                 0x080001bb   Thumb Code     0  startup_stm32f40xx.o(.text)
    UART4_IRQHandler                         0x080001bb   Thumb Code     0  startup_stm32f40xx.o(.text)
    UART5_IRQHandler                         0x080001bb   Thumb Code     0  startup_stm32f40xx.o(.text)
    USART3_IRQHandler                        0x080001bb   Thumb Code     0  startup_stm32f40xx.o(.text)
    WWDG_IRQHandler                          0x080001bb   Thumb Code     0  startup_stm32f40xx.o(.text)
    rt_hw_interrupt_disable                  0x080001c5   Thumb Code     8  context_rvds.o(.text)
    rt_hw_interrupt_enable                   0x080001cd   Thumb Code     6  context_rvds.o(.text)
    rt_hw_context_switch                     0x080001d3   Thumb Code    32  context_rvds.o(.text)
    rt_hw_context_switch_interrupt           0x080001d3   Thumb Code     0  context_rvds.o(.text)
    PendSV_Handler                           0x080001f3   Thumb Code   108  context_rvds.o(.text)
    rt_hw_context_switch_to                  0x0800025f   Thumb Code    68  context_rvds.o(.text)
    rt_hw_interrupt_thread_switch            0x080002a3   Thumb Code     2  context_rvds.o(.text)
    HardFault_Handler                        0x080002a5   Thumb Code    56  context_rvds.o(.text)
    __aeabi_llsl                             0x080002f9   Thumb Code    30  llshl.o(.text)
    _ll_shift_l                              0x080002f9   Thumb Code     0  llshl.o(.text)
    __aeabi_memcpy                           0x08000317   Thumb Code    36  memcpya.o(.text)
    __aeabi_memcpy4                          0x08000317   Thumb Code     0  memcpya.o(.text)
    __aeabi_memcpy8                          0x08000317   Thumb Code     0  memcpya.o(.text)
    __aeabi_memset                           0x0800033b   Thumb Code    14  memseta.o(.text)
    __aeabi_memset4                          0x0800033b   Thumb Code     0  memseta.o(.text)
    __aeabi_memset8                          0x0800033b   Thumb Code     0  memseta.o(.text)
    __aeabi_memclr                           0x08000349   Thumb Code     4  memseta.o(.text)
    __aeabi_memclr4                          0x08000349   Thumb Code     0  memseta.o(.text)
    __aeabi_memclr8                          0x08000349   Thumb Code     0  memseta.o(.text)
    _memset$wrapper                          0x0800034d   Thumb Code    18  memseta.o(.text)
    __aeabi_dadd                             0x0800035f   Thumb Code   322  dadd.o(.text)
    __aeabi_dsub                             0x080004a1   Thumb Code     6  dadd.o(.text)
    __aeabi_drsub                            0x080004a7   Thumb Code     6  dadd.o(.text)
    __aeabi_dmul                             0x080004ad   Thumb Code   228  dmul.o(.text)
    __aeabi_ddiv                             0x08000591   Thumb Code   222  ddiv.o(.text)
    __aeabi_i2d                              0x0800066f   Thumb Code    34  dflti.o(.text)
    __aeabi_d2iz                             0x08000691   Thumb Code    62  dfixi.o(.text)
    __aeabi_f2d                              0x080006cf   Thumb Code    38  f2d.o(.text)
    __aeabi_cdcmpeq                          0x080006f5   Thumb Code     0  cdcmple.o(.text)
    __aeabi_cdcmple                          0x080006f5   Thumb Code    48  cdcmple.o(.text)
    __aeabi_cdrcmple                         0x08000725   Thumb Code    48  cdrcmple.o(.text)
    __aeabi_d2f                              0x08000755   Thumb Code    56  d2f.o(.text)
    __aeabi_llsr                             0x0800078d   Thumb Code    32  llushr.o(.text)
    _ll_ushift_r                             0x0800078d   Thumb Code     0  llushr.o(.text)
    __aeabi_lasr                             0x080007ad   Thumb Code    36  llsshr.o(.text)
    _ll_sshift_r                             0x080007ad   Thumb Code     0  llsshr.o(.text)
    __I$use$fp                               0x080007d1   Thumb Code     0  iusefp.o(.text)
    _float_round                             0x080007d1   Thumb Code    18  fepilogue.o(.text)
    _float_epilogue                          0x080007e3   Thumb Code    92  fepilogue.o(.text)
    _double_round                            0x0800083f   Thumb Code    30  depilogue.o(.text)
    _double_epilogue                         0x0800085d   Thumb Code   156  depilogue.o(.text)
    __scatterload                            0x080008f9   Thumb Code    28  init.o(.text)
    __scatterload_rt2                        0x080008f9   Thumb Code     0  init.o(.text)
    __aeabi_ui2d                             0x0800091d   Thumb Code    26  dfltui.o(.text)
    __decompress                             0x08000937   Thumb Code     0  __dczerorl2.o(.text)
    __decompress1                            0x08000937   Thumb Code    86  __dczerorl2.o(.text)
    main                                     0x0800098d   Thumb Code    10  components.o(i.$Sub$$main)
    AiMBot_Data_Handle                       0x08000999   Thumb Code   210  pc_communicate.o(i.AiMBot_Data_Handle)
    BMI088_accel_read_single_reg             0x08000aa1   Thumb Code    38  imu_driver.o(i.BMI088_accel_read_single_reg)
    BMI088_accel_write_single_reg            0x08000acd   Thumb Code    30  imu_driver.o(i.BMI088_accel_write_single_reg)
    BMI088_gyro_read_single_reg              0x08000aed   Thumb Code    32  imu_driver.o(i.BMI088_gyro_read_single_reg)
    BMI088_gyro_write_single_reg             0x08000b11   Thumb Code    30  imu_driver.o(i.BMI088_gyro_write_single_reg)
    Base_Follow_Gimbal_Action                0x08000b31   Thumb Code    48  base_app.o(i.Base_Follow_Gimbal_Action)
    Base_MotorAll_SetSpeed                   0x08000b6d   Thumb Code   108  motor.o(i.Base_MotorAll_SetSpeed)
    Base_PC_Control                          0x08000bdd   Thumb Code    22  base_control.o(i.Base_PC_Control)
    Base_Remote_Control                      0x08000bfd   Thumb Code   100  base_control.o(i.Base_Remote_Control)
    Base_Timer_Init                          0x08000c6d   Thumb Code   108  base_timer.o(i.Base_Timer_Init)
    Base_thread_entry                        0x08000cdd   Thumb Code    82  base_control.o(i.Base_thread_entry)
    BodyFrameToEarthFrame                    0x08000d3d   Thumb Code   346  imu.o(i.BodyFrameToEarthFrame)
    BusFault_Handler                         0x08000e97   Thumb Code     4  stm32f4xx_it.o(i.BusFault_Handler)
    CAN1_RX0_IRQHandler                      0x08000e9d   Thumb Code    18  mycan.o(i.CAN1_RX0_IRQHandler)
    CAN2_RX1_IRQHandler                      0x08000eb9   Thumb Code    18  mycan.o(i.CAN2_RX1_IRQHandler)
    CAN_FilterInit                           0x08000ed5   Thumb Code   258  stm32f4xx_can.o(i.CAN_FilterInit)
    CAN_ITConfig                             0x08000fdd   Thumb Code    18  stm32f4xx_can.o(i.CAN_ITConfig)
    CAN_Init                                 0x08000fef   Thumb Code   276  stm32f4xx_can.o(i.CAN_Init)
    CAN_Receive                              0x08001103   Thumb Code   232  stm32f4xx_can.o(i.CAN_Receive)
    CAN_Transmit                             0x080011eb   Thumb Code   294  stm32f4xx_can.o(i.CAN_Transmit)
    CAN_TransmitStatus                       0x08001311   Thumb Code   138  stm32f4xx_can.o(i.CAN_TransmitStatus)
    Calibrate_IMU_Offset                     0x080013b1   Thumb Code   826  imu_driver.o(i.Calibrate_IMU_Offset)
    DMA1_Stream1_IRQHandler                  0x0800170d   Thumb Code    28  remote.o(i.DMA1_Stream1_IRQHandler)
    DMA_ClearITPendingBit                    0x08001735   Thumb Code    38  stm32f4xx_dma.o(i.DMA_ClearITPendingBit)
    DMA_Cmd                                  0x08001769   Thumb Code    22  stm32f4xx_dma.o(i.DMA_Cmd)
    DMA_DeInit                               0x08001781   Thumb Code   324  stm32f4xx_dma.o(i.DMA_DeInit)
    DMA_GetCurrentMemoryTarget               0x080018d9   Thumb Code    20  stm32f4xx_dma.o(i.DMA_GetCurrentMemoryTarget)
    DMA_GetFlagStatus                        0x080018ed   Thumb Code    54  stm32f4xx_dma.o(i.DMA_GetFlagStatus)
    DMA_GetITStatus                          0x08001931   Thumb Code    82  stm32f4xx_dma.o(i.DMA_GetITStatus)
    DMA_ITConfig                             0x08001995   Thumb Code    58  stm32f4xx_dma.o(i.DMA_ITConfig)
    DMA_Init                                 0x080019d1   Thumb Code    82  stm32f4xx_dma.o(i.DMA_Init)
    DMA_MemoryTargetConfig                   0x08001a29   Thumb Code    10  stm32f4xx_dma.o(i.DMA_MemoryTargetConfig)
    DebugMon_Handler                         0x08001a33   Thumb Code     2  stm32f4xx_it.o(i.DebugMon_Handler)
    EarthFrameToBodyFrame                    0x08001a35   Thumb Code   346  imu.o(i.EarthFrameToBodyFrame)
    Fun_Init_thread_entry                    0x08001b91   Thumb Code   442  robot_init.o(i.Fun_Init_thread_entry)
    Function_Init                            0x08001d95   Thumb Code   124  task_control.o(i.Function_Init)
    GPIO_Init                                0x08001e4d   Thumb Code   144  stm32f4xx_gpio.o(i.GPIO_Init)
    GPIO_PinAFConfig                         0x08001edd   Thumb Code    70  stm32f4xx_gpio.o(i.GPIO_PinAFConfig)
    GPIO_ResetBits                           0x08001f23   Thumb Code     6  stm32f4xx_gpio.o(i.GPIO_ResetBits)
    GPIO_SetBits                             0x08001f29   Thumb Code     4  stm32f4xx_gpio.o(i.GPIO_SetBits)
    Get_Acc_Num                              0x08001f2d   Thumb Code   184  imu_driver.o(i.Get_Acc_Num)
    Get_Base_Encode_Data                     0x08001ff1   Thumb Code   352  encoder.o(i.Get_Base_Encode_Data)
    Get_Gimbal_Encode_Data                   0x0800216d   Thumb Code   216  encoder.o(i.Get_Gimbal_Encode_Data)
    Get_Gyro_Num                             0x08002259   Thumb Code   306  imu_driver.o(i.Get_Gyro_Num)
    Gimbal_MotorAll_SetSpeed                 0x0800239d   Thumb Code    98  motor.o(i.Gimbal_MotorAll_SetSpeed)
    Gimbal_PC_Control                        0x08002405   Thumb Code   336  gimbal_control.o(i.Gimbal_PC_Control)
    Gimbal_Pitch_Action                      0x08002581   Thumb Code   104  gimbal_app.o(i.Gimbal_Pitch_Action)
    Gimbal_Remote_Control                    0x080025f9   Thumb Code   436  gimbal_control.o(i.Gimbal_Remote_Control)
    Gimbal_Yaw_Action                        0x080027ed   Thumb Code   148  gimbal_app.o(i.Gimbal_Yaw_Action)
    Gimbal_thread_entry                      0x0800289d   Thumb Code    96  gimbal_control.o(i.Gimbal_thread_entry)
    IMU_Driver_Init                          0x08002a3d   Thumb Code    20  imu_driver.o(i.IMU_Driver_Init)
    IMU_Init                                 0x08002a51   Thumb Code    46  imu.o(i.IMU_Init)
    IMU_Offset_thread_entry                  0x08002a95   Thumb Code    18  imu.o(i.IMU_Offset_thread_entry)
    IMU_QuaternionEKF_Init                   0x08002ce9   Thumb Code   264  quaternionekf.o(i.IMU_QuaternionEKF_Init)
    IMU_QuaternionEKF_Update                 0x08002f75   Thumb Code  1566  quaternionekf.o(i.IMU_QuaternionEKF_Update)
    IMU_Read                                 0x08003ab1   Thumb Code    12  imu_driver.o(i.IMU_Read)
    IMU_SPI_Accel_Start                      0x08003abd   Thumb Code    12  imu_spi.o(i.IMU_SPI_Accel_Start)
    IMU_SPI_Accel_Stop                       0x08003acd   Thumb Code    12  imu_spi.o(i.IMU_SPI_Accel_Stop)
    IMU_SPI_Gyro_Start                       0x08003add   Thumb Code    12  imu_spi.o(i.IMU_SPI_Gyro_Start)
    IMU_SPI_Gyro_Stop                        0x08003aed   Thumb Code    12  imu_spi.o(i.IMU_SPI_Gyro_Stop)
    IMU_SPI_Init                             0x08003afd   Thumb Code   234  imu_spi.o(i.IMU_SPI_Init)
    IMU_SPI_SwapByte                         0x08003bf5   Thumb Code    50  imu_spi.o(i.IMU_SPI_SwapByte)
    IMU_Timer_Init                           0x08003c2d   Thumb Code   108  imu_timer.o(i.IMU_Timer_Init)
    IMU_Timer_Start_Count                    0x08003c9d   Thumb Code    32  imu_timer.o(i.IMU_Timer_Start_Count)
    IMU_Timer_Stop_Count                     0x08003cc9   Thumb Code    76  imu_timer.o(i.IMU_Timer_Stop_Count)
    IMU_Updata                               0x08003d21   Thumb Code   474  imu.o(i.IMU_Updata)
    Inspection_thread_entry                  0x08003f31   Thumb Code   238  detect.o(i.Inspection_thread_entry)
    Judge_Data_Check                         0x08004029   Thumb Code    56  judge.o(i.Judge_Data_Check)
    Judge_Data_Update                        0x08004069   Thumb Code   486  judge.o(i.Judge_Data_Update)
    Kalman_Filter_Init                       0x08004259   Thumb Code  1814  kalman_filter.o(i.Kalman_Filter_Init)
    Kalman_Filter_Measure                    0x08004979   Thumb Code    74  kalman_filter.o(i.Kalman_Filter_Measure)
    Kalman_Filter_P_Update                   0x080049c9   Thumb Code   104  kalman_filter.o(i.Kalman_Filter_P_Update)
    Kalman_Filter_PminusUpdate               0x08004a31   Thumb Code   104  kalman_filter.o(i.Kalman_Filter_PminusUpdate)
    Kalman_Filter_SetK                       0x08004a99   Thumb Code   210  kalman_filter.o(i.Kalman_Filter_SetK)
    Kalman_Filter_Update                     0x08004b6d   Thumb Code   292  kalman_filter.o(i.Kalman_Filter_Update)
    Kalman_Filter_xhatMinusUpdate            0x08004c95   Thumb Code   124  kalman_filter.o(i.Kalman_Filter_xhatMinusUpdate)
    Kalman_Filter_xhatUpdate                 0x08004d11   Thumb Code   134  kalman_filter.o(i.Kalman_Filter_xhatUpdate)
    Low_Pass_Filter                          0x08004d97   Thumb Code    50  filter.o(i.Low_Pass_Filter)
    Low_Pass_Filter_Init                     0x08004dc9   Thumb Code   106  filter.o(i.Low_Pass_Filter_Init)
    MemManage_Handler                        0x08004e71   Thumb Code     4  stm32f4xx_it.o(i.MemManage_Handler)
    Move_Speed_Transform                     0x08004e75   Thumb Code   618  base_app.o(i.Move_Speed_Transform)
    MyCAN_Filter_Config                      0x080050fd   Thumb Code    74  mycan.o(i.MyCAN_Filter_Config)
    MyCAN_Init                               0x08005149   Thumb Code   136  mycan.o(i.MyCAN_Init)
    MyCAN_Mode_Config                        0x080051d9   Thumb Code    80  mycan.o(i.MyCAN_Mode_Config)
    MyCAN_NVIC_Config                        0x08005231   Thumb Code    80  mycan.o(i.MyCAN_NVIC_Config)
    NMI_Handler                              0x08005289   Thumb Code     2  stm32f4xx_it.o(i.NMI_Handler)
    NVIC_Init                                0x0800528d   Thumb Code   106  misc.o(i.NVIC_Init)
    PC_Communicate_thread_entry              0x08005305   Thumb Code   298  pc_communicate.o(i.PC_Communicate_thread_entry)
    PID_All_Init                             0x0800544d   Thumb Code   378  pid.o(i.PID_All_Init)
    PID_Init                                 0x08005639   Thumb Code    42  pid.o(i.PID_Init)
    PWM_Init                                 0x08005665   Thumb Code   214  pwm.o(i.PWM_Init)
    PWM_SetCompare                           0x08005745   Thumb Code    48  pwm.o(i.PWM_SetCompare)
    Peripheral_Init                          0x08005779   Thumb Code    60  robot_init.o(i.Peripheral_Init)
    Pitch_Motor_SetSpeed                     0x080057b9   Thumb Code    96  motor.o(i.Pitch_Motor_SetSpeed)
    Pos_PID                                  0x0800581d   Thumb Code   336  pid.o(i.Pos_PID)
    RCC_AHB1PeriphClockCmd                   0x08005971   Thumb Code    26  stm32f4xx_rcc.o(i.RCC_AHB1PeriphClockCmd)
    RCC_APB1PeriphClockCmd                   0x08005991   Thumb Code    26  stm32f4xx_rcc.o(i.RCC_APB1PeriphClockCmd)
    RCC_APB1PeriphResetCmd                   0x080059b1   Thumb Code    26  stm32f4xx_rcc.o(i.RCC_APB1PeriphResetCmd)
    RCC_APB2PeriphClockCmd                   0x080059d1   Thumb Code    26  stm32f4xx_rcc.o(i.RCC_APB2PeriphClockCmd)
    RCC_APB2PeriphResetCmd                   0x080059f1   Thumb Code    26  stm32f4xx_rcc.o(i.RCC_APB2PeriphResetCmd)
    RCC_GetClocksFreq                        0x08005a11   Thumb Code   214  stm32f4xx_rcc.o(i.RCC_GetClocksFreq)
    RC_Init                                  0x08005af9   Thumb Code   262  remote.o(i.RC_Init)
    RemoteDataProcess                        0x08005c15   Thumb Code   402  remote.o(i.RemoteDataProcess)
    Remote_Data_Detect                       0x08005db1   Thumb Code   236  detect.o(i.Remote_Data_Detect)
    Remote_Gyro_Start                        0x08005ea5   Thumb Code    48  base_app.o(i.Remote_Gyro_Start)
    Remote_Gyro_Stop                         0x08005ed9   Thumb Code   190  base_app.o(i.Remote_Gyro_Stop)
    Remote_Init                              0x08005fb1   Thumb Code    12  remote.o(i.Remote_Init)
    Remote_RCRatio_Cal                       0x08005fbd   Thumb Code   338  remote.o(i.Remote_RCRatio_Cal)
    Remote_StructInit                        0x08006135   Thumb Code    22  remote.o(i.Remote_StructInit)
    SPI_Cmd                                  0x08006151   Thumb Code    24  stm32f4xx_spi.o(i.SPI_Cmd)
    SPI_I2S_GetFlagStatus                    0x08006169   Thumb Code    18  stm32f4xx_spi.o(i.SPI_I2S_GetFlagStatus)
    SPI_I2S_ReceiveData                      0x0800617b   Thumb Code     6  stm32f4xx_spi.o(i.SPI_I2S_ReceiveData)
    SPI_I2S_SendData                         0x08006181   Thumb Code     4  stm32f4xx_spi.o(i.SPI_I2S_SendData)
    SPI_Init                                 0x08006185   Thumb Code    60  stm32f4xx_spi.o(i.SPI_Init)
    SVC_Handler                              0x080061c1   Thumb Code     2  stm32f4xx_it.o(i.SVC_Handler)
    Sampling_thread_entry                    0x080061c5   Thumb Code   400  sampling.o(i.Sampling_thread_entry)
    Serial_1_SendArray                       0x080063a5   Thumb Code    26  usart.o(i.Serial_1_SendArray)
    Serial_1_SendByte                        0x080063c1   Thumb Code    28  usart.o(i.Serial_1_SendByte)
    Serial_Init                              0x080063e1   Thumb Code   308  usart.o(i.Serial_Init)
    Shoot_Speed_Action                       0x08006615   Thumb Code   104  gimbal_app.o(i.Shoot_Speed_Action)
    Snail_Init                               0x0800668d   Thumb Code    50  pwm.o(i.Snail_Init)
    Snail_Shoot                              0x080066bf   Thumb Code    18  pwm.o(i.Snail_Shoot)
    Start_Main_thread_entry                  0x080066d1   Thumb Code    84  task_control.o(i.Start_Main_thread_entry)
    Start_Thread                             0x08006739   Thumb Code    40  task_control.o(i.Start_Thread)
    SysTick_Handler                          0x08006775   Thumb Code     8  board.o(i.SysTick_Handler)
    SystemInit                               0x0800677d   Thumb Code    88  system_stm32f4xx.o(i.SystemInit)
    TIM6_DAC_IRQHandler                      0x080067e5   Thumb Code    28  base_timer.o(i.TIM6_DAC_IRQHandler)
    TIM7_IRQHandler                          0x08006809   Thumb Code    34  imu_timer.o(i.TIM7_IRQHandler)
    TIM_ClearFlag                            0x08006835   Thumb Code     6  stm32f4xx_tim.o(i.TIM_ClearFlag)
    TIM_ClearITPendingBit                    0x0800683b   Thumb Code     6  stm32f4xx_tim.o(i.TIM_ClearITPendingBit)
    TIM_Cmd                                  0x08006841   Thumb Code    24  stm32f4xx_tim.o(i.TIM_Cmd)
    TIM_CtrlPWMOutputs                       0x08006859   Thumb Code    30  stm32f4xx_tim.o(i.TIM_CtrlPWMOutputs)
    TIM_GetCounter                           0x08006877   Thumb Code     6  stm32f4xx_tim.o(i.TIM_GetCounter)
    TIM_GetITStatus                          0x0800687d   Thumb Code    34  stm32f4xx_tim.o(i.TIM_GetITStatus)
    TIM_ITConfig                             0x0800689f   Thumb Code    18  stm32f4xx_tim.o(i.TIM_ITConfig)
    TIM_InternalClockConfig                  0x080068b1   Thumb Code    12  stm32f4xx_tim.o(i.TIM_InternalClockConfig)
    TIM_OC1Init                              0x080068bd   Thumb Code   114  stm32f4xx_tim.o(i.TIM_OC1Init)
    TIM_OC2Init                              0x08006939   Thumb Code   154  stm32f4xx_tim.o(i.TIM_OC2Init)
    TIM_OC3Init                              0x080069dd   Thumb Code   150  stm32f4xx_tim.o(i.TIM_OC3Init)
    TIM_OC4Init                              0x08006a7d   Thumb Code   112  stm32f4xx_tim.o(i.TIM_OC4Init)
    TIM_OCStructInit                         0x08006af5   Thumb Code    20  stm32f4xx_tim.o(i.TIM_OCStructInit)
    TIM_SetCompare1                          0x08006b09   Thumb Code     4  stm32f4xx_tim.o(i.TIM_SetCompare1)
    TIM_SetCompare2                          0x08006b0d   Thumb Code     4  stm32f4xx_tim.o(i.TIM_SetCompare2)
    TIM_SetCompare3                          0x08006b11   Thumb Code     4  stm32f4xx_tim.o(i.TIM_SetCompare3)
    TIM_SetCompare4                          0x08006b15   Thumb Code     4  stm32f4xx_tim.o(i.TIM_SetCompare4)
    TIM_SetCounter                           0x08006b19   Thumb Code     4  stm32f4xx_tim.o(i.TIM_SetCounter)
    TIM_TimeBaseInit                         0x08006b1d   Thumb Code   104  stm32f4xx_tim.o(i.TIM_TimeBaseInit)
    Task_Init                                0x08006ba1   Thumb Code   134  task_control.o(i.Task_Init)
    Timer_Delay_ms                           0x08006c8d   Thumb Code    28  base_timer.o(i.Timer_Delay_ms)
    Turn_On_Standby_Mode                     0x08006cad   Thumb Code    12  task_control.o(i.Turn_On_Standby_Mode)
    Turn_On_Standby_thread_entry             0x08006cbd   Thumb Code    24  task_control.o(i.Turn_On_Standby_thread_entry)
    USART1_IRQHandler                        0x08006cdd   Thumb Code   148  pc_communicate.o(i.USART1_IRQHandler)
    USART2_IRQHandler                        0x08006d81   Thumb Code   118  judge.o(i.USART2_IRQHandler)
    USART6_IRQHandler                        0x08006e0d   Thumb Code    28  usart.o(i.USART6_IRQHandler)
    USART_ClearITPendingBit                  0x08006e2d   Thumb Code    30  stm32f4xx_usart.o(i.USART_ClearITPendingBit)
    USART_Cmd                                0x08006e4b   Thumb Code    24  stm32f4xx_usart.o(i.USART_Cmd)
    USART_DMACmd                             0x08006e63   Thumb Code    18  stm32f4xx_usart.o(i.USART_DMACmd)
    USART_DeInit                             0x08006e75   Thumb Code   206  stm32f4xx_usart.o(i.USART_DeInit)
    USART_GetFlagStatus                      0x08006f65   Thumb Code    26  stm32f4xx_usart.o(i.USART_GetFlagStatus)
    USART_GetITStatus                        0x08006f7f   Thumb Code    84  stm32f4xx_usart.o(i.USART_GetITStatus)
    USART_ITConfig                           0x08006fd3   Thumb Code    74  stm32f4xx_usart.o(i.USART_ITConfig)
    USART_Init                               0x0800701d   Thumb Code   204  stm32f4xx_usart.o(i.USART_Init)
    USART_ReceiveData                        0x080070f1   Thumb Code    10  stm32f4xx_usart.o(i.USART_ReceiveData)
    USART_SendData                           0x080070fb   Thumb Code     8  stm32f4xx_usart.o(i.USART_SendData)
    UsageFault_Handler                       0x08007103   Thumb Code     4  stm32f4xx_it.o(i.UsageFault_Handler)
    Wheel_Speed_Action                       0x08007109   Thumb Code   200  base_app.o(i.Wheel_Speed_Action)
    Yaw_Angle_Data_Special_Handling          0x080071e9   Thumb Code   300  encoder.o(i.Yaw_Angle_Data_Special_Handling)
    Yaw_Motor_SetSpeed                       0x08007321   Thumb Code    96  motor.o(i.Yaw_Motor_SetSpeed)
    __ARM_fpclassify                         0x08007385   Thumb Code    48  fpclassify.o(i.__ARM_fpclassify)
    __ARM_fpclassifyf                        0x080073b5   Thumb Code    38  fpclassifyf.o(i.__ARM_fpclassifyf)
    __hardfp_acosf                           0x080073dd   Thumb Code   234  acosf.o(i.__hardfp_acosf)
    __hardfp_asinf                           0x080074f5   Thumb Code   258  asinf.o(i.__hardfp_asinf)
    __hardfp_atan2f                          0x08007621   Thumb Code   594  atan2f.o(i.__hardfp_atan2f)
    __hardfp_cos                             0x080078d1   Thumb Code   180  cos.o(i.__hardfp_cos)
    __hardfp_fabs                            0x08007999   Thumb Code    20  fabs.o(i.__hardfp_fabs)
    __hardfp_sin                             0x080079b1   Thumb Code   180  sin.o(i.__hardfp_sin)
    __hardfp_sqrtf                           0x08007a79   Thumb Code    58  sqrtf.o(i.__hardfp_sqrtf)
    __ieee754_rem_pio2                       0x08007ab9   Thumb Code   938  rred.o(i.__ieee754_rem_pio2)
    __kernel_cos                             0x08007ef1   Thumb Code   322  cos_i.o(i.__kernel_cos)
    __kernel_poly                            0x08008061   Thumb Code   248  poly.o(i.__kernel_poly)
    __kernel_sin                             0x08008159   Thumb Code   280  sin_i.o(i.__kernel_sin)
    __mathlib_dbl_infnan                     0x08008289   Thumb Code    20  dunder.o(i.__mathlib_dbl_infnan)
    __mathlib_dbl_invalid                    0x080082a1   Thumb Code    24  dunder.o(i.__mathlib_dbl_invalid)
    __mathlib_dbl_underflow                  0x080082c1   Thumb Code    24  dunder.o(i.__mathlib_dbl_underflow)
    __mathlib_flt_infnan                     0x080082e1   Thumb Code     6  funder.o(i.__mathlib_flt_infnan)
    __mathlib_flt_infnan2                    0x080082e7   Thumb Code     6  funder.o(i.__mathlib_flt_infnan2)
    __mathlib_flt_invalid                    0x080082ed   Thumb Code    10  funder.o(i.__mathlib_flt_invalid)
    __mathlib_flt_underflow                  0x080082fd   Thumb Code    10  funder.o(i.__mathlib_flt_underflow)
    __rt_ffs                                 0x0800830d   Thumb Code    70  kservice.o(i.__rt_ffs)
    __scatterload_copy                       0x08008359   Thumb Code    14  handlers.o(i.__scatterload_copy)
    __scatterload_null                       0x08008367   Thumb Code     2  handlers.o(i.__scatterload_null)
    __scatterload_zeroinit                   0x08008369   Thumb Code    14  handlers.o(i.__scatterload_zeroinit)
    __set_errno                              0x08008379   Thumb Code     6  errno.o(i.__set_errno)
    arm_mat_add_f32                          0x08008487   Thumb Code   192  arm_mat_add_f32.o(i.arm_mat_add_f32)
    arm_mat_init_f32                         0x08008547   Thumb Code     8  arm_mat_init_f32.o(i.arm_mat_init_f32)
    arm_mat_inverse_f32                      0x08008551   Thumb Code   778  arm_mat_inverse_f32.o(i.arm_mat_inverse_f32)
    arm_mat_mult_f32                         0x08008861   Thumb Code   320  arm_mat_mult_f32.o(i.arm_mat_mult_f32)
    arm_mat_sub_f32                          0x080089a5   Thumb Code   192  arm_mat_sub_f32.o(i.arm_mat_sub_f32)
    arm_mat_trans_f32                        0x08008a65   Thumb Code   152  arm_mat_trans_f32.o(i.arm_mat_trans_f32)
    bmi088_accel_init                        0x08008afd   Thumb Code   208  imu_driver.o(i.bmi088_accel_init)
    bmi088_gyro_init                         0x08008bdd   Thumb Code   218  imu_driver.o(i.bmi088_gyro_init)
    fabs                                     0x08008ccd   Thumb Code    24  fabs.o(i.fabs)
    get_crc16_check_sum                      0x08008ce5   Thumb Code    46  judge_crc.o(i.get_crc16_check_sum)
    get_crc8_check_sum                       0x08008d19   Thumb Code    30  judge_crc.o(i.get_crc8_check_sum)
    $Super$$main                             0x08008d79   Thumb Code    18  main.o(i.main)
    main_thread_entry                        0x08008d8b   Thumb Code    14  components.o(i.main_thread_entry)
    malloc                                   0x08008d99   Thumb Code    92  malloc.o(i.malloc)
    rt_application_init                      0x08008e7d   Thumb Code    34  components.o(i.rt_application_init)
    rt_components_board_init                 0x08008ead   Thumb Code    20  components.o(i.rt_components_board_init)
    rt_components_init                       0x08008ec9   Thumb Code    20  components.o(i.rt_components_init)
    rt_enter_critical                        0x08008ee5   Thumb Code    28  scheduler.o(i.rt_enter_critical)
    rt_exit_critical                         0x08008f05   Thumb Code    60  scheduler.o(i.rt_exit_critical)
    rt_free                                  0x08008f49   Thumb Code    98  mem.o(i.rt_free)
    rt_heap_begin_get                        0x08008fc1   Thumb Code     4  board.o(i.rt_heap_begin_get)
    rt_heap_end_get                          0x08008fc9   Thumb Code     4  board.o(i.rt_heap_end_get)
    rt_hw_board_init                         0x08008fd1   Thumb Code   104  board.o(i.rt_hw_board_init)
    rt_hw_hard_fault_exception               0x08009045   Thumb Code    40  cpuport.o(i.rt_hw_hard_fault_exception)
    rt_hw_stack_init                         0x08009071   Thumb Code    74  cpuport.o(i.rt_hw_stack_init)
    rt_interrupt_enter                       0x080090c1   Thumb Code    26  irq.o(i.rt_interrupt_enter)
    rt_interrupt_leave                       0x080090e1   Thumb Code    26  irq.o(i.rt_interrupt_leave)
    rt_malloc                                0x08009235   Thumb Code   336  mem.o(i.rt_malloc)
    rt_memset                                0x080093a1   Thumb Code    72  kservice.o(i.rt_memset)
    rt_object_allocate                       0x080093e9   Thumb Code    84  object.o(i.rt_object_allocate)
    rt_object_delete                         0x0800943d   Thumb Code    36  object.o(i.rt_object_delete)
    rt_object_detach                         0x08009461   Thumb Code    30  object.o(i.rt_object_detach)
    rt_object_get_information                0x08009481   Thumb Code    36  object.o(i.rt_object_get_information)
    rt_object_init                           0x080094a9   Thumb Code    86  object.o(i.rt_object_init)
    rt_object_is_systemobject                0x080094ff   Thumb Code    18  object.o(i.rt_object_is_systemobject)
    rt_os_tick_callback                      0x08009511   Thumb Code    16  board.o(i.rt_os_tick_callback)
    rt_schedule                              0x08009521   Thumb Code   106  scheduler.o(i.rt_schedule)
    rt_schedule_insert_thread                0x080095a5   Thumb Code    72  scheduler.o(i.rt_schedule_insert_thread)
    rt_schedule_remove_thread                0x080095f5   Thumb Code    76  scheduler.o(i.rt_schedule_remove_thread)
    rt_sem_init                              0x08009649   Thumb Code    38  ipc.o(i.rt_sem_init)
    rt_sem_release                           0x0800966f   Thumb Code    82  ipc.o(i.rt_sem_release)
    rt_sem_take                              0x080096c1   Thumb Code   116  ipc.o(i.rt_sem_take)
    rt_show_version                          0x08009735   Thumb Code     2  kservice.o(i.rt_show_version)
    rt_strncpy                               0x08009737   Thumb Code    52  kservice.o(i.rt_strncpy)
    rt_system_heap_init                      0x0800976d   Thumb Code   146  mem.o(i.rt_system_heap_init)
    rt_system_scheduler_init                 0x0800981d   Thumb Code    52  scheduler.o(i.rt_system_scheduler_init)
    rt_system_scheduler_start                0x08009869   Thumb Code    36  scheduler.o(i.rt_system_scheduler_start)
    rt_system_timer_init                     0x08009899   Thumb Code    24  timer.o(i.rt_system_timer_init)
    rt_system_timer_thread_init              0x080098b5   Thumb Code     2  timer.o(i.rt_system_timer_thread_init)
    rt_thread_create                         0x080098b7   Thumb Code    80  thread.o(i.rt_thread_create)
    rt_thread_exit                           0x08009909   Thumb Code    78  thread.o(i.rt_thread_exit)
    rt_thread_idle_excute                    0x08009969   Thumb Code    92  idle.o(i.rt_thread_idle_excute)
    rt_thread_idle_init                      0x080099c9   Thumb Code    38  idle.o(i.rt_thread_idle_init)
    rt_thread_init                           0x08009a05   Thumb Code    52  thread.o(i.rt_thread_init)
    rt_thread_mdelay                         0x08009a39   Thumb Code    20  thread.o(i.rt_thread_mdelay)
    rt_thread_resume                         0x08009a4d   Thumb Code    60  thread.o(i.rt_thread_resume)
    rt_thread_self                           0x08009a89   Thumb Code     6  thread.o(i.rt_thread_self)
    rt_thread_sleep                          0x08009a95   Thumb Code    62  thread.o(i.rt_thread_sleep)
    rt_thread_startup                        0x08009ad9   Thumb Code    44  thread.o(i.rt_thread_startup)
    rt_thread_suspend                        0x08009b05   Thumb Code    68  thread.o(i.rt_thread_suspend)
    rt_thread_timeout                        0x08009b49   Thumb Code    32  thread.o(i.rt_thread_timeout)
    rt_thread_yield                          0x08009b69   Thumb Code    92  thread.o(i.rt_thread_yield)
    rt_tick_from_millisecond                 0x08009bcd   Thumb Code    56  clock.o(i.rt_tick_from_millisecond)
    rt_tick_get                              0x08009c05   Thumb Code     6  clock.o(i.rt_tick_get)
    rt_tick_increase                         0x08009c11   Thumb Code    42  clock.o(i.rt_tick_increase)
    rt_timer_check                           0x08009c41   Thumb Code   160  timer.o(i.rt_timer_check)
    rt_timer_control                         0x08009ce5   Thumb Code    98  timer.o(i.rt_timer_control)
    rt_timer_detach                          0x08009d47   Thumb Code    40  timer.o(i.rt_timer_detach)
    rt_timer_init                            0x08009d6f   Thumb Code    46  timer.o(i.rt_timer_init)
    rt_timer_start                           0x08009d9d   Thumb Code   226  timer.o(i.rt_timer_start)
    rt_timer_stop                            0x08009e89   Thumb Code    48  timer.o(i.rt_timer_stop)
    rtthread_startup                         0x08009ec9   Thumb Code    42  components.o(i.rtthread_startup)
    sqrtf                                    0x08009ef3   Thumb Code    62  sqrtf.o(i.sqrtf)
    verify_crc16_check_sum                   0x08009f31   Thumb Code    60  judge_crc.o(i.verify_crc16_check_sum)
    verify_crc8_check_sum                    0x08009f71   Thumb Code    46  judge_crc.o(i.verify_crc8_check_sum)
    CRC8_INIT                                0x08009f9e   Data           1  judge_crc.o(.constdata)
    CRC8_TAB                                 0x08009f9f   Data         256  judge_crc.o(.constdata)
    wCRC_Table                               0x0800a0a0   Data         512  judge_crc.o(.constdata)
    xb                                       0x0800a2a0   Data          12  imu.o(.constdata)
    yb                                       0x0800a2ac   Data          12  imu.o(.constdata)
    zb                                       0x0800a2b8   Data          12  imu.o(.constdata)
    IMU_QuaternionEKF_F                      0x0800a2d0   Data         144  quaternionekf.o(.constdata)
    __lowest_bit_bitmap                      0x0800a360   Data         256  kservice.o(.constdata)
    __rt_init_rti_start                      0x0800a5a8   Data           4  components.o(.rti_fn.0)
    __rt_init_rti_board_start                0x0800a5ac   Data           4  components.o(.rti_fn.0.end)
    __rt_init_rti_board_end                  0x0800a5b0   Data           4  components.o(.rti_fn.1.end)
    __rt_init_rti_end                        0x0800a5b4   Data           4  components.o(.rti_fn.6.end)
    Region$$Table$$Base                      0x0800a5b8   Number         0  anon$$obj.o(Region$$Table)
    Region$$Table$$Limit                     0x0800a5d8   Number         0  anon$$obj.o(Region$$Table)
    SystemCoreClock                          0x20000000   Data           4  system_stm32f4xx.o(.data)
    AHBPrescTable                            0x20000004   Data          16  system_stm32f4xx.o(.data)
    Judge_t                                  0x20000048   Data           8  judge_task.o(.data)
    BASE_MOTOR1_Data_t                       0x20000050   Data           8  encoder.o(.data)
    BASE_MOTOR2_Data_t                       0x20000058   Data           8  encoder.o(.data)
    BASE_MOTOR3_Data_t                       0x20000060   Data           8  encoder.o(.data)
    BASE_MOTOR4_Data_t                       0x20000068   Data           8  encoder.o(.data)
    SHOOT_LEFT_MOTOR_Data_t                  0x20000070   Data           8  encoder.o(.data)
    SHOOT_RIGHT_MOTOR_Data_t                 0x20000078   Data           8  encoder.o(.data)
    YAW_MOTOR_Data_t                         0x20000080   Data           8  encoder.o(.data)
    PITCH_MOTOR_Data_t                       0x20000088   Data           8  encoder.o(.data)
    Delay_Flag                               0x20000090   Data           1  base_timer.o(.data)
    ch0_ratio                                0x20000094   Data           4  remote.o(.data)
    ch1_ratio                                0x20000098   Data           4  remote.o(.data)
    ch2_ratio                                0x2000009c   Data           4  remote.o(.data)
    ch3_ratio                                0x200000a0   Data           4  remote.o(.data)
    pull                                     0x200000a4   Data           4  remote.o(.data)
    Base_Control_t                           0x200000a8   Data           6  base_control.o(.data)
    Shoot1_Frequency                         0x200000b0   Data           4  gimbal_control.o(.data)
    Shoot2_Frequency                         0x200000b4   Data           4  gimbal_control.o(.data)
    Target_Angle                             0x200000b8   Data           4  pc_communicate.o(.data)
    Target_Yaw                               0x200000bc   Data           4  pc_communicate.o(.data)
    Target_Pitch                             0x200000c0   Data           4  pc_communicate.o(.data)
    Shoot_Flag                               0x200000c4   Data           1  pc_communicate.o(.data)
    Serial_RxPacket                          0x200000c5   Data           6  pc_communicate.o(.data)
    CRC_INIT                                 0x200000d0   Data           2  judge_crc.o(.data)
    dt                                       0x200000d4   Data           4  imu.o(.data)
    IMU_Offset_Flag                          0x200000d8   Data           1  imu.o(.data)
    BMI088_ACCEL_SEN                         0x200000dc   Data           4  imu_driver.o(.data)
    BMI088_GYRO_SEN                          0x200000e0   Data           4  imu_driver.o(.data)
    AccBuf                                   0x200000e4   Data           6  imu_driver.o(.data)
    GyroBuf                                  0x200000ea   Data           8  imu_driver.o(.data)
    res                                      0x200000f2   Data           1  imu_driver.o(.data)
    gNormDiff                                0x200000f8   Data           4  imu_driver.o(.data)
    IMU_Timer_Count                          0x20000128   Data           4  imu_timer.o(.data)
    IMU_Timer_Count_Flag                     0x2000012c   Data           1  imu_timer.o(.data)
    sizeof_float                             0x2000012e   Data           2  kalman_filter.o(.data)
    sizeof_double                            0x20000130   Data           2  kalman_filter.o(.data)
    IMU_QuaternionEKF_P                      0x20000134   Data         144  quaternionekf.o(.data)
    rt_interrupt_from_thread                 0x20000208   Data           4  cpuport.o(.data)
    rt_interrupt_to_thread                   0x2000020c   Data           4  cpuport.o(.data)
    rt_thread_switch_interrupt_flag          0x20000210   Data           4  cpuport.o(.data)
    rt_interrupt_nest                        0x2000021c   Data           1  irq.o(.data)
    rt_thread_ready_priority_group           0x20000278   Data           4  scheduler.o(.data)
    rt_current_thread                        0x20000280   Data           4  scheduler.o(.data)
    rt_current_priority                      0x20000284   Data           1  scheduler.o(.data)
    rt_thread_defunct                        0x20000288   Data           8  scheduler.o(.data)
    __microlib_freelist                      0x2000029c   Data           4  mvars.o(.data)
    __microlib_freelist_initialised          0x200002a0   Data           4  mvars.o(.data)
    Execution_Count_t                        0x200002a8   Data          20  task_control.o(.bss)
    Yaw_Motor_Data_Handle_t                  0x200002bc   Data          16  encoder.o(.bss)
    Motor_Current_t                          0x200002cc   Data          20  motor.o(.bss)
    MyCAN1_Rece_Data                         0x200002e0   Data          20  mycan.o(.bss)
    MyCAN2_Rece_Data                         0x200002f4   Data          20  mycan.o(.bss)
    originRemoteDatas                        0x20000308   Data          18  remote.o(.bss)
    rc_data                                  0x2000031a   Data          40  remote.o(.bss)
    Robot_Init_t                             0x20000344   Data          12  robot_init.o(.bss)
    Wheel1_Low_Pass_t                        0x20000350   Data          12  filter.o(.bss)
    Wheel2_Low_Pass_t                        0x2000035c   Data          12  filter.o(.bss)
    Wheel3_Low_Pass_t                        0x20000368   Data          12  filter.o(.bss)
    Wheel4_Low_Pass_t                        0x20000374   Data          12  filter.o(.bss)
    Yaw_Speed_Low_Pass_t                     0x20000380   Data          12  filter.o(.bss)
    Pitch_Speed_Low_Pass_t                   0x2000038c   Data          12  filter.o(.bss)
    Yaw_Angle_Low_Pass_t                     0x20000398   Data          12  filter.o(.bss)
    Pitch_Angle_Low_Pass_t                   0x200003a4   Data          12  filter.o(.bss)
    Friction1_Speed_Low_Pass_t               0x200003b0   Data          12  filter.o(.bss)
    Friction2_Speed_Low_Pass_t               0x200003bc   Data          12  filter.o(.bss)
    Shoot_Speed_Low_Pass_t                   0x200003c8   Data          12  filter.o(.bss)
    Shoot_Angle_Low_Pass_t                   0x200003d4   Data          12  filter.o(.bss)
    Wheel1_Speed_t                           0x200003e0   Data          72  pid.o(.bss)
    Wheel2_Speed_t                           0x20000428   Data          72  pid.o(.bss)
    Wheel3_Speed_t                           0x20000470   Data          72  pid.o(.bss)
    Wheel4_Speed_t                           0x200004b8   Data          72  pid.o(.bss)
    Base_Follow_Gimbal_t                     0x20000500   Data          72  pid.o(.bss)
    Yaw_Motor_Speed_t                        0x20000548   Data          72  pid.o(.bss)
    Yaw_IMU_Angle_t                          0x20000590   Data          72  pid.o(.bss)
    Pitch_Motor_Speed_t                      0x200005d8   Data          72  pid.o(.bss)
    Pitch_Motor_Angle_t                      0x20000620   Data          72  pid.o(.bss)
    Shoot1_Speed_t                           0x20000668   Data          72  pid.o(.bss)
    Shoot2_Speed_t                           0x200006b0   Data          72  pid.o(.bss)
    Motor_Filiter_Data_t                     0x200006f8   Data          24  sampling.o(.bss)
    Kinematic_Solving_t                      0x20000710   Data          32  base_app.o(.bss)
    Gimbal_Control_t                         0x20000730   Data          24  gimbal_control.o(.bss)
    Error_Detect_t                           0x20000748   Data          23  detect.o(.bss)
    judge_buf                                0x20000760   Data         440  judge.o(.bss)
    Judge                                    0x20000918   Data         192  judge.o(.bss)
    INS                                      0x200009d8   Data         128  imu.o(.bss)
    BMI088                                   0x20000a58   Data          44  imu_driver.o(.bss)
    gyroDiff                                 0x20000a84   Data          12  imu_driver.o(.bss)
    QEKF_INS                                 0x20000a90   Data         480  quaternionekf.o(.bss)
    IMU_QuaternionEKF_K                      0x20000c70   Data          72  quaternionekf.o(.bss)
    IMU_QuaternionEKF_H                      0x20000cb8   Data          72  quaternionekf.o(.bss)
    rt_thread_priority_table                 0x20000eb0   Data         256  scheduler.o(.bss)
    __heap_base                              0x20004bb0   Data           0  startup_stm32f40xx.o(HEAP)
    __heap_limit                             0x20006bb0   Data           0  startup_stm32f40xx.o(HEAP)
    __initial_sp                             0x20006fb0   Data           0  startup_stm32f40xx.o(STACK)



==============================================================================

Memory Map of the image

  Image Entry point : 0x08000189

  Load Region LR_IROM1 (Base: 0x08000000, Size: 0x0000a880, Max: 0x00100000, ABSOLUTE, COMPRESSED[0x0000a660])

    Execution Region ER_IROM1 (Base: 0x08000000, Size: 0x0000a5d8, Max: 0x00100000, ABSOLUTE)

    Base Addr    Size         Type   Attr      Idx    E Section Name        Object

    0x08000000   0x00000188   Data   RO         5240    RESET               startup_stm32f40xx.o
    0x08000188   0x00000000   Code   RO         9565  * .ARM.Collect$$$$00000000  mc_w.l(entry.o)
    0x08000188   0x00000004   Code   RO         9696    .ARM.Collect$$$$00000001  mc_w.l(entry2.o)
    0x0800018c   0x00000004   Code   RO         9699    .ARM.Collect$$$$00000004  mc_w.l(entry5.o)
    0x08000190   0x00000000   Code   RO         9701    .ARM.Collect$$$$00000008  mc_w.l(entry7b.o)
    0x08000190   0x00000000   Code   RO         9703    .ARM.Collect$$$$0000000A  mc_w.l(entry8b.o)
    0x08000190   0x00000008   Code   RO         9704    .ARM.Collect$$$$0000000B  mc_w.l(entry9a.o)
    0x08000198   0x00000004   Code   RO         9711    .ARM.Collect$$$$0000000E  mc_w.l(entry12b.o)
    0x0800019c   0x00000000   Code   RO         9706    .ARM.Collect$$$$0000000F  mc_w.l(entry10a.o)
    0x0800019c   0x00000000   Code   RO         9708    .ARM.Collect$$$$00000011  mc_w.l(entry11a.o)
    0x0800019c   0x00000004   Code   RO         9697    .ARM.Collect$$$$00002712  mc_w.l(entry2.o)
    0x080001a0   0x00000024   Code   RO         5241    .text               startup_stm32f40xx.o
    0x080001c4   0x00000134   Code   RO         8467    .text               context_rvds.o
    0x080002f8   0x0000001e   Code   RO         9568    .text               mc_w.l(llshl.o)
    0x08000316   0x00000024   Code   RO         9570    .text               mc_w.l(memcpya.o)
    0x0800033a   0x00000024   Code   RO         9572    .text               mc_w.l(memseta.o)
    0x0800035e   0x0000014e   Code   RO         9632    .text               mf_w.l(dadd.o)
    0x080004ac   0x000000e4   Code   RO         9634    .text               mf_w.l(dmul.o)
    0x08000590   0x000000de   Code   RO         9636    .text               mf_w.l(ddiv.o)
    0x0800066e   0x00000022   Code   RO         9640    .text               mf_w.l(dflti.o)
    0x08000690   0x0000003e   Code   RO         9642    .text               mf_w.l(dfixi.o)
    0x080006ce   0x00000026   Code   RO         9644    .text               mf_w.l(f2d.o)
    0x080006f4   0x00000030   Code   RO         9646    .text               mf_w.l(cdcmple.o)
    0x08000724   0x00000030   Code   RO         9648    .text               mf_w.l(cdrcmple.o)
    0x08000754   0x00000038   Code   RO         9650    .text               mf_w.l(d2f.o)
    0x0800078c   0x00000020   Code   RO         9719    .text               mc_w.l(llushr.o)
    0x080007ac   0x00000024   Code   RO         9721    .text               mc_w.l(llsshr.o)
    0x080007d0   0x00000000   Code   RO         9732    .text               mc_w.l(iusefp.o)
    0x080007d0   0x0000006e   Code   RO         9733    .text               mf_w.l(fepilogue.o)
    0x0800083e   0x000000ba   Code   RO         9735    .text               mf_w.l(depilogue.o)
    0x080008f8   0x00000024   Code   RO         9743    .text               mc_w.l(init.o)
    0x0800091c   0x0000001a   Code   RO         9747    .text               mf_w.l(dfltui.o)
    0x08000936   0x00000056   Code   RO         9757    .text               mc_w.l(__dczerorl2.o)
    0x0800098c   0x0000000a   Code   RO         8551    i.$Sub$$main        components.o
    0x08000996   0x00000002   PAD
    0x08000998   0x00000108   Code   RO         6118    i.AiMBot_Data_Handle  pc_communicate.o
    0x08000aa0   0x0000002c   Code   RO         6365    i.BMI088_accel_read_single_reg  imu_driver.o
    0x08000acc   0x0000001e   Code   RO         6366    i.BMI088_accel_write_single_reg  imu_driver.o
    0x08000aea   0x00000002   PAD
    0x08000aec   0x00000024   Code   RO         6367    i.BMI088_gyro_read_single_reg  imu_driver.o
    0x08000b10   0x0000001e   Code   RO         6368    i.BMI088_gyro_write_single_reg  imu_driver.o
    0x08000b2e   0x00000002   PAD
    0x08000b30   0x0000003c   Code   RO         5946    i.Base_Follow_Gimbal_Action  base_app.o
    0x08000b6c   0x00000070   Code   RO         5402    i.Base_MotorAll_SetSpeed  motor.o
    0x08000bdc   0x00000020   Code   RO         5884    i.Base_PC_Control   base_control.o
    0x08000bfc   0x00000070   Code   RO         5885    i.Base_Remote_Control  base_control.o
    0x08000c6c   0x00000070   Code   RO         5585    i.Base_Timer_Init   base_timer.o
    0x08000cdc   0x00000060   Code   RO         5886    i.Base_thread_entry  base_control.o
    0x08000d3c   0x0000015a   Code   RO         6303    i.BodyFrameToEarthFrame  imu.o
    0x08000e96   0x00000004   Code   RO          273    i.BusFault_Handler  stm32f4xx_it.o
    0x08000e9a   0x00000002   PAD
    0x08000e9c   0x0000001c   Code   RO         5451    i.CAN1_RX0_IRQHandler  mycan.o
    0x08000eb8   0x0000001c   Code   RO         5452    i.CAN2_RX1_IRQHandler  mycan.o
    0x08000ed4   0x00000108   Code   RO          671    i.CAN_FilterInit    stm32f4xx_can.o
    0x08000fdc   0x00000012   Code   RO          677    i.CAN_ITConfig      stm32f4xx_can.o
    0x08000fee   0x00000114   Code   RO          678    i.CAN_Init          stm32f4xx_can.o
    0x08001102   0x000000e8   Code   RO          681    i.CAN_Receive       stm32f4xx_can.o
    0x080011ea   0x00000126   Code   RO          686    i.CAN_Transmit      stm32f4xx_can.o
    0x08001310   0x000000a0   Code   RO          687    i.CAN_TransmitStatus  stm32f4xx_can.o
    0x080013b0   0x0000035c   Code   RO         6369    i.Calibrate_IMU_Offset  imu_driver.o
    0x0800170c   0x00000028   Code   RO         5624    i.DMA1_Stream1_IRQHandler  remote.o
    0x08001734   0x00000034   Code   RO         1445    i.DMA_ClearITPendingBit  stm32f4xx_dma.o
    0x08001768   0x00000016   Code   RO         1446    i.DMA_Cmd           stm32f4xx_dma.o
    0x0800177e   0x00000002   PAD
    0x08001780   0x00000158   Code   RO         1447    i.DMA_DeInit        stm32f4xx_dma.o
    0x080018d8   0x00000014   Code   RO         1453    i.DMA_GetCurrentMemoryTarget  stm32f4xx_dma.o
    0x080018ec   0x00000044   Code   RO         1455    i.DMA_GetFlagStatus  stm32f4xx_dma.o
    0x08001930   0x00000064   Code   RO         1456    i.DMA_GetITStatus   stm32f4xx_dma.o
    0x08001994   0x0000003a   Code   RO         1457    i.DMA_ITConfig      stm32f4xx_dma.o
    0x080019ce   0x00000002   PAD
    0x080019d0   0x00000058   Code   RO         1458    i.DMA_Init          stm32f4xx_dma.o
    0x08001a28   0x0000000a   Code   RO         1459    i.DMA_MemoryTargetConfig  stm32f4xx_dma.o
    0x08001a32   0x00000002   Code   RO          274    i.DebugMon_Handler  stm32f4xx_it.o
    0x08001a34   0x0000015a   Code   RO         6304    i.EarthFrameToBodyFrame  imu.o
    0x08001b8e   0x00000002   PAD
    0x08001b90   0x00000204   Code   RO         5728    i.Fun_Init_thread_entry  robot_init.o
    0x08001d94   0x000000b8   Code   RO         5248    i.Function_Init     task_control.o
    0x08001e4c   0x00000090   Code   RO         2111    i.GPIO_Init         stm32f4xx_gpio.o
    0x08001edc   0x00000046   Code   RO         2112    i.GPIO_PinAFConfig  stm32f4xx_gpio.o
    0x08001f22   0x00000006   Code   RO         2118    i.GPIO_ResetBits    stm32f4xx_gpio.o
    0x08001f28   0x00000004   Code   RO         2119    i.GPIO_SetBits      stm32f4xx_gpio.o
    0x08001f2c   0x000000c4   Code   RO         6370    i.Get_Acc_Num       imu_driver.o
    0x08001ff0   0x0000017c   Code   RO         5358    i.Get_Base_Encode_Data  encoder.o
    0x0800216c   0x000000ec   Code   RO         5359    i.Get_Gimbal_Encode_Data  encoder.o
    0x08002258   0x00000144   Code   RO         6371    i.Get_Gyro_Num      imu_driver.o
    0x0800239c   0x00000068   Code   RO         5403    i.Gimbal_MotorAll_SetSpeed  motor.o
    0x08002404   0x0000017c   Code   RO         6001    i.Gimbal_PC_Control  gimbal_control.o
    0x08002580   0x00000078   Code   RO         6045    i.Gimbal_Pitch_Action  gimbal_app.o
    0x080025f8   0x000001f4   Code   RO         6002    i.Gimbal_Remote_Control  gimbal_control.o
    0x080027ec   0x000000b0   Code   RO         6046    i.Gimbal_Yaw_Action  gimbal_app.o
    0x0800289c   0x00000070   Code   RO         6003    i.Gimbal_thread_entry  gimbal_control.o
    0x0800290c   0x00000130   Code   RO         6574    i.H_K_R_Adjustment  kalman_filter.o
    0x08002a3c   0x00000014   Code   RO         6372    i.IMU_Driver_Init   imu_driver.o
    0x08002a50   0x00000044   Code   RO         6305    i.IMU_Init          imu.o
    0x08002a94   0x0000001c   Code   RO         6306    i.IMU_Offset_thread_entry  imu.o
    0x08002ab0   0x00000238   Code   RO         6651    i.IMU_QuaternionEKF_F_Linearization_P_Fading  quaternionekf.o
    0x08002ce8   0x00000130   Code   RO         6652    i.IMU_QuaternionEKF_Init  quaternionekf.o
    0x08002e18   0x00000034   Code   RO         6653    i.IMU_QuaternionEKF_Observe  quaternionekf.o
    0x08002e4c   0x00000128   Code   RO         6654    i.IMU_QuaternionEKF_SetH  quaternionekf.o
    0x08002f74   0x00000634   Code   RO         6655    i.IMU_QuaternionEKF_Update  quaternionekf.o
    0x080035a8   0x00000508   Code   RO         6656    i.IMU_QuaternionEKF_xhatUpdate  quaternionekf.o
    0x08003ab0   0x0000000c   Code   RO         6373    i.IMU_Read          imu_driver.o
    0x08003abc   0x00000010   Code   RO         6469    i.IMU_SPI_Accel_Start  imu_spi.o
    0x08003acc   0x00000010   Code   RO         6470    i.IMU_SPI_Accel_Stop  imu_spi.o
    0x08003adc   0x00000010   Code   RO         6471    i.IMU_SPI_Gyro_Start  imu_spi.o
    0x08003aec   0x00000010   Code   RO         6472    i.IMU_SPI_Gyro_Stop  imu_spi.o
    0x08003afc   0x000000f8   Code   RO         6473    i.IMU_SPI_Init      imu_spi.o
    0x08003bf4   0x00000038   Code   RO         6474    i.IMU_SPI_SwapByte  imu_spi.o
    0x08003c2c   0x00000070   Code   RO         6524    i.IMU_Timer_Init    imu_timer.o
    0x08003c9c   0x0000002c   Code   RO         6525    i.IMU_Timer_Start_Count  imu_timer.o
    0x08003cc8   0x00000058   Code   RO         6526    i.IMU_Timer_Stop_Count  imu_timer.o
    0x08003d20   0x00000210   Code   RO         6307    i.IMU_Updata        imu.o
    0x08003f30   0x000000f8   Code   RO         6081    i.Inspection_thread_entry  detect.o
    0x08004028   0x00000040   Code   RO         6162    i.Judge_Data_Check  judge.o
    0x08004068   0x000001f0   Code   RO         6163    i.Judge_Data_Update  judge.o
    0x08004258   0x00000720   Code   RO         6575    i.Kalman_Filter_Init  kalman_filter.o
    0x08004978   0x00000050   Code   RO         6576    i.Kalman_Filter_Measure  kalman_filter.o
    0x080049c8   0x00000068   Code   RO         6577    i.Kalman_Filter_P_Update  kalman_filter.o
    0x08004a30   0x00000068   Code   RO         6578    i.Kalman_Filter_PminusUpdate  kalman_filter.o
    0x08004a98   0x000000d2   Code   RO         6579    i.Kalman_Filter_SetK  kalman_filter.o
    0x08004b6a   0x00000002   PAD
    0x08004b6c   0x00000128   Code   RO         6580    i.Kalman_Filter_Update  kalman_filter.o
    0x08004c94   0x0000007c   Code   RO         6581    i.Kalman_Filter_xhatMinusUpdate  kalman_filter.o
    0x08004d10   0x00000086   Code   RO         6582    i.Kalman_Filter_xhatUpdate  kalman_filter.o
    0x08004d96   0x00000032   Code   RO         5761    i.Low_Pass_Filter   filter.o
    0x08004dc8   0x000000a8   Code   RO         5763    i.Low_Pass_Filter_Init  filter.o
    0x08004e70   0x00000004   Code   RO          275    i.MemManage_Handler  stm32f4xx_it.o
    0x08004e74   0x00000288   Code   RO         5947    i.Move_Speed_Transform  base_app.o
    0x080050fc   0x0000004a   Code   RO         5453    i.MyCAN_Filter_Config  mycan.o
    0x08005146   0x00000002   PAD
    0x08005148   0x00000090   Code   RO         5454    i.MyCAN_Init        mycan.o
    0x080051d8   0x00000058   Code   RO         5455    i.MyCAN_Mode_Config  mycan.o
    0x08005230   0x00000058   Code   RO         5456    i.MyCAN_NVIC_Config  mycan.o
    0x08005288   0x00000002   Code   RO          276    i.NMI_Handler       stm32f4xx_it.o
    0x0800528a   0x00000002   PAD
    0x0800528c   0x00000078   Code   RO          371    i.NVIC_Init         misc.o
    0x08005304   0x00000148   Code   RO         6119    i.PC_Communicate_thread_entry  pc_communicate.o
    0x0800544c   0x000001ec   Code   RO         5804    i.PID_All_Init      pid.o
    0x08005638   0x0000002a   Code   RO         5805    i.PID_Init          pid.o
    0x08005662   0x00000002   PAD
    0x08005664   0x000000e0   Code   RO         5686    i.PWM_Init          pwm.o
    0x08005744   0x00000034   Code   RO         5687    i.PWM_SetCompare    pwm.o
    0x08005778   0x00000040   Code   RO         5729    i.Peripheral_Init   robot_init.o
    0x080057b8   0x00000064   Code   RO         5404    i.Pitch_Motor_SetSpeed  motor.o
    0x0800581c   0x00000154   Code   RO         5807    i.Pos_PID           pid.o
    0x08005970   0x00000020   Code   RO         3037    i.RCC_AHB1PeriphClockCmd  stm32f4xx_rcc.o
    0x08005990   0x00000020   Code   RO         3046    i.RCC_APB1PeriphClockCmd  stm32f4xx_rcc.o
    0x080059b0   0x00000020   Code   RO         3048    i.RCC_APB1PeriphResetCmd  stm32f4xx_rcc.o
    0x080059d0   0x00000020   Code   RO         3049    i.RCC_APB2PeriphClockCmd  stm32f4xx_rcc.o
    0x080059f0   0x00000020   Code   RO         3051    i.RCC_APB2PeriphResetCmd  stm32f4xx_rcc.o
    0x08005a10   0x000000e8   Code   RO         3058    i.RCC_GetClocksFreq  stm32f4xx_rcc.o
    0x08005af8   0x0000011c   Code   RO         5625    i.RC_Init           remote.o
    0x08005c14   0x0000019c   Code   RO         5626    i.RemoteDataProcess  remote.o
    0x08005db0   0x000000f4   Code   RO         6082    i.Remote_Data_Detect  detect.o
    0x08005ea4   0x00000034   Code   RO         5948    i.Remote_Gyro_Start  base_app.o
    0x08005ed8   0x000000d8   Code   RO         5949    i.Remote_Gyro_Stop  base_app.o
    0x08005fb0   0x0000000c   Code   RO         5627    i.Remote_Init       remote.o
    0x08005fbc   0x00000178   Code   RO         5628    i.Remote_RCRatio_Cal  remote.o
    0x08006134   0x0000001c   Code   RO         5629    i.Remote_StructInit  remote.o
    0x08006150   0x00000018   Code   RO         4195    i.SPI_Cmd           stm32f4xx_spi.o
    0x08006168   0x00000012   Code   RO         4203    i.SPI_I2S_GetFlagStatus  stm32f4xx_spi.o
    0x0800617a   0x00000006   Code   RO         4206    i.SPI_I2S_ReceiveData  stm32f4xx_spi.o
    0x08006180   0x00000004   Code   RO         4207    i.SPI_I2S_SendData  stm32f4xx_spi.o
    0x08006184   0x0000003c   Code   RO         4208    i.SPI_Init          stm32f4xx_spi.o
    0x080061c0   0x00000002   Code   RO          277    i.SVC_Handler       stm32f4xx_it.o
    0x080061c2   0x00000002   PAD
    0x080061c4   0x000001e0   Code   RO         5853    i.Sampling_thread_entry  sampling.o
    0x080063a4   0x0000001a   Code   RO         5514    i.Serial_1_SendArray  usart.o
    0x080063be   0x00000002   PAD
    0x080063c0   0x00000020   Code   RO         5515    i.Serial_1_SendByte  usart.o
    0x080063e0   0x00000148   Code   RO         5520    i.Serial_Init       usart.o
    0x08006528   0x000000ec   Code   RO          330    i.SetSysClock       system_stm32f4xx.o
    0x08006614   0x00000078   Code   RO         6047    i.Shoot_Speed_Action  gimbal_app.o
    0x0800668c   0x00000032   Code   RO         5688    i.Snail_Init        pwm.o
    0x080066be   0x00000012   Code   RO         5689    i.Snail_Shoot       pwm.o
    0x080066d0   0x00000068   Code   RO         5249    i.Start_Main_thread_entry  task_control.o
    0x08006738   0x0000003c   Code   RO         5250    i.Start_Thread      task_control.o
    0x08006774   0x00000008   Code   RO         9436    i.SysTick_Handler   board.o
    0x0800677c   0x00000068   Code   RO          332    i.SystemInit        system_stm32f4xx.o
    0x080067e4   0x00000024   Code   RO         5586    i.TIM6_DAC_IRQHandler  base_timer.o
    0x08006808   0x0000002c   Code   RO         6527    i.TIM7_IRQHandler   imu_timer.o
    0x08006834   0x00000006   Code   RO         4427    i.TIM_ClearFlag     stm32f4xx_tim.o
    0x0800683a   0x00000006   Code   RO         4428    i.TIM_ClearITPendingBit  stm32f4xx_tim.o
    0x08006840   0x00000018   Code   RO         4433    i.TIM_Cmd           stm32f4xx_tim.o
    0x08006858   0x0000001e   Code   RO         4435    i.TIM_CtrlPWMOutputs  stm32f4xx_tim.o
    0x08006876   0x00000006   Code   RO         4452    i.TIM_GetCounter    stm32f4xx_tim.o
    0x0800687c   0x00000022   Code   RO         4454    i.TIM_GetITStatus   stm32f4xx_tim.o
    0x0800689e   0x00000012   Code   RO         4458    i.TIM_ITConfig      stm32f4xx_tim.o
    0x080068b0   0x0000000c   Code   RO         4460    i.TIM_InternalClockConfig  stm32f4xx_tim.o
    0x080068bc   0x0000007c   Code   RO         4462    i.TIM_OC1Init       stm32f4xx_tim.o
    0x08006938   0x000000a4   Code   RO         4467    i.TIM_OC2Init       stm32f4xx_tim.o
    0x080069dc   0x000000a0   Code   RO         4472    i.TIM_OC3Init       stm32f4xx_tim.o
    0x08006a7c   0x00000078   Code   RO         4477    i.TIM_OC4Init       stm32f4xx_tim.o
    0x08006af4   0x00000014   Code   RO         4480    i.TIM_OCStructInit  stm32f4xx_tim.o
    0x08006b08   0x00000004   Code   RO         4495    i.TIM_SetCompare1   stm32f4xx_tim.o
    0x08006b0c   0x00000004   Code   RO         4496    i.TIM_SetCompare2   stm32f4xx_tim.o
    0x08006b10   0x00000004   Code   RO         4497    i.TIM_SetCompare3   stm32f4xx_tim.o
    0x08006b14   0x00000004   Code   RO         4498    i.TIM_SetCompare4   stm32f4xx_tim.o
    0x08006b18   0x00000004   Code   RO         4499    i.TIM_SetCounter    stm32f4xx_tim.o
    0x08006b1c   0x00000084   Code   RO         4505    i.TIM_TimeBaseInit  stm32f4xx_tim.o
    0x08006ba0   0x000000ec   Code   RO         5251    i.Task_Init         task_control.o
    0x08006c8c   0x00000020   Code   RO         5587    i.Timer_Delay_ms    base_timer.o
    0x08006cac   0x00000010   Code   RO         5252    i.Turn_On_Standby_Mode  task_control.o
    0x08006cbc   0x00000020   Code   RO         5253    i.Turn_On_Standby_thread_entry  task_control.o
    0x08006cdc   0x000000a4   Code   RO         6120    i.USART1_IRQHandler  pc_communicate.o
    0x08006d80   0x0000008c   Code   RO         6168    i.USART2_IRQHandler  judge.o
    0x08006e0c   0x00000020   Code   RO         5521    i.USART6_IRQHandler  usart.o
    0x08006e2c   0x0000001e   Code   RO         4984    i.USART_ClearITPendingBit  stm32f4xx_usart.o
    0x08006e4a   0x00000018   Code   RO         4987    i.USART_Cmd         stm32f4xx_usart.o
    0x08006e62   0x00000012   Code   RO         4988    i.USART_DMACmd      stm32f4xx_usart.o
    0x08006e74   0x000000f0   Code   RO         4989    i.USART_DeInit      stm32f4xx_usart.o
    0x08006f64   0x0000001a   Code   RO         4990    i.USART_GetFlagStatus  stm32f4xx_usart.o
    0x08006f7e   0x00000054   Code   RO         4991    i.USART_GetITStatus  stm32f4xx_usart.o
    0x08006fd2   0x0000004a   Code   RO         4993    i.USART_ITConfig    stm32f4xx_usart.o
    0x0800701c   0x000000d4   Code   RO         4994    i.USART_Init        stm32f4xx_usart.o
    0x080070f0   0x0000000a   Code   RO         5001    i.USART_ReceiveData  stm32f4xx_usart.o
    0x080070fa   0x00000008   Code   RO         5004    i.USART_SendData    stm32f4xx_usart.o
    0x08007102   0x00000004   Code   RO          278    i.UsageFault_Handler  stm32f4xx_it.o
    0x08007106   0x00000002   PAD
    0x08007108   0x000000e0   Code   RO         5950    i.Wheel_Speed_Action  base_app.o
    0x080071e8   0x00000138   Code   RO         5360    i.Yaw_Angle_Data_Special_Handling  encoder.o
    0x08007320   0x00000064   Code   RO         5405    i.Yaw_Motor_SetSpeed  motor.o
    0x08007384   0x00000030   Code   RO         9739    i.__ARM_fpclassify  m_wm.l(fpclassify.o)
    0x080073b4   0x00000026   Code   RO         9669    i.__ARM_fpclassifyf  m_wm.l(fpclassifyf.o)
    0x080073da   0x00000002   PAD
    0x080073dc   0x00000118   Code   RO         9487    i.__hardfp_acosf    m_wm.l(acosf.o)
    0x080074f4   0x0000012c   Code   RO         9499    i.__hardfp_asinf    m_wm.l(asinf.o)
    0x08007620   0x000002ac   Code   RO         9511    i.__hardfp_atan2f   m_wm.l(atan2f.o)
    0x080078cc   0x00000004   PAD
    0x080078d0   0x000000c8   Code   RO         9523    i.__hardfp_cos      m_wm.l(cos.o)
    0x08007998   0x00000014   Code   RO         9535    i.__hardfp_fabs     m_wm.l(fabs.o)
    0x080079ac   0x00000004   PAD
    0x080079b0   0x000000c8   Code   RO         9541    i.__hardfp_sin      m_wm.l(sin.o)
    0x08007a78   0x0000003a   Code   RO         9553    i.__hardfp_sqrtf    m_wm.l(sqrtf.o)
    0x08007ab2   0x00000006   PAD
    0x08007ab8   0x00000438   Code   RO         9685    i.__ieee754_rem_pio2  m_wm.l(rred.o)
    0x08007ef0   0x00000170   Code   RO         9652    i.__kernel_cos      m_wm.l(cos_i.o)
    0x08008060   0x000000f8   Code   RO         9741    i.__kernel_poly     m_wm.l(poly.o)
    0x08008158   0x00000130   Code   RO         9690    i.__kernel_sin      m_wm.l(sin_i.o)
    0x08008288   0x00000014   Code   RO         9656    i.__mathlib_dbl_infnan  m_wm.l(dunder.o)
    0x0800829c   0x00000004   PAD
    0x080082a0   0x00000020   Code   RO         9658    i.__mathlib_dbl_invalid  m_wm.l(dunder.o)
    0x080082c0   0x00000020   Code   RO         9661    i.__mathlib_dbl_underflow  m_wm.l(dunder.o)
    0x080082e0   0x00000006   Code   RO         9672    i.__mathlib_flt_infnan  m_wm.l(funder.o)
    0x080082e6   0x00000006   Code   RO         9673    i.__mathlib_flt_infnan2  m_wm.l(funder.o)
    0x080082ec   0x00000010   Code   RO         9674    i.__mathlib_flt_invalid  m_wm.l(funder.o)
    0x080082fc   0x00000010   Code   RO         9677    i.__mathlib_flt_underflow  m_wm.l(funder.o)
    0x0800830c   0x0000004c   Code   RO         8821    i.__rt_ffs          kservice.o
    0x08008358   0x0000000e   Code   RO         9751    i.__scatterload_copy  mc_w.l(handlers.o)
    0x08008366   0x00000002   Code   RO         9752    i.__scatterload_null  mc_w.l(handlers.o)
    0x08008368   0x0000000e   Code   RO         9753    i.__scatterload_zeroinit  mc_w.l(handlers.o)
    0x08008376   0x00000002   PAD
    0x08008378   0x0000000c   Code   RO         9727    i.__set_errno       mc_w.l(errno.o)
    0x08008384   0x00000084   Code   RO         9189    i._rt_thread_init   thread.o
    0x08008408   0x00000042   Code   RO         9321    i._rt_timer_init    timer.o
    0x0800844a   0x0000001c   Code   RO         9322    i._rt_timer_remove  timer.o
    0x08008466   0x00000020   Code   RO         9190    i._thread_cleanup_execute  thread.o
    0x08008486   0x000000c0   Code   RO         7865    i.arm_mat_add_f32   arm_mat_add_f32.o
    0x08008546   0x00000008   Code   RO         8014    i.arm_mat_init_f32  arm_mat_init_f32.o
    0x0800854e   0x00000002   PAD
    0x08008550   0x00000310   Code   RO         8086    i.arm_mat_inverse_f32  arm_mat_inverse_f32.o
    0x08008860   0x00000144   Code   RO         8134    i.arm_mat_mult_f32  arm_mat_mult_f32.o
    0x080089a4   0x000000c0   Code   RO         8326    i.arm_mat_sub_f32   arm_mat_sub_f32.o
    0x08008a64   0x00000098   Code   RO         8398    i.arm_mat_trans_f32  arm_mat_trans_f32.o
    0x08008afc   0x000000e0   Code   RO         6374    i.bmi088_accel_init  imu_driver.o
    0x08008bdc   0x000000f0   Code   RO         6375    i.bmi088_gyro_init  imu_driver.o
    0x08008ccc   0x00000018   Code   RO         9537    i.fabs              m_wm.l(fabs.o)
    0x08008ce4   0x00000034   Code   RO         6240    i.get_crc16_check_sum  judge_crc.o
    0x08008d18   0x00000024   Code   RO         6241    i.get_crc8_check_sum  judge_crc.o
    0x08008d3c   0x0000003c   Code   RO         6657    i.invSqrt           quaternionekf.o
    0x08008d78   0x00000012   Code   RO            4    i.main              main.o
    0x08008d8a   0x0000000e   Code   RO         8552    i.main_thread_entry  components.o
    0x08008d98   0x0000006c   Code   RO         9605    i.malloc            mc_w.l(malloc.o)
    0x08008e04   0x00000078   Code   RO         8979    i.plug_holes        mem.o
    0x08008e7c   0x00000030   Code   RO         8553    i.rt_application_init  components.o
    0x08008eac   0x0000001c   Code   RO         8554    i.rt_components_board_init  components.o
    0x08008ec8   0x0000001c   Code   RO         8555    i.rt_components_init  components.o
    0x08008ee4   0x00000020   Code   RO         9123    i.rt_enter_critical  scheduler.o
    0x08008f04   0x00000044   Code   RO         9124    i.rt_exit_critical  scheduler.o
    0x08008f48   0x00000078   Code   RO         8981    i.rt_free           mem.o
    0x08008fc0   0x00000008   Code   RO         9437    i.rt_heap_begin_get  board.o
    0x08008fc8   0x00000008   Code   RO         9438    i.rt_heap_end_get   board.o
    0x08008fd0   0x00000074   Code   RO         9439    i.rt_hw_board_init  board.o
    0x08009044   0x0000002c   Code   RO         8474    i.rt_hw_hard_fault_exception  cpuport.o
    0x08009070   0x00000050   Code   RO         8475    i.rt_hw_stack_init  cpuport.o
    0x080090c0   0x00000020   Code   RO         8794    i.rt_interrupt_enter  irq.o
    0x080090e0   0x00000020   Code   RO         8796    i.rt_interrupt_leave  irq.o
    0x08009100   0x00000014   Code   RO         8654    i.rt_ipc_list_resume  ipc.o
    0x08009114   0x0000006e   Code   RO         8656    i.rt_ipc_list_suspend  ipc.o
    0x08009182   0x00000010   Code   RO         8657    i.rt_ipc_object_init  ipc.o
    0x08009192   0x00000006   Code   RO         8658    i.rt_list_init      ipc.o
    0x08009198   0x00000006   Code   RO         9125    i.rt_list_init      scheduler.o
    0x0800919e   0x00000006   Code   RO         9323    i.rt_list_init      timer.o
    0x080091a4   0x0000000e   Code   RO         9035    i.rt_list_insert_after  object.o
    0x080091b2   0x0000000e   Code   RO         9191    i.rt_list_insert_after  thread.o
    0x080091c0   0x0000000e   Code   RO         9324    i.rt_list_insert_after  timer.o
    0x080091ce   0x0000000e   Code   RO         8659    i.rt_list_insert_before  ipc.o
    0x080091dc   0x00000010   Code   RO         8660    i.rt_list_isempty   ipc.o
    0x080091ec   0x00000010   Code   RO         9325    i.rt_list_isempty   timer.o
    0x080091fc   0x00000012   Code   RO         9036    i.rt_list_remove    object.o
    0x0800920e   0x00000012   Code   RO         9192    i.rt_list_remove    thread.o
    0x08009220   0x00000012   Code   RO         9326    i.rt_list_remove    timer.o
    0x08009232   0x00000002   PAD
    0x08009234   0x0000016c   Code   RO         8982    i.rt_malloc         mem.o
    0x080093a0   0x00000048   Code   RO         8830    i.rt_memset         kservice.o
    0x080093e8   0x00000054   Code   RO         9037    i.rt_object_allocate  object.o
    0x0800943c   0x00000024   Code   RO         9038    i.rt_object_delete  object.o
    0x08009460   0x0000001e   Code   RO         9039    i.rt_object_detach  object.o
    0x0800947e   0x00000002   PAD
    0x08009480   0x00000028   Code   RO         9041    i.rt_object_get_information  object.o
    0x080094a8   0x00000056   Code   RO         9045    i.rt_object_init    object.o
    0x080094fe   0x00000012   Code   RO         9046    i.rt_object_is_systemobject  object.o
    0x08009510   0x00000010   Code   RO         9440    i.rt_os_tick_callback  board.o
    0x08009520   0x00000084   Code   RO         9126    i.rt_schedule       scheduler.o
    0x080095a4   0x00000050   Code   RO         9127    i.rt_schedule_insert_thread  scheduler.o
    0x080095f4   0x00000054   Code   RO         9128    i.rt_schedule_remove_thread  scheduler.o
    0x08009648   0x00000026   Code   RO         8673    i.rt_sem_init       ipc.o
    0x0800966e   0x00000052   Code   RO         8674    i.rt_sem_release    ipc.o
    0x080096c0   0x00000074   Code   RO         8675    i.rt_sem_take       ipc.o
    0x08009734   0x00000002   Code   RO         8832    i.rt_show_version   kservice.o
    0x08009736   0x00000034   Code   RO         8840    i.rt_strncpy        kservice.o
    0x0800976a   0x00000002   PAD
    0x0800976c   0x000000b0   Code   RO         8985    i.rt_system_heap_init  mem.o
    0x0800981c   0x0000004c   Code   RO         9129    i.rt_system_scheduler_init  scheduler.o
    0x08009868   0x00000030   Code   RO         9130    i.rt_system_scheduler_start  scheduler.o
    0x08009898   0x0000001c   Code   RO         9327    i.rt_system_timer_init  timer.o
    0x080098b4   0x00000002   Code   RO         9328    i.rt_system_timer_thread_init  timer.o
    0x080098b6   0x00000050   Code   RO         9194    i.rt_thread_create  thread.o
    0x08009906   0x00000002   PAD
    0x08009908   0x00000058   Code   RO         9199    i.rt_thread_exit    thread.o
    0x08009960   0x00000008   Code   RO         8619    i.rt_thread_idle_entry  idle.o
    0x08009968   0x00000060   Code   RO         8620    i.rt_thread_idle_excute  idle.o
    0x080099c8   0x0000003c   Code   RO         8622    i.rt_thread_idle_init  idle.o
    0x08009a04   0x00000034   Code   RO         9201    i.rt_thread_init    thread.o
    0x08009a38   0x00000014   Code   RO         9202    i.rt_thread_mdelay  thread.o
    0x08009a4c   0x0000003c   Code   RO         9203    i.rt_thread_resume  thread.o
    0x08009a88   0x0000000c   Code   RO         9204    i.rt_thread_self    thread.o
    0x08009a94   0x00000044   Code   RO         9205    i.rt_thread_sleep   thread.o
    0x08009ad8   0x0000002c   Code   RO         9206    i.rt_thread_startup  thread.o
    0x08009b04   0x00000044   Code   RO         9207    i.rt_thread_suspend  thread.o
    0x08009b48   0x00000020   Code   RO         9208    i.rt_thread_timeout  thread.o
    0x08009b68   0x00000064   Code   RO         9209    i.rt_thread_yield   thread.o
    0x08009bcc   0x00000038   Code   RO         8511    i.rt_tick_from_millisecond  clock.o
    0x08009c04   0x0000000c   Code   RO         8512    i.rt_tick_get       clock.o
    0x08009c10   0x00000030   Code   RO         8513    i.rt_tick_increase  clock.o
    0x08009c40   0x000000a4   Code   RO         9329    i.rt_timer_check    timer.o
    0x08009ce4   0x00000062   Code   RO         9330    i.rt_timer_control  timer.o
    0x08009d46   0x00000028   Code   RO         9333    i.rt_timer_detach   timer.o
    0x08009d6e   0x0000002e   Code   RO         9334    i.rt_timer_init     timer.o
    0x08009d9c   0x000000ec   Code   RO         9337    i.rt_timer_start    timer.o
    0x08009e88   0x00000030   Code   RO         9338    i.rt_timer_stop     timer.o
    0x08009eb8   0x00000004   Code   RO         8556    i.rti_board_end     components.o
    0x08009ebc   0x00000004   Code   RO         8557    i.rti_board_start   components.o
    0x08009ec0   0x00000004   Code   RO         8558    i.rti_end           components.o
    0x08009ec4   0x00000004   Code   RO         8559    i.rti_start         components.o
    0x08009ec8   0x0000002a   Code   RO         8560    i.rtthread_startup  components.o
    0x08009ef2   0x0000003e   Code   RO         9555    i.sqrtf             m_wm.l(sqrtf.o)
    0x08009f30   0x00000040   Code   RO         6242    i.verify_crc16_check_sum  judge_crc.o
    0x08009f70   0x0000002e   Code   RO         6243    i.verify_crc8_check_sum  judge_crc.o
    0x08009f9e   0x00000302   Data   RO         6244    .constdata          judge_crc.o
    0x0800a2a0   0x00000030   Data   RO         6309    .constdata          imu.o
    0x0800a2d0   0x00000090   Data   RO         6659    .constdata          quaternionekf.o
    0x0800a360   0x00000122   Data   RO         8846    .constdata          kservice.o
    0x0800a482   0x00000006   PAD
    0x0800a488   0x00000030   Data   RO         9653    .constdata          m_wm.l(cos_i.o)
    0x0800a4b8   0x000000c8   Data   RO         9687    .constdata          m_wm.l(rred.o)
    0x0800a580   0x00000028   Data   RO         9691    .constdata          m_wm.l(sin_i.o)
    0x0800a5a8   0x00000004   Data   RO         8561    .rti_fn.0           components.o
    0x0800a5ac   0x00000004   Data   RO         8562    .rti_fn.0.end       components.o
    0x0800a5b0   0x00000004   Data   RO         8563    .rti_fn.1.end       components.o
    0x0800a5b4   0x00000004   Data   RO         8564    .rti_fn.6.end       components.o
    0x0800a5b8   0x00000020   Data   RO         9749    Region$$Table       anon$$obj.o


    Execution Region RW_IRAM2 (Base: 0x10000000, Size: 0x00000000, Max: 0x00010000, ABSOLUTE)

    **** No section assigned to this execution region ****


    Execution Region RW_IRAM1 (Base: 0x20000000, Size: 0x00006fb0, Max: 0x00020000, ABSOLUTE, COMPRESSED[0x00000088])

    Base Addr    Size         Type   Attr      Idx    E Section Name        Object

    0x20000000   0x00000014   Data   RW          333    .data               system_stm32f4xx.o
    0x20000014   0x00000010   Data   RW         3090    .data               stm32f4xx_rcc.o
    0x20000024   0x00000024   Data   RW         5255    .data               task_control.o
    0x20000048   0x00000008   Data   RW         5314    .data               judge_task.o
    0x20000050   0x00000040   Data   RW         5362    .data               encoder.o
    0x20000090   0x00000001   Data   RW         5588    .data               base_timer.o
    0x20000091   0x00000003   PAD
    0x20000094   0x00000014   Data   RW         5631    .data               remote.o
    0x200000a8   0x00000006   Data   RW         5888    .data               base_control.o
    0x200000ae   0x00000002   PAD
    0x200000b0   0x00000008   Data   RW         6005    .data               gimbal_control.o
    0x200000b8   0x00000015   Data   RW         6121    .data               pc_communicate.o
    0x200000cd   0x00000001   PAD
    0x200000ce   0x00000002   Data   RW         6170    .data               judge.o
    0x200000d0   0x00000002   Data   RW         6245    .data               judge_crc.o
    0x200000d2   0x00000002   PAD
    0x200000d4   0x00000005   Data   RW         6310    .data               imu.o
    0x200000d9   0x00000003   PAD
    0x200000dc   0x0000004a   Data   RW         6377    .data               imu_driver.o
    0x20000126   0x00000002   PAD
    0x20000128   0x00000005   Data   RW         6528    .data               imu_timer.o
    0x2000012d   0x00000001   PAD
    0x2000012e   0x00000004   Data   RW         6583    .data               kalman_filter.o
    0x20000132   0x00000002   PAD
    0x20000134   0x000000d4   Data   RW         6660    .data               quaternionekf.o
    0x20000208   0x00000010   Data   RW         8476    .data               cpuport.o
    0x20000218   0x00000004   Data   RW         8515    .data               clock.o
    0x2000021c   0x00000001   Data   RW         8797    .data               irq.o
    0x2000021d   0x00000003   PAD
    0x20000220   0x00000018   Data   RW         8987    .data               mem.o
    0x20000238   0x00000040   Data   RW         9048    .data               object.o
    0x20000278   0x00000018   Data   RW         9132    .data               scheduler.o
    0x20000290   0x0000000c   Data   RW         9339    .data               timer.o
    0x2000029c   0x00000004   Data   RW         9723    .data               mc_w.l(mvars.o)
    0x200002a0   0x00000004   Data   RW         9724    .data               mc_w.l(mvars.o)
    0x200002a4   0x00000004   Data   RW         9728    .data               mc_w.l(errno.o)
    0x200002a8   0x00000014   Zero   RW         5254    .bss                task_control.o
    0x200002bc   0x00000010   Zero   RW         5361    .bss                encoder.o
    0x200002cc   0x00000014   Zero   RW         5406    .bss                motor.o
    0x200002e0   0x00000028   Zero   RW         5457    .bss                mycan.o
    0x20000308   0x0000003a   Zero   RW         5630    .bss                remote.o
    0x20000342   0x00000002   PAD
    0x20000344   0x0000000c   Zero   RW         5730    .bss                robot_init.o
    0x20000350   0x00000090   Zero   RW         5764    .bss                filter.o
    0x200003e0   0x00000318   Zero   RW         5808    .bss                pid.o
    0x200006f8   0x00000018   Zero   RW         5854    .bss                sampling.o
    0x20000710   0x00000020   Zero   RW         5951    .bss                base_app.o
    0x20000730   0x00000018   Zero   RW         6004    .bss                gimbal_control.o
    0x20000748   0x00000017   Zero   RW         6083    .bss                detect.o
    0x2000075f   0x00000001   PAD
    0x20000760   0x00000278   Zero   RW         6169    .bss                judge.o
    0x200009d8   0x00000080   Zero   RW         6308    .bss                imu.o
    0x20000a58   0x00000038   Zero   RW         6376    .bss                imu_driver.o
    0x20000a90   0x00000270   Zero   RW         6658    .bss                quaternionekf.o
    0x20000d00   0x00000188   Zero   RW         8623    .bss                idle.o
    0x20000e88   0x00000028   Zero   RW         8986    .bss                mem.o
    0x20000eb0   0x00000100   Zero   RW         9131    .bss                scheduler.o
    0x20000fb0   0x00003c00   Zero   RW         9441    .bss                board.o
    0x20004bb0   0x00002000   Zero   RW         5239    HEAP                startup_stm32f40xx.o
    0x20006bb0   0x00000400   Zero   RW         5238    STACK               startup_stm32f40xx.o


==============================================================================

Image component sizes


      Code (inc. data)   RO Data    RW Data    ZI Data      Debug   Object Name

       192          0          0          0          0       1474   arm_mat_add_f32.o
         8          0          0          0          0       1071   arm_mat_init_f32.o
       784          6          0          0          0       2710   arm_mat_inverse_f32.o
       324          4          0          0          0       1699   arm_mat_mult_f32.o
       192          0          0          0          0       1474   arm_mat_sub_f32.o
       152          0          0          0          0       1360   arm_mat_trans_f32.o
      1200         96          0          0         32       3385   base_app.o
       240         36          0          6          0       2035   base_control.o
       180         16          0          1          0       1958   base_timer.o
       156         20          0          0      15360      29508   board.o
       116         12          0          4          0       1788   clock.o
       186         30         16          0          0       6012   components.o
       308         28          0          0          0        904   context_rvds.o
       124         10          0         16          0       4066   cpuport.o
       492         18          0          0         23       1632   detect.o
       928         66          0         64         16       2525   encoder.o
       218         62          0          0        144       2363   filter.o
       416         60          0          0          0       1987   gimbal_app.o
       992        124          0          8         24       2563   gimbal_control.o
       164         26          0          0        392       5118   idle.o
      1316         86         48          5        128       4472   imu.o
      2016        112          0         74         56       9816   imu_driver.o
       368         36          0          0          0       3322   imu_spi.o
       288         38          0          5          0       2573   imu_timer.o
       418          0          0          0          0       8497   ipc.o
        64         12          0          1          0       1586   irq.o
       700         50          0          2        632       7405   judge.o
       198         16        770          2          0       3765   judge_crc.o
         0          0          0          8          0        654   judge_task.o
      3180         32          0          4          0       8963   kalman_filter.o
       202          6        290          0          0       5372   kservice.o
        18          0          0          0          0     349972   main.o
       780         92          0         24         40       3932   mem.o
       120         14          0          0          0       1180   misc.o
       416         18          0          0         20       3206   motor.o
       450         44          0          0         40       3757   mycan.o
       326          4          0         64          0       8360   object.o
       756        100          0         21          0       2749   pc_communicate.o
       874        118          0          0        792       3207   pid.o
       344         14          0          0          0       2491   pwm.o
      4156        234        144        212        624       8166   quaternionekf.o
      1152         88          0         20         58       4240   remote.o
       580         78          0          0         12       1581   robot_init.o
       480         80          0          0         24        863   sampling.o
       526         90          0         24        256       8606   scheduler.o
        36          8        392          0       9216        876   startup_stm32f40xx.o
      1244         28          0          0          0       5709   stm32f4xx_can.o
       762         72          0          0          0       7901   stm32f4xx_dma.o
       224          0          0          0          0       3263   stm32f4xx_gpio.o
        18          0          0          0          0       2895   stm32f4xx_it.o
       392         48          0         16          0       6409   stm32f4xx_rcc.o
       112          0          0          0          0       3950   stm32f4xx_spi.o
       876         66          0          0          0      13566   stm32f4xx_tim.o
       726         42          0          0          0       8249   stm32f4xx_usart.o
       340         32          0         20          0       1885   system_stm32f4xx.o
       632        214          0         36         20       3871   task_control.o
       820         38          0          0          0      12720   thread.o
       810         24          0         12          0      11848   timer.o
       418         28          0          0          0       2795   usart.o

    ----------------------------------------------------------------------
     34548       2576       1698        668      27912     620304   Object Totals
         0          0         32          0          0          0   (incl. Generated)
        38          0          6         19          3          0   (incl. Padding)

    ----------------------------------------------------------------------

      Code (inc. data)   RO Data    RW Data    ZI Data      Debug   Library Member Name

       280         46          0          0          0        176   acosf.o
       300         42          0          0          0        176   asinf.o
       684         90          0          0          0        208   atan2f.o
       200         20          0          0          0        164   cos.o
       368         46         48          0          0        200   cos_i.o
        84         16          0          0          0        372   dunder.o
        44          0          0          0          0        248   fabs.o
        48          0          0          0          0        124   fpclassify.o
        38          0          0          0          0        116   fpclassifyf.o
        44         12          0          0          0        464   funder.o
       248          0          0          0          0        152   poly.o
      1080        142        200          0          0        188   rred.o
       200         20          0          0          0        164   sin.o
       304         24         40          0          0        208   sin_i.o
       120          0          0          0          0        272   sqrtf.o
        86          0          0          0          0          0   __dczerorl2.o
         0          0          0          0          0          0   entry.o
         0          0          0          0          0          0   entry10a.o
         0          0          0          0          0          0   entry11a.o
         4          0          0          0          0          0   entry12b.o
         8          4          0          0          0          0   entry2.o
         4          0          0          0          0          0   entry5.o
         0          0          0          0          0          0   entry7b.o
         0          0          0          0          0          0   entry8b.o
         8          4          0          0          0          0   entry9a.o
        12          6          0          4          0         68   errno.o
        30          0          0          0          0          0   handlers.o
        36          8          0          0          0         68   init.o
         0          0          0          0          0          0   iusefp.o
        30          0          0          0          0         68   llshl.o
        36          0          0          0          0         68   llsshr.o
        32          0          0          0          0         68   llushr.o
       108         16          0          0          0         84   malloc.o
        36          0          0          0          0         68   memcpya.o
        36          0          0          0          0        108   memseta.o
         0          0          0          8          0          0   mvars.o
        48          0          0          0          0         68   cdcmple.o
        48          0          0          0          0         68   cdrcmple.o
        56          0          0          0          0         88   d2f.o
       334          0          0          0          0        148   dadd.o
       222          0          0          0          0        100   ddiv.o
       186          0          0          0          0        176   depilogue.o
        62          0          0          0          0         80   dfixi.o
        34          0          0          0          0         76   dflti.o
        26          0          0          0          0         76   dfltui.o
       228          0          0          0          0         96   dmul.o
        38          0          0          0          0         68   f2d.o
       110          0          0          0          0        168   fepilogue.o

    ----------------------------------------------------------------------
      5922        500        288         12          0       5044   Library Totals
        22          4          0          0          0          0   (incl. Padding)

    ----------------------------------------------------------------------

      Code (inc. data)   RO Data    RW Data    ZI Data      Debug   Library Name

      4042        458        288          0          0       3232   m_wm.l
       466         38          0         12          0        600   mc_w.l
      1392          0          0          0          0       1212   mf_w.l

    ----------------------------------------------------------------------
      5922        500        288         12          0       5044   Library Totals

    ----------------------------------------------------------------------

==============================================================================


      Code (inc. data)   RO Data    RW Data    ZI Data      Debug   

     40470       3076       1986        680      27912     596548   Grand Totals
     40470       3076       1986        136      27912     596548   ELF Image Totals (compressed)
     40470       3076       1986        136          0          0   ROM Totals

==============================================================================

    Total RO  Size (Code + RO Data)                42456 (  41.46kB)
    Total RW  Size (RW Data + ZI Data)             28592 (  27.92kB)
    Total ROM Size (Code + RO Data + RW Data)      42592 (  41.59kB)

==============================================================================

