<html>
<body>
<pre>
<h1>礦ision Build Log</h1>
<h2>Tool Versions:</h2>
IDE-Version: μVision V5.14.2
Copyright (C) 2015 ARM Ltd and ARM Germany GmbH. All rights reserved.
License Information: Cortex-M4, XTU, LIC=FYKYW-QJXTH-TGM7T-RVI8S-E6BJD-L6QKW
 
Tool Versions:
Toolchain:       MDK-ARM Standard  Version: 5.36.0.0
Toolchain Path:  D:\Keil5\ARM\ARMCC\Bin
C Compiler:      Armcc.exe V5.06 update 7 (build 960)
Assembler:       Armasm.exe V5.06 update 7 (build 960)
Linker/Locator:  ArmLink.exe V5.06 update 7 (build 960)
Library Manager: ArmAr.exe V5.06 update 7 (build 960)
Hex Converter:   FromElf.exe V5.06 update 7 (build 960)
CPU DLL:         SARMCM3.DLL V5.36.0.0
Dialog DLL:      DCM.DLL V1.17.3.0
Target DLL:      STLink\ST-LINKIII-KEIL_SWO.dll V3.0.9.0
Dialog DLL:      TCM.DLL V1.53.0.0
 
<h2>Project:</h2>
C:\Users\HW\Desktop\RM\2024暑假\队内赛\烧饼\sentry_V5.0\Project\CBoard.uvprojx
Project File Date:  06/22/2024

<h2>Output:</h2>
*** Using Compiler 'V5.06 update 7 (build 960)', folder: 'D:\Keil5\ARM\ARMCC\Bin'
Build target 'CBoard'
compiling main.c...
compiling stm32f4xx_it.c...
compiling system_stm32f4xx.c...
compiling misc.c...
compiling stm32f4xx_adc.c...
compiling stm32f4xx_can.c...
compiling stm32f4xx_cec.c...
compiling stm32f4xx_crc.c...
compiling stm32f4xx_cryp.c...
compiling stm32f4xx_cryp_aes.c...
compiling stm32f4xx_cryp_des.c...
compiling stm32f4xx_cryp_tdes.c...
compiling stm32f4xx_dac.c...
compiling stm32f4xx_dbgmcu.c...
compiling stm32f4xx_dcmi.c...
compiling stm32f4xx_dfsdm.c...
compiling stm32f4xx_dma.c...
compiling stm32f4xx_dma2d.c...
compiling stm32f4xx_dsi.c...
compiling stm32f4xx_exti.c...
compiling stm32f4xx_flash.c...
compiling stm32f4xx_flash_ramfunc.c...
compiling stm32f4xx_fmpi2c.c...
compiling stm32f4xx_gpio.c...
compiling stm32f4xx_hash.c...
compiling stm32f4xx_hash_md5.c...
compiling stm32f4xx_hash_sha1.c...
compiling stm32f4xx_i2c.c...
compiling stm32f4xx_iwdg.c...
compiling stm32f4xx_lptim.c...
compiling stm32f4xx_ltdc.c...
compiling stm32f4xx_pwr.c...
compiling stm32f4xx_qspi.c...
compiling stm32f4xx_rcc.c...
compiling stm32f4xx_rng.c...
compiling stm32f4xx_rtc.c...
compiling stm32f4xx_sai.c...
compiling stm32f4xx_sdio.c...
compiling stm32f4xx_spdifrx.c...
compiling stm32f4xx_spi.c...
compiling stm32f4xx_syscfg.c...
compiling stm32f4xx_tim.c...
compiling stm32f4xx_usart.c...
compiling stm32f4xx_wwdg.c...
assembling startup_stm32f40xx.s...
compiling Task_Control.c...
compiling Judge_Task.c...
compiling Encoder.c...
compiling Motor.c...
compiling MyCAN.c...
compiling Usart.c...
compiling Base_Timer.c...
compiling Remote.c...
compiling PWM.c...
compiling Robot_Init.c...
compiling Filter.c...
compiling PID.c...
compiling Sampling.c...
compiling Base_Control.c...
compiling Power_Limit.c...
compiling Base_APP.c...
compiling Gimbal_Control.c...
compiling Gimbal_APP.c...
compiling Detect.c...
compiling PC_Communicate.c...
compiling Judge.c...
compiling Judge_crc.c...
compiling IMU.c...
compiling IMU_Driver.c...
compiling IMU_SPI.c...
compiling IMU_Timer.c...
compiling kalman_filter.c...
compiling QuaternionEKF.c...
compiling arm_abs_f32.c...
compiling arm_abs_q7.c...
compiling arm_abs_q15.c...
compiling arm_abs_q31.c...
compiling arm_add_f32.c...
compiling arm_add_q7.c...
compiling arm_add_q15.c...
compiling arm_add_q31.c...
compiling arm_dot_prod_f32.c...
compiling arm_dot_prod_q7.c...
compiling arm_dot_prod_q15.c...
compiling arm_dot_prod_q31.c...
compiling arm_mult_f32.c...
compiling arm_mult_q7.c...
compiling arm_mult_q15.c...
compiling arm_mult_q31.c...
compiling arm_negate_f32.c...
compiling arm_negate_q7.c...
compiling arm_negate_q15.c...
compiling arm_negate_q31.c...
compiling arm_offset_f32.c...
compiling arm_offset_q7.c...
compiling arm_offset_q15.c...
compiling arm_offset_q31.c...
compiling arm_scale_f32.c...
compiling arm_scale_q7.c...
compiling arm_scale_q15.c...
compiling arm_scale_q31.c...
compiling arm_shift_q7.c...
compiling arm_shift_q15.c...
compiling arm_shift_q31.c...
compiling arm_sub_f32.c...
compiling arm_sub_q7.c...
compiling arm_sub_q15.c...
compiling arm_sub_q31.c...
compiling arm_common_tables.c...
compiling arm_const_structs.c...
compiling arm_sin_cos_f32.c...
compiling arm_sin_cos_q31.c...
compiling arm_cos_f32.c...
compiling arm_cos_q15.c...
compiling arm_cos_q31.c...
compiling arm_sin_f32.c...
compiling arm_sin_q15.c...
compiling arm_sin_q31.c...
compiling arm_sqrt_q15.c...
compiling arm_sqrt_q31.c...
compiling arm_mat_add_f32.c...
compiling arm_mat_add_q15.c...
compiling arm_mat_add_q31.c...
compiling arm_mat_cmplx_mult_f32.c...
compiling arm_mat_cmplx_mult_q15.c...
compiling arm_mat_cmplx_mult_q31.c...
compiling arm_mat_init_f32.c...
compiling arm_mat_init_q15.c...
compiling arm_mat_init_q31.c...
compiling arm_mat_inverse_f32.c...
compiling arm_mat_inverse_f64.c...
compiling arm_mat_mult_f32.c...
compiling arm_mat_mult_fast_q15.c...
compiling arm_mat_mult_fast_q31.c...
compiling arm_mat_mult_q15.c...
compiling arm_mat_mult_q31.c...
compiling arm_mat_scale_f32.c...
compiling arm_mat_scale_q15.c...
compiling arm_mat_scale_q31.c...
compiling arm_mat_sub_f32.c...
compiling arm_mat_sub_q15.c...
compiling arm_mat_sub_q31.c...
compiling arm_mat_trans_f32.c...
compiling arm_mat_trans_q15.c...
compiling arm_mat_trans_q31.c...
assembling context_rvds.S...
compiling cpuport.c...
compiling clock.c...
compiling components.c...
compiling idle.c...
compiling ipc.c...
compiling irq.c...
compiling kservice.c...
compiling mem.c...
compiling mempool.c...
compiling object.c...
compiling scheduler.c...
compiling thread.c...
compiling timer.c...
compiling board.c...
linking...
Program Size: Code=40470 RO-data=1986 RW-data=680 ZI-data=27912  
".\Objects\CBoard.axf" - 0 Error(s), 0 Warning(s).

<h2>Software Packages used:</h2>

Package Vendor: RealThread
                https://www.rt-thread.org/download/mdk/RealThread.RT-Thread.3.1.5.pack
                RealThread.RT-Thread::RTOS:kernel:3.1.5
                RT-Thread Software Components
   * Component: kernel Version: 3.1.5

<h2>Collection of Component include folders:</h2>
  C:\Users\HW\Desktop\RM\2024暑假\队内赛\烧饼\sentry_V5.0\Project\RTE
  C:\Users\HW\Desktop\RM\2024暑假\队内赛\烧饼\sentry_V5.0\Project\RTE\RTOS
  D:\Keil5\Pack\Keil\STM32F4xx_DFP\2.17.1\Drivers\CMSIS\Device\ST\STM32F4xx\Include
  D:\Keil5\Pack\RealThread\RT-Thread\3.1.5\include

<h2>Collection of Component Files used:</h2>

   * Component: RealThread.RT-Thread::RTOS:kernel:3.1.5
      Source file:   src\mempool.c
      Source file:   src\kservice.c
      Source file:   src\object.c
      Source file:   src\irq.c
      Source file:   src\ipc.c
      Source file:   src\components.c
      Source file:   src\timer.c
      Source file:   src\thread.c
      Source file:   src\idle.c
      Source file:   src\mem.c
      Source file:   src\scheduler.c
      Source file:   src\clock.c
      Source file:   bsp\_template\board.c
      Include file:  bsp\_template\rtconfig.h
      Source file:   libcpu\arm\cortex-m4\context_rvds.S
      Source file:   libcpu\arm\cortex-m4\cpuport.c
</pre>
</body>
</html>
